[INFO] date=2021-05-22 01:35:19,724 application= host= thread=[DemoApp-system-akka.actor.default-dispatcher-4] class=com.joveo.fna_api_utilities.core.JoveoServer file=JoveoServer.scala method=$anonfun$startApp$1 line=71 - 
> application is up and running at localhost:8080
[ERROR] date=2021-05-22 01:36:06,951 application= host= thread=[DemoApp-system-akka.actor.default-dispatcher-4] class=com.joveo.fna_api_utilities.core.JoveoLogging file=JoveoLogging.scala method=logRequest line=97 - 
> elapsedTime=47718 path=/ method=GET statusCode=404 requestBody= responseBody={"errorCode":"invalid_endpoint","message":"The requested resource could not be found","errorType":"resource_unavailable_error"}
[ERROR] date=2021-05-22 01:36:07,009 application= host= thread=[DemoApp-system-akka.actor.default-dispatcher-5] class=com.joveo.fna_api_utilities.core.JoveoLogging file=JoveoLogging.scala method=logRequest line=97 - 
> elapsedTime=47778 path=/favicon.ico method=GET statusCode=404 requestBody= responseBody={"errorCode":"invalid_endpoint","message":"The requested resource could not be found","errorType":"resource_unavailable_error"}
[ERROR] date=2021-05-22 01:36:15,504 application= host= thread=[DemoApp-system-akka.actor.default-dispatcher-4] class=com.joveo.fna_api_utilities.core.JoveoLogging file=JoveoLogging.scala method=logRequest line=97 - 
> elapsedTime=56273 path=/api/client method=GET statusCode=404 requestBody= responseBody={"errorCode":"invalid_endpoint","message":"The requested resource could not be found","errorType":"resource_unavailable_error"}
[ERROR] date=2021-05-22 01:36:15,538 application= host= thread=[DemoApp-system-akka.actor.default-dispatcher-5] class=com.joveo.fna_api_utilities.core.JoveoLogging file=JoveoLogging.scala method=logRequest line=97 - 
> elapsedTime=56306 path=/favicon.ico method=GET statusCode=404 requestBody= responseBody={"errorCode":"invalid_endpoint","message":"The requested resource could not be found","errorType":"resource_unavailable_error"}
[ERROR] date=2021-05-22 01:36:17,714 application= host= thread=[DemoApp-system-akka.actor.default-dispatcher-5] class=com.joveo.fna_api_utilities.core.JoveoLogging file=JoveoLogging.scala method=logRequest line=97 - 
> elapsedTime=58483 path=/api/v1/client method=GET statusCode=401 requestBody= responseBody={"errorCode":"invalid_request","message":"Invalid value for: header MojoAccessToken","errorType":"invalid_request_error"}
[ERROR] date=2021-05-22 01:36:17,786 application= host= thread=[DemoApp-system-akka.actor.default-dispatcher-8] class=com.joveo.fna_api_utilities.core.JoveoLogging file=JoveoLogging.scala method=logRequest line=97 - 
> elapsedTime=58555 path=/favicon.ico method=GET statusCode=404 requestBody= responseBody={"errorCode":"invalid_endpoint","message":"The requested resource could not be found","errorType":"resource_unavailable_error"}
[INFO] date=2021-05-22 01:40:19,783 application= host= thread=[DemoApp-system-akka.actor.default-dispatcher-4] class=Application$ file=Application.scala method=$anonfun$getAllEndpoint$4 line=29 - 
> Get all clients
[INFO] date=2021-05-22 01:40:19,790 application= host= thread=[DemoApp-system-akka.actor.default-dispatcher-4] class=com.joveo.fna_api_utilities.core.JoveoLogging file=JoveoLogging.scala method=logRequest line=99 - 
> elapsedTime=300559 path=/api/v1/client method=GET statusCode=200
[ERROR] date=2021-05-22 01:40:40,316 application= host= thread=[DemoApp-system-akka.actor.default-dispatcher-5] class=com.joveo.fna_api_utilities.core.JoveoLogging file=JoveoLogging.scala method=logRequest line=97 - 
> elapsedTime=321085 path=/swagger method=GET statusCode=308 requestBody= responseBody=The request, and all future requests should be repeated using <a href="/swagger/index.html?url=/swagger/docs.yaml">this URI</a>.
[INFO] date=2021-05-22 01:40:40,391 application= host= thread=[DemoApp-system-akka.actor.default-dispatcher-5] class=com.joveo.fna_api_utilities.core.JoveoLogging file=JoveoLogging.scala method=logRequest line=99 - 
> elapsedTime=321160 path=/swagger/index.html method=GET statusCode=200
[INFO] date=2021-05-22 01:40:40,436 application= host= thread=[DemoApp-system-akka.actor.default-dispatcher-11] class=com.joveo.fna_api_utilities.core.JoveoLogging file=JoveoLogging.scala method=logRequest line=99 - 
> elapsedTime=321205 path=/swagger/swagger-ui.css method=GET statusCode=200
[INFO] date=2021-05-22 01:40:40,441 application= host= thread=[DemoApp-system-akka.actor.default-dispatcher-5] class=com.joveo.fna_api_utilities.core.JoveoLogging file=JoveoLogging.scala method=logRequest line=99 - 
> elapsedTime=321209 path=/swagger/swagger-ui-bundle.js method=GET statusCode=200
[INFO] date=2021-05-22 01:40:40,444 application= host= thread=[DemoApp-system-akka.actor.default-dispatcher-5] class=com.joveo.fna_api_utilities.core.JoveoLogging file=JoveoLogging.scala method=logRequest line=99 - 
> elapsedTime=321213 path=/swagger/swagger-ui-standalone-preset.js method=GET statusCode=200
[INFO] date=2021-05-22 01:40:40,669 application= host= thread=[DemoApp-system-akka.actor.default-dispatcher-5] class=com.joveo.fna_api_utilities.core.JoveoLogging file=JoveoLogging.scala method=logRequest line=99 - 
> elapsedTime=321438 path=/swagger/docs.yaml method=GET statusCode=200
[INFO] date=2021-05-22 01:40:40,690 application= host= thread=[DemoApp-system-akka.actor.default-dispatcher-5] class=com.joveo.fna_api_utilities.core.JoveoLogging file=JoveoLogging.scala method=logRequest line=99 - 
> elapsedTime=321458 path=/swagger/favicon-32x32.png method=GET statusCode=200
[INFO] date=2021-05-22 01:40:40,691 application= host= thread=[DemoApp-system-akka.actor.default-dispatcher-4] class=com.joveo.fna_api_utilities.core.JoveoLogging file=JoveoLogging.scala method=logRequest line=99 - 
> elapsedTime=321460 path=/swagger/favicon-16x16.png method=GET statusCode=200
[INFO] date=2021-05-22 01:44:07,473 application= host= thread=[DemoApp-system-akka.actor.default-dispatcher-5] class=com.joveo.fna_api_utilities.core.JoveoServer file=JoveoServer.scala method=$anonfun$startApp$1 line=71 - 
> application is up and running at localhost:8080
[INFO] date=2021-05-22 01:44:16,822 application= host= thread=[DemoApp-system-akka.actor.default-dispatcher-5] class=com.joveo.fna_api_utilities.core.JoveoLogging file=JoveoLogging.scala method=logRequest line=99 - 
> elapsedTime=9765 path=/swagger/index.html method=GET statusCode=200
[INFO] date=2021-05-22 01:44:16,948 application= host= thread=[DemoApp-system-akka.actor.default-dispatcher-4] class=com.joveo.fna_api_utilities.core.JoveoLogging file=JoveoLogging.scala method=logRequest line=99 - 
> elapsedTime=9892 path=/swagger/docs.yaml method=GET statusCode=200
[INFO] date=2021-05-24 10:39:52,687 application= host= thread=[main] class=com.mongodb.diagnostics.logging.SLF4JLogger file=SLF4JLogger.java method=info line=71 - 
> Cluster created with settings {hosts=[services-mongo.infra-dev.joveo.com:27000], mode=SINGLE, requiredClusterType=UNKNOWN, serverSelectionTimeout='30000 ms', maxWaitQueueSize=500}
[INFO] date=2021-05-24 10:39:53,832 application= host= thread=[DemoApp-system-akka.actor.default-dispatcher-5] class=com.joveo.fna_api_utilities.core.JoveoServer file=JoveoServer.scala method=$anonfun$startApp$1 line=71 - 
> application is up and running at localhost:8080
[INFO] date=2021-05-24 10:39:57,927 application= host= thread=[cluster-ClusterId{value='60ab35204d3f9b654b5ce2c5', description='null'}-services-mongo.infra-dev.joveo.com:27000] class=com.mongodb.diagnostics.logging.SLF4JLogger file=SLF4JLogger.java method=info line=71 - 
> Opened connection [connectionId{localValue:1, serverValue:3343818}] to services-mongo.infra-dev.joveo.com:27000
[INFO] date=2021-05-24 10:39:58,529 application= host= thread=[cluster-ClusterId{value='60ab35204d3f9b654b5ce2c5', description='null'}-services-mongo.infra-dev.joveo.com:27000] class=com.mongodb.diagnostics.logging.SLF4JLogger file=SLF4JLogger.java method=info line=71 - 
> Monitor thread successfully connected to server with description ServerDescription{address=services-mongo.infra-dev.joveo.com:27000, type=REPLICA_SET_PRIMARY, state=CONNECTED, ok=true, version=ServerVersion{versionList=[4, 0, 18]}, minWireVersion=0, maxWireVersion=7, maxDocumentSize=16777216, logicalSessionTimeoutMinutes=30, roundTripTimeNanos=598693261, setName='staging-mongo', canonicalAddress=172.16.10.25:27000, hosts=[172.16.10.25:27000], passives=[], arbiters=[], primary='172.16.10.25:27000', tagSet=TagSet{[]}, electionId=7fffffff0000000000000005, setVersion=1, lastWriteDate=Mon May 24 10:40:00 IST 2021, lastUpdateTimeNanos=208147649700579}
[INFO] date=2021-05-24 10:42:22,269 application= host= thread=[main] class=com.mongodb.diagnostics.logging.SLF4JLogger file=SLF4JLogger.java method=info line=71 - 
> Cluster created with settings {hosts=[services-mongo.infra-dev.joveo.com:27000], mode=SINGLE, requiredClusterType=UNKNOWN, serverSelectionTimeout='30000 ms', maxWaitQueueSize=500}
[INFO] date=2021-05-24 10:42:23,113 application= host= thread=[DemoApp-system-akka.actor.default-dispatcher-4] class=com.joveo.fna_api_utilities.core.JoveoServer file=JoveoServer.scala method=$anonfun$startApp$1 line=71 - 
> application is up and running at localhost:8080
[INFO] date=2021-05-24 10:42:25,530 application= host= thread=[cluster-ClusterId{value='60ab35b6e2ea99664ba1d3d5', description='null'}-services-mongo.infra-dev.joveo.com:27000] class=com.mongodb.diagnostics.logging.SLF4JLogger file=SLF4JLogger.java method=info line=71 - 
> Opened connection [connectionId{localValue:1, serverValue:3343889}] to services-mongo.infra-dev.joveo.com:27000
[INFO] date=2021-05-24 10:42:26,129 application= host= thread=[cluster-ClusterId{value='60ab35b6e2ea99664ba1d3d5', description='null'}-services-mongo.infra-dev.joveo.com:27000] class=com.mongodb.diagnostics.logging.SLF4JLogger file=SLF4JLogger.java method=info line=71 - 
> Monitor thread successfully connected to server with description ServerDescription{address=services-mongo.infra-dev.joveo.com:27000, type=REPLICA_SET_PRIMARY, state=CONNECTED, ok=true, version=ServerVersion{versionList=[4, 0, 18]}, minWireVersion=0, maxWireVersion=7, maxDocumentSize=16777216, logicalSessionTimeoutMinutes=30, roundTripTimeNanos=596834230, setName='staging-mongo', canonicalAddress=172.16.10.25:27000, hosts=[172.16.10.25:27000], passives=[], arbiters=[], primary='172.16.10.25:27000', tagSet=TagSet{[]}, electionId=7fffffff0000000000000005, setVersion=1, lastWriteDate=Mon May 24 10:42:30 IST 2021, lastUpdateTimeNanos=208295250071916}
[ERROR] date=2021-05-24 10:43:06,572 application= host= thread=[DemoApp-system-akka.actor.default-dispatcher-4] class=com.joveo.fna_api_utilities.core.JoveoLogging file=JoveoLogging.scala method=logRequest line=97 - 
> elapsedTime=43669 path=/api/v1/permission method=GET statusCode=500 requestBody= responseBody={"errorCode":"internal_server_error","message":"Internal server error","errorType":"api_error"}
[INFO] date=2021-05-24 10:43:11,222 application= host= thread=[Thread-5] class=com.mongodb.diagnostics.logging.SLF4JLogger file=SLF4JLogger.java method=info line=71 - 
> Opened connection [connectionId{localValue:2, serverValue:3343911}] to services-mongo.infra-dev.joveo.com:27000
[INFO] date=2021-05-24 10:44:04,035 application= host= thread=[main] class=com.mongodb.diagnostics.logging.SLF4JLogger file=SLF4JLogger.java method=info line=71 - 
> Cluster created with settings {hosts=[services-mongo.infra-dev.joveo.com:27000], mode=SINGLE, requiredClusterType=UNKNOWN, serverSelectionTimeout='30000 ms', maxWaitQueueSize=500}
[INFO] date=2021-05-24 10:44:05,152 application= host= thread=[DemoApp-system-akka.actor.default-dispatcher-4] class=com.joveo.fna_api_utilities.core.JoveoServer file=JoveoServer.scala method=$anonfun$startApp$1 line=71 - 
> application is up and running at localhost:8080
[INFO] date=2021-05-24 10:44:07,040 application= host= thread=[cluster-ClusterId{value='60ab361ce2ea996651b51864', description='null'}-services-mongo.infra-dev.joveo.com:27000] class=com.mongodb.diagnostics.logging.SLF4JLogger file=SLF4JLogger.java method=info line=71 - 
> Opened connection [connectionId{localValue:1, serverValue:3343933}] to services-mongo.infra-dev.joveo.com:27000
[INFO] date=2021-05-24 10:44:07,648 application= host= thread=[cluster-ClusterId{value='60ab361ce2ea996651b51864', description='null'}-services-mongo.infra-dev.joveo.com:27000] class=com.mongodb.diagnostics.logging.SLF4JLogger file=SLF4JLogger.java method=info line=71 - 
> Monitor thread successfully connected to server with description ServerDescription{address=services-mongo.infra-dev.joveo.com:27000, type=REPLICA_SET_PRIMARY, state=CONNECTED, ok=true, version=ServerVersion{versionList=[4, 0, 18]}, minWireVersion=0, maxWireVersion=7, maxDocumentSize=16777216, logicalSessionTimeoutMinutes=30, roundTripTimeNanos=598685680, setName='staging-mongo', canonicalAddress=172.16.10.25:27000, hosts=[172.16.10.25:27000], passives=[], arbiters=[], primary='172.16.10.25:27000', tagSet=TagSet{[]}, electionId=7fffffff0000000000000005, setVersion=1, lastWriteDate=Mon May 24 10:44:10 IST 2021, lastUpdateTimeNanos=208396761749077}
[ERROR] date=2021-05-24 10:55:49,213 application= host= thread=[DemoApp-system-akka.actor.default-dispatcher-4] class=com.joveo.fna_api_utilities.core.JoveoLogging file=JoveoLogging.scala method=logRequest line=97 - 
> elapsedTime=704355 path=/api/v1/permission method=GET statusCode=503 requestBody= responseBody={"errorCode":"timed_out","message":"The request took too long to process","errorType":"timeout_error"}
[ERROR] date=2021-05-24 10:55:49,292 application= host= thread=[DemoApp-system-akka.actor.default-dispatcher-5] class=com.joveo.fna_api_utilities.core.JoveoLogging file=JoveoLogging.scala method=logRequest line=97 - 
> elapsedTime=704437 path=/api/v1/permission method=GET statusCode=500 requestBody= responseBody={"errorCode":"internal_server_error","message":"Internal server error","errorType":"api_error"}
[INFO] date=2021-05-24 10:55:54,362 application= host= thread=[Thread-2] class=com.mongodb.diagnostics.logging.SLF4JLogger file=SLF4JLogger.java method=info line=71 - 
> Opened connection [connectionId{localValue:2, serverValue:3344194}] to services-mongo.infra-dev.joveo.com:27000
[INFO] date=2021-05-24 12:08:16,017 application= host= thread=[cluster-ClusterId{value='60ab361ce2ea996651b51864', description='null'}-services-mongo.infra-dev.joveo.com:27000] class=com.mongodb.diagnostics.logging.SLF4JLogger file=SLF4JLogger.java method=info line=76 - 
> Exception in monitor thread while connecting to server services-mongo.infra-dev.joveo.com:27000
com.mongodb.MongoSocketOpenException: Exception opening socket
	at com.mongodb.internal.connection.AsynchronousSocketChannelStream$OpenCompletionHandler.failed(AsynchronousSocketChannelStream.java:272)
	at java.base/sun.nio.ch.Invoker.invokeUnchecked(Invoker.java:129)
	at java.base/sun.nio.ch.UnixAsynchronousSocketChannelImpl.finishConnect(UnixAsynchronousSocketChannelImpl.java:283)
	at java.base/sun.nio.ch.UnixAsynchronousSocketChannelImpl.finish(UnixAsynchronousSocketChannelImpl.java:198)
	at java.base/sun.nio.ch.UnixAsynchronousSocketChannelImpl.onEvent(UnixAsynchronousSocketChannelImpl.java:213)
	at java.base/sun.nio.ch.KQueuePort$EventHandlerTask.run(KQueuePort.java:312)
	at java.base/sun.nio.ch.AsynchronousChannelGroupImpl$1.run(AsynchronousChannelGroupImpl.java:112)
	at java.base/java.util.concurrent.ThreadPoolExecutor.runWorker(ThreadPoolExecutor.java:1128)
	at java.base/java.util.concurrent.ThreadPoolExecutor$Worker.run(ThreadPoolExecutor.java:628)
	at java.base/java.lang.Thread.run(Thread.java:829)
Caused by: java.net.ConnectException: Operation timed out
	at java.base/sun.nio.ch.UnixAsynchronousSocketChannelImpl.checkConnect(Native Method)
	at java.base/sun.nio.ch.UnixAsynchronousSocketChannelImpl.finishConnect(UnixAsynchronousSocketChannelImpl.java:252)
	... 7 common frames omitted
[INFO] date=2021-05-24 12:08:28,750 application= host= thread=[cluster-ClusterId{value='60ab361ce2ea996651b51864', description='null'}-services-mongo.infra-dev.joveo.com:27000] class=com.mongodb.diagnostics.logging.SLF4JLogger file=SLF4JLogger.java method=info line=71 - 
> Opened connection [connectionId{localValue:4, serverValue:3346199}] to services-mongo.infra-dev.joveo.com:27000
[INFO] date=2021-05-24 12:08:29,354 application= host= thread=[cluster-ClusterId{value='60ab361ce2ea996651b51864', description='null'}-services-mongo.infra-dev.joveo.com:27000] class=com.mongodb.diagnostics.logging.SLF4JLogger file=SLF4JLogger.java method=info line=71 - 
> Monitor thread successfully connected to server with description ServerDescription{address=services-mongo.infra-dev.joveo.com:27000, type=REPLICA_SET_PRIMARY, state=CONNECTED, ok=true, version=ServerVersion{versionList=[4, 0, 18]}, minWireVersion=0, maxWireVersion=7, maxDocumentSize=16777216, logicalSessionTimeoutMinutes=30, roundTripTimeNanos=602790374, setName='staging-mongo', canonicalAddress=172.16.10.25:27000, hosts=[172.16.10.25:27000], passives=[], arbiters=[], primary='172.16.10.25:27000', tagSet=TagSet{[]}, electionId=7fffffff0000000000000005, setVersion=1, lastWriteDate=Mon May 24 12:08:30 IST 2021, lastUpdateTimeNanos=213373886048575}
[ERROR] date=2021-05-24 12:23:37,208 application= host= thread=[DemoApp-system-akka.actor.default-dispatcher-16] class=com.joveo.fna_api_utilities.core.JoveoLogging file=JoveoLogging.scala method=logRequest line=97 - 
> elapsedTime=5972352 path=/api/v1/permission method=GET statusCode=503 requestBody= responseBody={"errorCode":"timed_out","message":"The request took too long to process","errorType":"timeout_error"}
[INFO] date=2021-05-24 12:23:37,207 application= host= thread=[DemoApp-system-akka.actor.default-dispatcher-9] class=com.mongodb.diagnostics.logging.SLF4JLogger file=SLF4JLogger.java method=info line=71 - 
> Closed connection [connectionId{localValue:2, serverValue:3344194}] to services-mongo.infra-dev.joveo.com:27000 because there was a socket exception raised on another connection from this pool.
[ERROR] date=2021-05-24 12:23:37,224 application= host= thread=[DemoApp-system-akka.actor.default-dispatcher-9] class=com.joveo.fna_api_utilities.core.JoveoLogging file=JoveoLogging.scala method=logRequest line=97 - 
> elapsedTime=5972369 path=/api/v1/permission method=GET statusCode=500 requestBody= responseBody={"errorCode":"internal_server_error","message":"Internal server error","errorType":"api_error"}
[INFO] date=2021-05-24 12:23:57,846 application= host= thread=[main] class=com.mongodb.diagnostics.logging.SLF4JLogger file=SLF4JLogger.java method=info line=71 - 
> Cluster created with settings {hosts=[services-mongo.infra-dev.joveo.com:27000], mode=SINGLE, requiredClusterType=UNKNOWN, serverSelectionTimeout='30000 ms', maxWaitQueueSize=500}
[INFO] date=2021-05-24 12:23:58,812 application= host= thread=[DemoApp-system-akka.actor.default-dispatcher-6] class=com.joveo.fna_api_utilities.core.JoveoServer file=JoveoServer.scala method=$anonfun$startApp$1 line=71 - 
> application is up and running at localhost:8080
[INFO] date=2021-05-24 12:24:00,544 application= host= thread=[cluster-ClusterId{value='60ab4d854dec7968dbc16d6e', description='null'}-services-mongo.infra-dev.joveo.com:27000] class=com.mongodb.diagnostics.logging.SLF4JLogger file=SLF4JLogger.java method=info line=71 - 
> Opened connection [connectionId{localValue:1, serverValue:3347096}] to services-mongo.infra-dev.joveo.com:27000
[INFO] date=2021-05-24 12:24:01,154 application= host= thread=[cluster-ClusterId{value='60ab4d854dec7968dbc16d6e', description='null'}-services-mongo.infra-dev.joveo.com:27000] class=com.mongodb.diagnostics.logging.SLF4JLogger file=SLF4JLogger.java method=info line=71 - 
> Monitor thread successfully connected to server with description ServerDescription{address=services-mongo.infra-dev.joveo.com:27000, type=REPLICA_SET_PRIMARY, state=CONNECTED, ok=true, version=ServerVersion{versionList=[4, 0, 18]}, minWireVersion=0, maxWireVersion=7, maxDocumentSize=16777216, logicalSessionTimeoutMinutes=30, roundTripTimeNanos=599491323, setName='staging-mongo', canonicalAddress=172.16.10.25:27000, hosts=[172.16.10.25:27000], passives=[], arbiters=[], primary='172.16.10.25:27000', tagSet=TagSet{[]}, electionId=7fffffff0000000000000005, setVersion=1, lastWriteDate=Mon May 24 12:24:00 IST 2021, lastUpdateTimeNanos=214305665292528}
[INFO] date=2021-05-24 12:24:24,508 application= host= thread=[Thread-3] class=com.mongodb.diagnostics.logging.SLF4JLogger file=SLF4JLogger.java method=info line=71 - 
> Opened connection [connectionId{localValue:2, serverValue:3347107}] to services-mongo.infra-dev.joveo.com:27000
[INFO] date=2021-05-24 12:24:25,140 application= host= thread=[DemoApp-system-akka.actor.default-dispatcher-6] class=com.joveo.fna_api_utilities.core.JoveoLogging file=JoveoLogging.scala method=logRequest line=99 - 
> elapsedTime=26585 path=/api/v1/permission method=GET statusCode=200
[INFO] date=2021-05-24 12:50:12,810 application= host= thread=[cluster-ClusterId{value='60ab4d854dec7968dbc16d6e', description='null'}-services-mongo.infra-dev.joveo.com:27000] class=com.mongodb.diagnostics.logging.SLF4JLogger file=SLF4JLogger.java method=info line=76 - 
> Exception in monitor thread while connecting to server services-mongo.infra-dev.joveo.com:27000
com.mongodb.MongoSocketOpenException: Exception opening socket
	at com.mongodb.internal.connection.AsynchronousSocketChannelStream$OpenCompletionHandler.failed(AsynchronousSocketChannelStream.java:272)
	at java.base/sun.nio.ch.Invoker.invokeUnchecked(Invoker.java:129)
	at java.base/sun.nio.ch.Invoker$2.run(Invoker.java:219)
	at java.base/sun.nio.ch.AsynchronousChannelGroupImpl$1.run(AsynchronousChannelGroupImpl.java:112)
	at java.base/java.util.concurrent.ThreadPoolExecutor.runWorker(ThreadPoolExecutor.java:1128)
	at java.base/java.util.concurrent.ThreadPoolExecutor$Worker.run(ThreadPoolExecutor.java:628)
	at java.base/java.lang.Thread.run(Thread.java:829)
Caused by: java.net.ConnectException: Operation timed out
	at java.base/sun.nio.ch.UnixAsynchronousSocketChannelImpl.checkConnect(Native Method)
	at java.base/sun.nio.ch.UnixAsynchronousSocketChannelImpl.finishConnect(UnixAsynchronousSocketChannelImpl.java:252)
	at java.base/sun.nio.ch.UnixAsynchronousSocketChannelImpl.finish(UnixAsynchronousSocketChannelImpl.java:198)
	at java.base/sun.nio.ch.UnixAsynchronousSocketChannelImpl.onEvent(UnixAsynchronousSocketChannelImpl.java:213)
	at java.base/sun.nio.ch.KQueuePort$EventHandlerTask.run(KQueuePort.java:312)
	... 1 common frames omitted
[INFO] date=2021-05-24 12:51:51,032 application= host= thread=[cluster-ClusterId{value='60ab4d854dec7968dbc16d6e', description='null'}-services-mongo.infra-dev.joveo.com:27000] class=com.mongodb.diagnostics.logging.SLF4JLogger file=SLF4JLogger.java method=info line=71 - 
> Opened connection [connectionId{localValue:5, serverValue:3347765}] to services-mongo.infra-dev.joveo.com:27000
[INFO] date=2021-05-24 12:51:51,628 application= host= thread=[cluster-ClusterId{value='60ab4d854dec7968dbc16d6e', description='null'}-services-mongo.infra-dev.joveo.com:27000] class=com.mongodb.diagnostics.logging.SLF4JLogger file=SLF4JLogger.java method=info line=71 - 
> Monitor thread successfully connected to server with description ServerDescription{address=services-mongo.infra-dev.joveo.com:27000, type=REPLICA_SET_PRIMARY, state=CONNECTED, ok=true, version=ServerVersion{versionList=[4, 0, 18]}, minWireVersion=0, maxWireVersion=7, maxDocumentSize=16777216, logicalSessionTimeoutMinutes=30, roundTripTimeNanos=594392991, setName='staging-mongo', canonicalAddress=172.16.10.25:27000, hosts=[172.16.10.25:27000], passives=[], arbiters=[], primary='172.16.10.25:27000', tagSet=TagSet{[]}, electionId=7fffffff0000000000000005, setVersion=1, lastWriteDate=Mon May 24 12:51:51 IST 2021, lastUpdateTimeNanos=214550353879639}
[INFO] date=2021-05-24 16:39:29,263 application= host= thread=[cluster-ClusterId{value='60ab4d854dec7968dbc16d6e', description='null'}-services-mongo.infra-dev.joveo.com:27000] class=com.mongodb.diagnostics.logging.SLF4JLogger file=SLF4JLogger.java method=info line=76 - 
> Exception in monitor thread while connecting to server services-mongo.infra-dev.joveo.com:27000
com.mongodb.MongoSocketReadTimeoutException: Timeout while receiving message
	at com.mongodb.internal.connection.AsynchronousSocketChannelStream$BasicCompletionHandler.failed(AsynchronousSocketChannelStream.java:250)
	at com.mongodb.internal.connection.AsynchronousSocketChannelStream$BasicCompletionHandler.failed(AsynchronousSocketChannelStream.java:220)
	at java.base/sun.nio.ch.Invoker.invokeUnchecked(Invoker.java:129)
	at java.base/sun.nio.ch.Invoker$2.run(Invoker.java:219)
	at java.base/sun.nio.ch.AsynchronousChannelGroupImpl$1.run(AsynchronousChannelGroupImpl.java:112)
	at java.base/java.util.concurrent.ThreadPoolExecutor.runWorker(ThreadPoolExecutor.java:1128)
	at java.base/java.util.concurrent.ThreadPoolExecutor$Worker.run(ThreadPoolExecutor.java:628)
	at java.base/java.lang.Thread.run(Thread.java:829)
Caused by: java.nio.channels.InterruptedByTimeoutException: null
	at java.base/sun.nio.ch.UnixAsynchronousSocketChannelImpl$1.run(UnixAsynchronousSocketChannelImpl.java:465)
	at java.base/java.util.concurrent.Executors$RunnableAdapter.call(Executors.java:515)
	at java.base/java.util.concurrent.FutureTask.run$$$capture(FutureTask.java:264)
	at java.base/java.util.concurrent.FutureTask.run(FutureTask.java)
	at java.base/java.util.concurrent.ScheduledThreadPoolExecutor$ScheduledFutureTask.run(ScheduledThreadPoolExecutor.java:304)
	... 3 common frames omitted
[INFO] date=2021-05-24 16:39:43,538 application= host= thread=[cluster-ClusterId{value='60ab4d854dec7968dbc16d6e', description='null'}-services-mongo.infra-dev.joveo.com:27000] class=com.mongodb.diagnostics.logging.SLF4JLogger file=SLF4JLogger.java method=info line=71 - 
> Opened connection [connectionId{localValue:7, serverValue:3357509}] to services-mongo.infra-dev.joveo.com:27000
[INFO] date=2021-05-24 16:39:44,411 application= host= thread=[cluster-ClusterId{value='60ab4d854dec7968dbc16d6e', description='null'}-services-mongo.infra-dev.joveo.com:27000] class=com.mongodb.diagnostics.logging.SLF4JLogger file=SLF4JLogger.java method=info line=71 - 
> Monitor thread successfully connected to server with description ServerDescription{address=services-mongo.infra-dev.joveo.com:27000, type=REPLICA_SET_PRIMARY, state=CONNECTED, ok=true, version=ServerVersion{versionList=[4, 0, 18]}, minWireVersion=0, maxWireVersion=7, maxDocumentSize=16777216, logicalSessionTimeoutMinutes=30, roundTripTimeNanos=871127110, setName='staging-mongo', canonicalAddress=172.16.10.25:27000, hosts=[172.16.10.25:27000], passives=[], arbiters=[], primary='172.16.10.25:27000', tagSet=TagSet{[]}, electionId=7fffffff0000000000000005, setVersion=1, lastWriteDate=Mon May 24 16:39:50 IST 2021, lastUpdateTimeNanos=228222962704572}
[INFO] date=2021-05-24 17:10:15,277 application= host= thread=[cluster-ClusterId{value='60ab4d854dec7968dbc16d6e', description='null'}-services-mongo.infra-dev.joveo.com:27000] class=com.mongodb.diagnostics.logging.SLF4JLogger file=SLF4JLogger.java method=info line=71 - 
> Opened connection [connectionId{localValue:8, serverValue:3358264}] to services-mongo.infra-dev.joveo.com:27000
[INFO] date=2021-05-24 17:11:06,583 application= host= thread=[cluster-ClusterId{value='60ab4d854dec7968dbc16d6e', description='null'}-services-mongo.infra-dev.joveo.com:27000] class=com.mongodb.diagnostics.logging.SLF4JLogger file=SLF4JLogger.java method=info line=71 - 
> Opened connection [connectionId{localValue:9, serverValue:3358285}] to services-mongo.infra-dev.joveo.com:27000
[INFO] date=2021-05-24 17:13:16,476 application= host= thread=[cluster-ClusterId{value='60ab4d854dec7968dbc16d6e', description='null'}-services-mongo.infra-dev.joveo.com:27000] class=com.mongodb.diagnostics.logging.SLF4JLogger file=SLF4JLogger.java method=info line=71 - 
> Opened connection [connectionId{localValue:10, serverValue:3358326}] to services-mongo.infra-dev.joveo.com:27000
[INFO] date=2021-05-24 17:17:16,722 application= host= thread=[cluster-ClusterId{value='60ab4d854dec7968dbc16d6e', description='null'}-services-mongo.infra-dev.joveo.com:27000] class=com.mongodb.diagnostics.logging.SLF4JLogger file=SLF4JLogger.java method=info line=76 - 
> Exception in monitor thread while connecting to server services-mongo.infra-dev.joveo.com:27000
com.mongodb.MongoSocketException: services-mongo.infra-dev.joveo.com: nodename nor servname provided, or not known
	at com.mongodb.ServerAddress.getSocketAddress(ServerAddress.java:188)
	at com.mongodb.internal.connection.AsynchronousSocketChannelStream.openAsync(AsynchronousSocketChannelStream.java:86)
	at com.mongodb.internal.connection.AsynchronousSocketChannelStream.open(AsynchronousSocketChannelStream.java:67)
	at com.mongodb.internal.connection.InternalStreamConnection.open(InternalStreamConnection.java:126)
	at com.mongodb.internal.connection.DefaultServerMonitor$ServerMonitorRunnable.run(DefaultServerMonitor.java:131)
	at java.base/java.lang.Thread.run(Thread.java:829)
Caused by: java.net.UnknownHostException: services-mongo.infra-dev.joveo.com: nodename nor servname provided, or not known
	at java.base/java.net.Inet6AddressImpl.lookupAllHostAddr(Native Method)
	at java.base/java.net.InetAddress$PlatformNameService.lookupAllHostAddr(InetAddress.java:929)
	at java.base/java.net.InetAddress.getAddressesFromNameService(InetAddress.java:1515)
	at java.base/java.net.InetAddress$NameServiceAddresses.get(InetAddress.java:848)
	at java.base/java.net.InetAddress.getAllByName0(InetAddress.java:1505)
	at java.base/java.net.InetAddress.getAllByName(InetAddress.java:1364)
	at java.base/java.net.InetAddress.getAllByName(InetAddress.java:1298)
	at java.base/java.net.InetAddress.getByName(InetAddress.java:1248)
	at com.mongodb.ServerAddress.getSocketAddress(ServerAddress.java:186)
	... 5 common frames omitted
[INFO] date=2021-05-24 17:18:24,177 application= host= thread=[cluster-ClusterId{value='60ab4d854dec7968dbc16d6e', description='null'}-services-mongo.infra-dev.joveo.com:27000] class=com.mongodb.diagnostics.logging.SLF4JLogger file=SLF4JLogger.java method=info line=71 - 
> Opened connection [connectionId{localValue:12, serverValue:3358452}] to services-mongo.infra-dev.joveo.com:27000
[INFO] date=2021-05-24 17:18:25,058 application= host= thread=[cluster-ClusterId{value='60ab4d854dec7968dbc16d6e', description='null'}-services-mongo.infra-dev.joveo.com:27000] class=com.mongodb.diagnostics.logging.SLF4JLogger file=SLF4JLogger.java method=info line=71 - 
> Monitor thread successfully connected to server with description ServerDescription{address=services-mongo.infra-dev.joveo.com:27000, type=REPLICA_SET_PRIMARY, state=CONNECTED, ok=true, version=ServerVersion{versionList=[4, 0, 18]}, minWireVersion=0, maxWireVersion=7, maxDocumentSize=16777216, logicalSessionTimeoutMinutes=30, roundTripTimeNanos=880283924, setName='staging-mongo', canonicalAddress=172.16.10.25:27000, hosts=[172.16.10.25:27000], passives=[], arbiters=[], primary='172.16.10.25:27000', tagSet=TagSet{[]}, electionId=7fffffff0000000000000005, setVersion=1, lastWriteDate=Mon May 24 17:18:30 IST 2021, lastUpdateTimeNanos=230543591002682}
[INFO] date=2021-05-24 17:19:44,078 application= host= thread=[cluster-ClusterId{value='60ab4d854dec7968dbc16d6e', description='null'}-services-mongo.infra-dev.joveo.com:27000] class=com.mongodb.diagnostics.logging.SLF4JLogger file=SLF4JLogger.java method=info line=76 - 
> Exception in monitor thread while connecting to server services-mongo.infra-dev.joveo.com:27000
com.mongodb.MongoSocketException: services-mongo.infra-dev.joveo.com: nodename nor servname provided, or not known
	at com.mongodb.ServerAddress.getSocketAddress(ServerAddress.java:188)
	at com.mongodb.internal.connection.AsynchronousSocketChannelStream.openAsync(AsynchronousSocketChannelStream.java:86)
	at com.mongodb.internal.connection.AsynchronousSocketChannelStream.open(AsynchronousSocketChannelStream.java:67)
	at com.mongodb.internal.connection.InternalStreamConnection.open(InternalStreamConnection.java:126)
	at com.mongodb.internal.connection.DefaultServerMonitor$ServerMonitorRunnable.run(DefaultServerMonitor.java:131)
	at java.base/java.lang.Thread.run(Thread.java:829)
Caused by: java.net.UnknownHostException: services-mongo.infra-dev.joveo.com: nodename nor servname provided, or not known
	at java.base/java.net.Inet6AddressImpl.lookupAllHostAddr(Native Method)
	at java.base/java.net.InetAddress$PlatformNameService.lookupAllHostAddr(InetAddress.java:929)
	at java.base/java.net.InetAddress.getAddressesFromNameService(InetAddress.java:1515)
	at java.base/java.net.InetAddress$NameServiceAddresses.get(InetAddress.java:848)
	at java.base/java.net.InetAddress.getAllByName0(InetAddress.java:1505)
	at java.base/java.net.InetAddress.getAllByName(InetAddress.java:1364)
	at java.base/java.net.InetAddress.getAllByName(InetAddress.java:1298)
	at java.base/java.net.InetAddress.getByName(InetAddress.java:1248)
	at com.mongodb.ServerAddress.getSocketAddress(ServerAddress.java:186)
	... 5 common frames omitted
[INFO] date=2021-05-24 17:20:36,988 application= host= thread=[cluster-ClusterId{value='60ab4d854dec7968dbc16d6e', description='null'}-services-mongo.infra-dev.joveo.com:27000] class=com.mongodb.diagnostics.logging.SLF4JLogger file=SLF4JLogger.java method=info line=71 - 
> Opened connection [connectionId{localValue:15, serverValue:3358507}] to services-mongo.infra-dev.joveo.com:27000
[INFO] date=2021-05-24 17:20:40,595 application= host= thread=[cluster-ClusterId{value='60ab4d854dec7968dbc16d6e', description='null'}-services-mongo.infra-dev.joveo.com:27000] class=com.mongodb.diagnostics.logging.SLF4JLogger file=SLF4JLogger.java method=info line=71 - 
> Monitor thread successfully connected to server with description ServerDescription{address=services-mongo.infra-dev.joveo.com:27000, type=REPLICA_SET_PRIMARY, state=CONNECTED, ok=true, version=ServerVersion{versionList=[4, 0, 18]}, minWireVersion=0, maxWireVersion=7, maxDocumentSize=16777216, logicalSessionTimeoutMinutes=30, roundTripTimeNanos=3605901244, setName='staging-mongo', canonicalAddress=172.16.10.25:27000, hosts=[172.16.10.25:27000], passives=[], arbiters=[], primary='172.16.10.25:27000', tagSet=TagSet{[]}, electionId=7fffffff0000000000000005, setVersion=1, lastWriteDate=Mon May 24 17:20:40 IST 2021, lastUpdateTimeNanos=230679127205038}
[INFO] date=2021-05-24 17:21:47,000 application= host= thread=[cluster-ClusterId{value='60ab4d854dec7968dbc16d6e', description='null'}-services-mongo.infra-dev.joveo.com:27000] class=com.mongodb.diagnostics.logging.SLF4JLogger file=SLF4JLogger.java method=info line=71 - 
> Opened connection [connectionId{localValue:16, serverValue:3358528}] to services-mongo.infra-dev.joveo.com:27000
[INFO] date=2021-05-24 17:23:31,844 application= host= thread=[cluster-ClusterId{value='60ab4d854dec7968dbc16d6e', description='null'}-services-mongo.infra-dev.joveo.com:27000] class=com.mongodb.diagnostics.logging.SLF4JLogger file=SLF4JLogger.java method=info line=71 - 
> Opened connection [connectionId{localValue:17, serverValue:3358567}] to services-mongo.infra-dev.joveo.com:27000
[INFO] date=2021-05-24 17:41:19,565 application= host= thread=[main] class=com.mongodb.diagnostics.logging.SLF4JLogger file=SLF4JLogger.java method=info line=71 - 
> Cluster created with settings {hosts=[services-mongo.infra-dev.joveo.com:27000], mode=SINGLE, requiredClusterType=UNKNOWN, serverSelectionTimeout='30000 ms', maxWaitQueueSize=500}
[INFO] date=2021-05-24 17:41:20,483 application= host= thread=[DemoApp-system-akka.actor.default-dispatcher-7] class=com.joveo.fna_api_utilities.core.JoveoServer file=JoveoServer.scala method=$anonfun$startApp$1 line=71 - 
> application is up and running at localhost:8080
[INFO] date=2021-05-24 17:42:34,803 application= host= thread=[cluster-ClusterId{value='60ab97e797d11b6e9fef9cae', description='null'}-services-mongo.infra-dev.joveo.com:27000] class=com.mongodb.diagnostics.logging.SLF4JLogger file=SLF4JLogger.java method=info line=76 - 
> Exception in monitor thread while connecting to server services-mongo.infra-dev.joveo.com:27000
com.mongodb.MongoSocketOpenException: Exception opening socket
	at com.mongodb.internal.connection.AsynchronousSocketChannelStream$OpenCompletionHandler.failed(AsynchronousSocketChannelStream.java:272)
	at java.base/sun.nio.ch.Invoker.invokeUnchecked(Invoker.java:129)
	at java.base/sun.nio.ch.Invoker$2.run(Invoker.java:219)
	at java.base/sun.nio.ch.AsynchronousChannelGroupImpl$1.run(AsynchronousChannelGroupImpl.java:112)
	at java.base/java.util.concurrent.ThreadPoolExecutor.runWorker(ThreadPoolExecutor.java:1128)
	at java.base/java.util.concurrent.ThreadPoolExecutor$Worker.run(ThreadPoolExecutor.java:628)
	at java.base/java.lang.Thread.run(Thread.java:829)
Caused by: java.net.ConnectException: Operation timed out
	at java.base/sun.nio.ch.UnixAsynchronousSocketChannelImpl.checkConnect(Native Method)
	at java.base/sun.nio.ch.UnixAsynchronousSocketChannelImpl.finishConnect(UnixAsynchronousSocketChannelImpl.java:252)
	at java.base/sun.nio.ch.UnixAsynchronousSocketChannelImpl.finish(UnixAsynchronousSocketChannelImpl.java:198)
	at java.base/sun.nio.ch.UnixAsynchronousSocketChannelImpl.onEvent(UnixAsynchronousSocketChannelImpl.java:213)
	at java.base/sun.nio.ch.KQueuePort$EventHandlerTask.run(KQueuePort.java:312)
	... 1 common frames omitted
[INFO] date=2021-05-24 22:40:08,701 application= host= thread=[main] class=com.mongodb.diagnostics.logging.SLF4JLogger file=SLF4JLogger.java method=info line=71 - 
> Cluster created with settings {hosts=[services-mongo.infra-dev.joveo.com:27000], mode=SINGLE, requiredClusterType=UNKNOWN, serverSelectionTimeout='30000 ms', maxWaitQueueSize=500}
[INFO] date=2021-05-24 22:40:09,683 application= host= thread=[DemoApp-system-akka.actor.default-dispatcher-6] class=com.joveo.fna_api_utilities.core.JoveoServer file=JoveoServer.scala method=$anonfun$startApp$1 line=71 - 
> application is up and running at localhost:8080
[INFO] date=2021-05-24 22:41:23,952 application= host= thread=[cluster-ClusterId{value='60abddf0f4dddb704703b0fb', description='null'}-services-mongo.infra-dev.joveo.com:27000] class=com.mongodb.diagnostics.logging.SLF4JLogger file=SLF4JLogger.java method=info line=76 - 
> Exception in monitor thread while connecting to server services-mongo.infra-dev.joveo.com:27000
com.mongodb.MongoSocketOpenException: Exception opening socket
	at com.mongodb.internal.connection.AsynchronousSocketChannelStream$OpenCompletionHandler.failed(AsynchronousSocketChannelStream.java:272)
	at java.base/sun.nio.ch.Invoker.invokeUnchecked(Invoker.java:129)
	at java.base/sun.nio.ch.Invoker$2.run(Invoker.java:219)
	at java.base/sun.nio.ch.AsynchronousChannelGroupImpl$1.run(AsynchronousChannelGroupImpl.java:112)
	at java.base/java.util.concurrent.ThreadPoolExecutor.runWorker(ThreadPoolExecutor.java:1128)
	at java.base/java.util.concurrent.ThreadPoolExecutor$Worker.run(ThreadPoolExecutor.java:628)
	at java.base/java.lang.Thread.run(Thread.java:829)
Caused by: java.net.ConnectException: Operation timed out
	at java.base/sun.nio.ch.UnixAsynchronousSocketChannelImpl.checkConnect(Native Method)
	at java.base/sun.nio.ch.UnixAsynchronousSocketChannelImpl.finishConnect(UnixAsynchronousSocketChannelImpl.java:252)
	at java.base/sun.nio.ch.UnixAsynchronousSocketChannelImpl.finish(UnixAsynchronousSocketChannelImpl.java:198)
	at java.base/sun.nio.ch.UnixAsynchronousSocketChannelImpl.onEvent(UnixAsynchronousSocketChannelImpl.java:213)
	at java.base/sun.nio.ch.KQueuePort$EventHandlerTask.run(KQueuePort.java:312)
	... 1 common frames omitted
[INFO] date=2021-05-24 22:43:02,440 application= host= thread=[cluster-ClusterId{value='60abddf0f4dddb704703b0fb', description='null'}-services-mongo.infra-dev.joveo.com:27000] class=com.mongodb.diagnostics.logging.SLF4JLogger file=SLF4JLogger.java method=info line=71 - 
> Opened connection [connectionId{localValue:3, serverValue:3368211}] to services-mongo.infra-dev.joveo.com:27000
[INFO] date=2021-05-24 22:43:03,050 application= host= thread=[cluster-ClusterId{value='60abddf0f4dddb704703b0fb', description='null'}-services-mongo.infra-dev.joveo.com:27000] class=com.mongodb.diagnostics.logging.SLF4JLogger file=SLF4JLogger.java method=info line=71 - 
> Monitor thread successfully connected to server with description ServerDescription{address=services-mongo.infra-dev.joveo.com:27000, type=REPLICA_SET_PRIMARY, state=CONNECTED, ok=true, version=ServerVersion{versionList=[4, 0, 18]}, minWireVersion=0, maxWireVersion=7, maxDocumentSize=16777216, logicalSessionTimeoutMinutes=30, roundTripTimeNanos=608735073, setName='staging-mongo', canonicalAddress=172.16.10.25:27000, hosts=[172.16.10.25:27000], passives=[], arbiters=[], primary='172.16.10.25:27000', tagSet=TagSet{[]}, electionId=7fffffff0000000000000005, setVersion=1, lastWriteDate=Mon May 24 22:43:11 IST 2021, lastUpdateTimeNanos=238821455653485}
[INFO] date=2021-05-24 22:48:30,780 application= host= thread=[cluster-ClusterId{value='60abddf0f4dddb704703b0fb', description='null'}-services-mongo.infra-dev.joveo.com:27000] class=com.mongodb.diagnostics.logging.SLF4JLogger file=SLF4JLogger.java method=info line=76 - 
> Exception in monitor thread while connecting to server services-mongo.infra-dev.joveo.com:27000
com.mongodb.MongoSocketOpenException: Exception opening socket
	at com.mongodb.internal.connection.AsynchronousSocketChannelStream$OpenCompletionHandler.failed(AsynchronousSocketChannelStream.java:272)
	at java.base/sun.nio.ch.Invoker.invokeUnchecked(Invoker.java:129)
	at java.base/sun.nio.ch.UnixAsynchronousSocketChannelImpl.finishConnect(UnixAsynchronousSocketChannelImpl.java:283)
	at java.base/sun.nio.ch.UnixAsynchronousSocketChannelImpl.finish(UnixAsynchronousSocketChannelImpl.java:198)
	at java.base/sun.nio.ch.UnixAsynchronousSocketChannelImpl.onEvent(UnixAsynchronousSocketChannelImpl.java:213)
	at java.base/sun.nio.ch.KQueuePort$EventHandlerTask.run(KQueuePort.java:312)
	at java.base/sun.nio.ch.AsynchronousChannelGroupImpl$1.run(AsynchronousChannelGroupImpl.java:112)
	at java.base/java.util.concurrent.ThreadPoolExecutor.runWorker(ThreadPoolExecutor.java:1128)
	at java.base/java.util.concurrent.ThreadPoolExecutor$Worker.run(ThreadPoolExecutor.java:628)
	at java.base/java.lang.Thread.run(Thread.java:829)
Caused by: java.net.ConnectException: Operation timed out
	at java.base/sun.nio.ch.UnixAsynchronousSocketChannelImpl.checkConnect(Native Method)
	at java.base/sun.nio.ch.UnixAsynchronousSocketChannelImpl.finishConnect(UnixAsynchronousSocketChannelImpl.java:252)
	... 7 common frames omitted
[INFO] date=2021-05-25 09:52:08,136 application= host= thread=[cluster-ClusterId{value='60abddf0f4dddb704703b0fb', description='null'}-services-mongo.infra-dev.joveo.com:27000] class=com.mongodb.diagnostics.logging.SLF4JLogger file=SLF4JLogger.java method=info line=71 - 
> Opened connection [connectionId{localValue:63, serverValue:3385182}] to services-mongo.infra-dev.joveo.com:27000
[INFO] date=2021-05-25 09:52:08,720 application= host= thread=[cluster-ClusterId{value='60abddf0f4dddb704703b0fb', description='null'}-services-mongo.infra-dev.joveo.com:27000] class=com.mongodb.diagnostics.logging.SLF4JLogger file=SLF4JLogger.java method=info line=71 - 
> Monitor thread successfully connected to server with description ServerDescription{address=services-mongo.infra-dev.joveo.com:27000, type=REPLICA_SET_PRIMARY, state=CONNECTED, ok=true, version=ServerVersion{versionList=[4, 0, 18]}, minWireVersion=0, maxWireVersion=7, maxDocumentSize=16777216, logicalSessionTimeoutMinutes=30, roundTripTimeNanos=569216833, setName='staging-mongo', canonicalAddress=172.16.10.25:27000, hosts=[172.16.10.25:27000], passives=[], arbiters=[], primary='172.16.10.25:27000', tagSet=TagSet{[]}, electionId=7fffffff0000000000000005, setVersion=1, lastWriteDate=Tue May 25 09:52:12 IST 2021, lastUpdateTimeNanos=243915370103146}
[INFO] date=2021-05-25 09:56:14,471 application= host= thread=[main] class=com.mongodb.diagnostics.logging.SLF4JLogger file=SLF4JLogger.java method=info line=71 - 
> Cluster created with settings {hosts=[services-mongo.infra-dev.joveo.com:27000], mode=SINGLE, requiredClusterType=UNKNOWN, serverSelectionTimeout='30000 ms', maxWaitQueueSize=500}
[INFO] date=2021-05-25 09:56:15,601 application= host= thread=[DemoApp-system-akka.actor.default-dispatcher-8] class=com.joveo.fna_api_utilities.core.JoveoServer file=JoveoServer.scala method=$anonfun$startApp$1 line=71 - 
> application is up and running at localhost:8080
[INFO] date=2021-05-25 09:56:17,400 application= host= thread=[cluster-ClusterId{value='60ac7c66e3d41976c94a1c90', description='null'}-services-mongo.infra-dev.joveo.com:27000] class=com.mongodb.diagnostics.logging.SLF4JLogger file=SLF4JLogger.java method=info line=71 - 
> Opened connection [connectionId{localValue:1, serverValue:3385322}] to services-mongo.infra-dev.joveo.com:27000
[INFO] date=2021-05-25 09:56:17,990 application= host= thread=[cluster-ClusterId{value='60ac7c66e3d41976c94a1c90', description='null'}-services-mongo.infra-dev.joveo.com:27000] class=com.mongodb.diagnostics.logging.SLF4JLogger file=SLF4JLogger.java method=info line=71 - 
> Monitor thread successfully connected to server with description ServerDescription{address=services-mongo.infra-dev.joveo.com:27000, type=REPLICA_SET_PRIMARY, state=CONNECTED, ok=true, version=ServerVersion{versionList=[4, 0, 18]}, minWireVersion=0, maxWireVersion=7, maxDocumentSize=16777216, logicalSessionTimeoutMinutes=30, roundTripTimeNanos=586484325, setName='staging-mongo', canonicalAddress=172.16.10.25:27000, hosts=[172.16.10.25:27000], passives=[], arbiters=[], primary='172.16.10.25:27000', tagSet=TagSet{[]}, electionId=7fffffff0000000000000005, setVersion=1, lastWriteDate=Tue May 25 09:56:22 IST 2021, lastUpdateTimeNanos=244164647484060}
[ERROR] date=2021-05-25 09:58:04,804 application= host= thread=[DemoApp-system-akka.actor.default-dispatcher-7] class=com.joveo.fna_api_utilities.core.JoveoLogging file=JoveoLogging.scala method=logRequest line=97 - 
> elapsedTime=109483 path=/api/v1/permission method=GET statusCode=400 requestBody= responseBody={"errorCode":"invalid_request","message":"Invalid value for: query parameter permissionName","errorType":"invalid_request_error"}
[INFO] date=2021-05-25 09:58:55,104 application= host= thread=[main] class=com.mongodb.diagnostics.logging.SLF4JLogger file=SLF4JLogger.java method=info line=71 - 
> Cluster created with settings {hosts=[services-mongo.infra-dev.joveo.com:27000], mode=SINGLE, requiredClusterType=UNKNOWN, serverSelectionTimeout='30000 ms', maxWaitQueueSize=500}
[INFO] date=2021-05-25 09:58:56,211 application= host= thread=[DemoApp-system-akka.actor.default-dispatcher-5] class=com.joveo.fna_api_utilities.core.JoveoServer file=JoveoServer.scala method=$anonfun$startApp$1 line=71 - 
> application is up and running at localhost:8080
[INFO] date=2021-05-25 09:58:58,079 application= host= thread=[cluster-ClusterId{value='60ac7d07e3d41976d9672c17', description='null'}-services-mongo.infra-dev.joveo.com:27000] class=com.mongodb.diagnostics.logging.SLF4JLogger file=SLF4JLogger.java method=info line=71 - 
> Opened connection [connectionId{localValue:1, serverValue:3385396}] to services-mongo.infra-dev.joveo.com:27000
[INFO] date=2021-05-25 09:58:58,635 application= host= thread=[cluster-ClusterId{value='60ac7d07e3d41976d9672c17', description='null'}-services-mongo.infra-dev.joveo.com:27000] class=com.mongodb.diagnostics.logging.SLF4JLogger file=SLF4JLogger.java method=info line=71 - 
> Monitor thread successfully connected to server with description ServerDescription{address=services-mongo.infra-dev.joveo.com:27000, type=REPLICA_SET_PRIMARY, state=CONNECTED, ok=true, version=ServerVersion{versionList=[4, 0, 18]}, minWireVersion=0, maxWireVersion=7, maxDocumentSize=16777216, logicalSessionTimeoutMinutes=30, roundTripTimeNanos=545779169, setName='staging-mongo', canonicalAddress=172.16.10.25:27000, hosts=[172.16.10.25:27000], passives=[], arbiters=[], primary='172.16.10.25:27000', tagSet=TagSet{[]}, electionId=7fffffff0000000000000005, setVersion=1, lastWriteDate=Tue May 25 09:59:02 IST 2021, lastUpdateTimeNanos=244325289462078}
[ERROR] date=2021-05-25 09:59:10,285 application= host= thread=[DemoApp-system-akka.actor.default-dispatcher-5] class=com.joveo.fna_api_utilities.core.JoveoLogging file=JoveoLogging.scala method=logRequest line=97 - 
> elapsedTime=14336 path=/api/v1/permission method=GET statusCode=400 requestBody= responseBody={"errorCode":"invalid_request","message":"Invalid value for: query parameter permissionName","errorType":"invalid_request_error"}
[INFO] date=2021-05-25 09:59:47,022 application= host= thread=[Thread-4] class=com.mongodb.diagnostics.logging.SLF4JLogger file=SLF4JLogger.java method=info line=71 - 
> Opened connection [connectionId{localValue:2, serverValue:3385417}] to services-mongo.infra-dev.joveo.com:27000
[INFO] date=2021-05-25 09:59:47,630 application= host= thread=[DemoApp-system-akka.actor.default-dispatcher-4] class=com.joveo.fna_api_utilities.core.JoveoLogging file=JoveoLogging.scala method=logRequest line=99 - 
> elapsedTime=51683 path=/api/v1/permission method=GET statusCode=200
[ERROR] date=2021-05-25 10:09:45,996 application= host= thread=[DemoApp-system-akka.actor.default-dispatcher-17] class=com.joveo.fna_api_utilities.core.JoveoLogging file=JoveoLogging.scala method=logRequest line=97 - 
> elapsedTime=650049 path=/api/v1/permission method=POST statusCode=400 requestBody={
    "permissionName" : "dummy permission",
    "description" : "dummy permission ",
    "isAllowed" : true 
} responseBody={"errorCode":"invalid_request","message":"Invalid value for: body (No usable value for permissionId\nDid not find value which can be converted into java.lang.String)","errorType":"invalid_request_error"}
[ERROR] date=2021-05-25 10:10:06,708 application= host= thread=[DemoApp-system-akka.actor.default-dispatcher-17] class=com.joveo.fna_api_utilities.core.JoveoLogging file=JoveoLogging.scala method=logRequest line=97 - 
> elapsedTime=670761 path=/api/v1/permission method=POST statusCode=400 requestBody={
    "permissionName" : "dummy permission",
    "description" : "dummy permission ",
    "createdBy" : "Kush Singh",
    "isAllowed" : true 
} responseBody={"errorCode":"invalid_request","message":"Invalid value for: body (No usable value for permissionId\nDid not find value which can be converted into java.lang.String)","errorType":"invalid_request_error"}
[INFO] date=2021-05-25 10:11:25,782 application= host= thread=[DemoApp-system-akka.actor.default-dispatcher-21] class=kamon.util.logger.LazyLogger file=LazyLogger.scala method=info line=35 - 
> Inserted into DB
[INFO] date=2021-05-25 10:11:30,937 application= host= thread=[Thread-2] class=com.mongodb.diagnostics.logging.SLF4JLogger file=SLF4JLogger.java method=info line=71 - 
> Opened connection [connectionId{localValue:3, serverValue:3385840}] to services-mongo.infra-dev.joveo.com:27000
[INFO] date=2021-05-25 10:11:31,525 application= host= thread=[DemoApp-system-akka.actor.default-dispatcher-19] class=com.joveo.fna_api_utilities.core.JoveoLogging file=JoveoLogging.scala method=logRequest line=99 - 
> elapsedTime=755578 path=/api/v1/permission method=POST statusCode=200
[INFO] date=2021-05-25 10:15:21,059 application= host= thread=[DemoApp-system-akka.actor.default-dispatcher-17] class=kamon.util.logger.LazyLogger file=LazyLogger.scala method=info line=35 - 
> Inserted into DB
[INFO] date=2021-05-25 10:15:21,608 application= host= thread=[DemoApp-system-akka.actor.default-dispatcher-17] class=com.joveo.fna_api_utilities.core.JoveoLogging file=JoveoLogging.scala method=logRequest line=99 - 
> elapsedTime=985661 path=/api/v1/permission method=POST statusCode=200
[INFO] date=2021-05-25 10:21:22,673 application= host= thread=[main] class=com.mongodb.diagnostics.logging.SLF4JLogger file=SLF4JLogger.java method=info line=71 - 
> Cluster created with settings {hosts=[mongodb:27017], mode=SINGLE, requiredClusterType=UNKNOWN, serverSelectionTimeout='30000 ms', maxWaitQueueSize=500}
[INFO] date=2021-05-25 10:21:23,800 application= host= thread=[DemoApp-system-akka.actor.default-dispatcher-6] class=com.joveo.fna_api_utilities.core.JoveoServer file=JoveoServer.scala method=$anonfun$startApp$1 line=71 - 
> application is up and running at localhost:8080
[INFO] date=2021-05-25 10:22:38,105 application= host= thread=[cluster-ClusterId{value='60ac824ae3d41977310f1510', description='null'}-mongodb:27017] class=com.mongodb.diagnostics.logging.SLF4JLogger file=SLF4JLogger.java method=info line=76 - 
> Exception in monitor thread while connecting to server mongodb:27017
com.mongodb.MongoSocketOpenException: Exception opening socket
	at com.mongodb.internal.connection.AsynchronousSocketChannelStream$OpenCompletionHandler.failed(AsynchronousSocketChannelStream.java:272)
	at java.base/sun.nio.ch.Invoker.invokeUnchecked(Invoker.java:129)
	at java.base/sun.nio.ch.Invoker$2.run(Invoker.java:219)
	at java.base/sun.nio.ch.AsynchronousChannelGroupImpl$1.run(AsynchronousChannelGroupImpl.java:112)
	at java.base/java.util.concurrent.ThreadPoolExecutor.runWorker(ThreadPoolExecutor.java:1128)
	at java.base/java.util.concurrent.ThreadPoolExecutor$Worker.run(ThreadPoolExecutor.java:628)
	at java.base/java.lang.Thread.run(Thread.java:829)
Caused by: java.net.ConnectException: Operation timed out
	at java.base/sun.nio.ch.UnixAsynchronousSocketChannelImpl.checkConnect(Native Method)
	at java.base/sun.nio.ch.UnixAsynchronousSocketChannelImpl.finishConnect(UnixAsynchronousSocketChannelImpl.java:252)
	at java.base/sun.nio.ch.UnixAsynchronousSocketChannelImpl.finish(UnixAsynchronousSocketChannelImpl.java:198)
	at java.base/sun.nio.ch.UnixAsynchronousSocketChannelImpl.onEvent(UnixAsynchronousSocketChannelImpl.java:213)
	at java.base/sun.nio.ch.KQueuePort$EventHandlerTask.run(KQueuePort.java:312)
	... 1 common frames omitted
[INFO] date=2021-05-25 11:05:08,736 application= host= thread=[main] class=com.mongodb.diagnostics.logging.SLF4JLogger file=SLF4JLogger.java method=info line=71 - 
> Cluster created with settings {hosts=[mongodb:27017], mode=SINGLE, requiredClusterType=UNKNOWN, serverSelectionTimeout='30000 ms', maxWaitQueueSize=500}
[INFO] date=2021-05-25 11:05:09,867 application= host= thread=[DemoApp-system-akka.actor.default-dispatcher-5] class=com.joveo.fna_api_utilities.core.JoveoServer file=JoveoServer.scala method=$anonfun$startApp$1 line=71 - 
> application is up and running at localhost:8080
[INFO] date=2021-05-25 11:06:24,249 application= host= thread=[cluster-ClusterId{value='60ac8c8ce3d41977b0e26fb2', description='null'}-mongodb:27017] class=com.mongodb.diagnostics.logging.SLF4JLogger file=SLF4JLogger.java method=info line=76 - 
> Exception in monitor thread while connecting to server mongodb:27017
com.mongodb.MongoSocketOpenException: Exception opening socket
	at com.mongodb.internal.connection.AsynchronousSocketChannelStream$OpenCompletionHandler.failed(AsynchronousSocketChannelStream.java:272)
	at java.base/sun.nio.ch.Invoker.invokeUnchecked(Invoker.java:129)
	at java.base/sun.nio.ch.Invoker$2.run(Invoker.java:219)
	at java.base/sun.nio.ch.AsynchronousChannelGroupImpl$1.run(AsynchronousChannelGroupImpl.java:112)
	at java.base/java.util.concurrent.ThreadPoolExecutor.runWorker(ThreadPoolExecutor.java:1128)
	at java.base/java.util.concurrent.ThreadPoolExecutor$Worker.run(ThreadPoolExecutor.java:628)
	at java.base/java.lang.Thread.run(Thread.java:829)
Caused by: java.net.ConnectException: Operation timed out
	at java.base/sun.nio.ch.UnixAsynchronousSocketChannelImpl.checkConnect(Native Method)
	at java.base/sun.nio.ch.UnixAsynchronousSocketChannelImpl.finishConnect(UnixAsynchronousSocketChannelImpl.java:252)
	at java.base/sun.nio.ch.UnixAsynchronousSocketChannelImpl.finish(UnixAsynchronousSocketChannelImpl.java:198)
	at java.base/sun.nio.ch.UnixAsynchronousSocketChannelImpl.onEvent(UnixAsynchronousSocketChannelImpl.java:213)
	at java.base/sun.nio.ch.KQueuePort$EventHandlerTask.run(KQueuePort.java:312)
	... 1 common frames omitted
[INFO] date=2021-05-25 11:17:53,576 application= host= thread=[main] class=com.mongodb.diagnostics.logging.SLF4JLogger file=SLF4JLogger.java method=info line=71 - 
> Cluster created with settings {hosts=[localhost:27017], mode=SINGLE, requiredClusterType=UNKNOWN, serverSelectionTimeout='30000 ms', maxWaitQueueSize=500}
[INFO] date=2021-05-25 11:17:53,692 application= host= thread=[cluster-ClusterId{value='60ac8f89e3d41977d243a007', description='null'}-localhost:27017] class=com.mongodb.diagnostics.logging.SLF4JLogger file=SLF4JLogger.java method=info line=71 - 
> Opened connection [connectionId{localValue:1, serverValue:7}] to localhost:27017
[INFO] date=2021-05-25 11:17:53,698 application= host= thread=[cluster-ClusterId{value='60ac8f89e3d41977d243a007', description='null'}-localhost:27017] class=com.mongodb.diagnostics.logging.SLF4JLogger file=SLF4JLogger.java method=info line=71 - 
> Monitor thread successfully connected to server with description ServerDescription{address=localhost:27017, type=STANDALONE, state=CONNECTED, ok=true, version=ServerVersion{versionList=[4, 4, 3]}, minWireVersion=0, maxWireVersion=9, maxDocumentSize=16777216, logicalSessionTimeoutMinutes=30, roundTripTimeNanos=2982816}
[INFO] date=2021-05-25 11:17:54,780 application= host= thread=[DemoApp-system-akka.actor.default-dispatcher-4] class=com.joveo.fna_api_utilities.core.JoveoServer file=JoveoServer.scala method=$anonfun$startApp$1 line=71 - 
> application is up and running at localhost:8080
[INFO] date=2021-05-25 11:18:17,012 application= host= thread=[DemoApp-system-akka.actor.default-dispatcher-4] class=kamon.util.logger.LazyLogger file=LazyLogger.scala method=info line=35 - 
> Inserted into DB
[INFO] date=2021-05-25 11:18:21,429 application= host= thread=[Thread-8] class=com.mongodb.diagnostics.logging.SLF4JLogger file=SLF4JLogger.java method=info line=71 - 
> Opened connection [connectionId{localValue:2, serverValue:8}] to localhost:27017
[INFO] date=2021-05-25 11:18:21,438 application= host= thread=[Thread-12] class=com.mongodb.diagnostics.logging.SLF4JLogger file=SLF4JLogger.java method=info line=71 - 
> Opened connection [connectionId{localValue:3, serverValue:9}] to localhost:27017
[INFO] date=2021-05-25 11:18:22,110 application= host= thread=[DemoApp-system-akka.actor.default-dispatcher-4] class=com.joveo.fna_api_utilities.core.JoveoLogging file=JoveoLogging.scala method=logRequest line=99 - 
> elapsedTime=27611 path=/api/v1/permission method=POST statusCode=200
[INFO] date=2021-05-25 11:59:33,574 application= host= thread=[DemoApp-system-akka.actor.default-dispatcher-18] class=kamon.util.logger.LazyLogger file=LazyLogger.scala method=info line=35 - 
> Inserted into DB
[ERROR] date=2021-05-25 11:59:54,654 application= host= thread=[DemoApp-system-akka.actor.default-dispatcher-4] class=com.joveo.fna_api_utilities.core.JoveoLogging file=JoveoLogging.scala method=logRequest line=97 - 
> elapsedTime=2520156 path=/api/v1/permission method=POST statusCode=503 requestBody={
    "permissionId" : "",
    "permissionName" : "dummy permission",
    "description" : "dummy permission ",
    "createdBy" : "Kush Singh",
    "isAllowed" : true 
} responseBody={"errorCode":"timed_out","message":"The request took too long to process","errorType":"timeout_error"}
[INFO] date=2021-05-25 11:59:54,658 application= host= thread=[DemoApp-system-akka.actor.default-dispatcher-18] class=com.joveo.fna_api_utilities.core.JoveoLogging file=JoveoLogging.scala method=logRequest line=99 - 
> elapsedTime=2520160 path=/api/v1/permission method=POST statusCode=200
[INFO] date=2021-05-25 12:00:09,772 application= host= thread=[main] class=com.mongodb.diagnostics.logging.SLF4JLogger file=SLF4JLogger.java method=info line=71 - 
> Cluster created with settings {hosts=[localhost:27017], mode=SINGLE, requiredClusterType=UNKNOWN, serverSelectionTimeout='30000 ms', maxWaitQueueSize=500}
[INFO] date=2021-05-25 12:00:09,882 application= host= thread=[cluster-ClusterId{value='60ac9971e3d419782c2caf7b', description='null'}-localhost:27017] class=com.mongodb.diagnostics.logging.SLF4JLogger file=SLF4JLogger.java method=info line=71 - 
> Opened connection [connectionId{localValue:1, serverValue:12}] to localhost:27017
[INFO] date=2021-05-25 12:00:09,888 application= host= thread=[cluster-ClusterId{value='60ac9971e3d419782c2caf7b', description='null'}-localhost:27017] class=com.mongodb.diagnostics.logging.SLF4JLogger file=SLF4JLogger.java method=info line=71 - 
> Monitor thread successfully connected to server with description ServerDescription{address=localhost:27017, type=STANDALONE, state=CONNECTED, ok=true, version=ServerVersion{versionList=[4, 4, 3]}, minWireVersion=0, maxWireVersion=9, maxDocumentSize=16777216, logicalSessionTimeoutMinutes=30, roundTripTimeNanos=2983823}
[INFO] date=2021-05-25 12:00:10,852 application= host= thread=[DemoApp-system-akka.actor.default-dispatcher-7] class=com.joveo.fna_api_utilities.core.JoveoServer file=JoveoServer.scala method=$anonfun$startApp$1 line=71 - 
> application is up and running at localhost:8080
[INFO] date=2021-05-25 12:00:32,473 application= host= thread=[DemoApp-system-akka.actor.default-dispatcher-7] class=kamon.util.logger.LazyLogger file=LazyLogger.scala method=info line=35 - 
> Inserted into DB
[ERROR] date=2021-05-25 12:08:37,849 application= host= thread=[DemoApp-system-akka.actor.default-dispatcher-6] class=com.joveo.fna_api_utilities.core.JoveoLogging file=JoveoLogging.scala method=logRequest line=97 - 
> elapsedTime=507267 path=/api/v1/permission method=POST statusCode=503 requestBody={
    "permissionId" : "",
    "permissionName" : "dummy permission",
    "description" : "dummy permission ",
    "createdBy" : "Kush Singh",
    "isAllowed" : true 
} responseBody={"errorCode":"timed_out","message":"The request took too long to process","errorType":"timeout_error"}
[INFO] date=2021-05-25 12:09:02,855 application= host= thread=[Thread-10] class=com.mongodb.diagnostics.logging.SLF4JLogger file=SLF4JLogger.java method=info line=71 - 
> Opened connection [connectionId{localValue:2, serverValue:13}] to localhost:27017
[INFO] date=2021-05-25 12:09:02,859 application= host= thread=[Thread-9] class=com.mongodb.diagnostics.logging.SLF4JLogger file=SLF4JLogger.java method=info line=71 - 
> Opened connection [connectionId{localValue:3, serverValue:14}] to localhost:27017
[INFO] date=2021-05-25 12:09:07,587 application= host= thread=[DemoApp-system-akka.actor.default-dispatcher-7] class=com.joveo.fna_api_utilities.core.JoveoLogging file=JoveoLogging.scala method=logRequest line=99 - 
> elapsedTime=537007 path=/api/v1/permission method=POST statusCode=200
[INFO] date=2021-05-25 12:59:10,904 application= host= thread=[main] class=com.mongodb.diagnostics.logging.SLF4JLogger file=SLF4JLogger.java method=info line=71 - 
> Cluster created with settings {hosts=[localhost:27017], mode=SINGLE, requiredClusterType=UNKNOWN, serverSelectionTimeout='30000 ms', maxWaitQueueSize=500}
[INFO] date=2021-05-25 12:59:11,036 application= host= thread=[cluster-ClusterId{value='60aca746e3d4197891d65de5', description='null'}-localhost:27017] class=com.mongodb.diagnostics.logging.SLF4JLogger file=SLF4JLogger.java method=info line=71 - 
> Opened connection [connectionId{localValue:1, serverValue:15}] to localhost:27017
[INFO] date=2021-05-25 12:59:11,041 application= host= thread=[cluster-ClusterId{value='60aca746e3d4197891d65de5', description='null'}-localhost:27017] class=com.mongodb.diagnostics.logging.SLF4JLogger file=SLF4JLogger.java method=info line=71 - 
> Monitor thread successfully connected to server with description ServerDescription{address=localhost:27017, type=STANDALONE, state=CONNECTED, ok=true, version=ServerVersion{versionList=[4, 4, 3]}, minWireVersion=0, maxWireVersion=9, maxDocumentSize=16777216, logicalSessionTimeoutMinutes=30, roundTripTimeNanos=2502554}
[INFO] date=2021-05-25 12:59:12,094 application= host= thread=[DemoApp-system-akka.actor.default-dispatcher-6] class=com.joveo.fna_api_utilities.core.JoveoServer file=JoveoServer.scala method=$anonfun$startApp$1 line=71 - 
> application is up and running at localhost:8080
[INFO] date=2021-05-25 13:11:08,541 application= host= thread=[DemoApp-system-akka.actor.default-dispatcher-7] class=kamon.util.logger.LazyLogger file=LazyLogger.scala method=info line=35 - 
> Inserted into DB
[INFO] date=2021-05-25 13:11:11,693 application= host= thread=[Thread-8] class=com.mongodb.diagnostics.logging.SLF4JLogger file=SLF4JLogger.java method=info line=71 - 
> Opened connection [connectionId{localValue:2, serverValue:16}] to localhost:27017
[ERROR] date=2021-05-25 13:11:12,649 application= host= thread=[DemoApp-system-akka.actor.default-dispatcher-7] class=com.joveo.fna_api_utilities.core.JoveoLogging file=JoveoLogging.scala method=logRequest line=97 - 
> elapsedTime=720815 path=/api/v1/permission method=POST statusCode=400 requestBody={
    "permissionId" : "",
    "permissionName" : "dummy permission",
    "description" : "dummy permission ",
    "createdBy" : "Kush Singh",
    "isAllowed" : true 
} responseBody={"errorCode":"","message":"","errorType":""}
[INFO] date=2021-05-25 13:20:09,058 application= host= thread=[main] class=com.mongodb.diagnostics.logging.SLF4JLogger file=SLF4JLogger.java method=info line=71 - 
> Cluster created with settings {hosts=[localhost:27017], mode=SINGLE, requiredClusterType=UNKNOWN, serverSelectionTimeout='30000 ms', maxWaitQueueSize=500}
[INFO] date=2021-05-25 13:20:09,162 application= host= thread=[cluster-ClusterId{value='60acac31e3d41978da0b2645', description='null'}-localhost:27017] class=com.mongodb.diagnostics.logging.SLF4JLogger file=SLF4JLogger.java method=info line=71 - 
> Opened connection [connectionId{localValue:1, serverValue:17}] to localhost:27017
[INFO] date=2021-05-25 13:20:09,167 application= host= thread=[cluster-ClusterId{value='60acac31e3d41978da0b2645', description='null'}-localhost:27017] class=com.mongodb.diagnostics.logging.SLF4JLogger file=SLF4JLogger.java method=info line=71 - 
> Monitor thread successfully connected to server with description ServerDescription{address=localhost:27017, type=STANDALONE, state=CONNECTED, ok=true, version=ServerVersion{versionList=[4, 4, 3]}, minWireVersion=0, maxWireVersion=9, maxDocumentSize=16777216, logicalSessionTimeoutMinutes=30, roundTripTimeNanos=2479958}
[INFO] date=2021-05-25 13:20:10,168 application= host= thread=[DemoApp-system-akka.actor.default-dispatcher-5] class=com.joveo.fna_api_utilities.core.JoveoServer file=JoveoServer.scala method=$anonfun$startApp$1 line=71 - 
> application is up and running at localhost:8080
[INFO] date=2021-05-25 13:21:28,118 application= host= thread=[DemoApp-system-akka.actor.default-dispatcher-6] class=kamon.util.logger.LazyLogger file=LazyLogger.scala method=info line=35 - 
> Inserted into DB
[INFO] date=2021-05-25 13:21:33,309 application= host= thread=[Thread-12] class=com.mongodb.diagnostics.logging.SLF4JLogger file=SLF4JLogger.java method=info line=71 - 
> Opened connection [connectionId{localValue:2, serverValue:20}] to localhost:27017
[INFO] date=2021-05-25 13:21:33,369 application= host= thread=[DemoApp-system-akka.actor.default-dispatcher-6] class=com.joveo.fna_api_utilities.core.JoveoLogging file=JoveoLogging.scala method=logRequest line=99 - 
> elapsedTime=83439 path=/api/v1/permission method=POST statusCode=200
[INFO] date=2021-05-25 13:46:08,613 application= host= thread=[ScalaTest-run] class=com.mongodb.diagnostics.logging.SLF4JLogger file=SLF4JLogger.java method=info line=71 - 
> Cluster created with settings {hosts=[localhost:27017], mode=SINGLE, requiredClusterType=UNKNOWN, serverSelectionTimeout='30000 ms', maxWaitQueueSize=500}
[INFO] date=2021-05-25 13:46:08,720 application= host= thread=[cluster-ClusterId{value='60acb248e3d41979332b0b3d', description='null'}-localhost:27017] class=com.mongodb.diagnostics.logging.SLF4JLogger file=SLF4JLogger.java method=info line=71 - 
> Opened connection [connectionId{localValue:1, serverValue:21}] to localhost:27017
[INFO] date=2021-05-25 13:46:08,724 application= host= thread=[cluster-ClusterId{value='60acb248e3d41979332b0b3d', description='null'}-localhost:27017] class=com.mongodb.diagnostics.logging.SLF4JLogger file=SLF4JLogger.java method=info line=71 - 
> Monitor thread successfully connected to server with description ServerDescription{address=localhost:27017, type=STANDALONE, state=CONNECTED, ok=true, version=ServerVersion{versionList=[4, 4, 3]}, minWireVersion=0, maxWireVersion=9, maxDocumentSize=16777216, logicalSessionTimeoutMinutes=30, roundTripTimeNanos=2298795}
[ERROR] date=2021-05-25 14:19:09,959 application= host= thread=[DemoApp-system-akka.actor.default-dispatcher-18] class=com.joveo.fna_api_utilities.core.JoveoLogging file=JoveoLogging.scala method=logRequest line=97 - 
> elapsedTime=3540031 path=/api/v1/permission method=GET statusCode=401 requestBody={
    "permissionId" : "",
    "permissionName" : "dummy permission",
    "description" : "dummy permission ",
    "createdBy" : "",
    "isAllowed" : true 
} responseBody={"errorCode":"401","message":"permission doesn't exists","errorType":""}
[INFO] date=2021-05-25 16:02:23,942 application= host= thread=[main] class=com.mongodb.diagnostics.logging.SLF4JLogger file=SLF4JLogger.java method=info line=71 - 
> Cluster created with settings {hosts=[localhost:27017], mode=SINGLE, requiredClusterType=UNKNOWN, serverSelectionTimeout='30000 ms', maxWaitQueueSize=500}
[INFO] date=2021-05-25 16:02:24,091 application= host= thread=[cluster-ClusterId{value='60acd237e79d3b578ac183d9', description='null'}-localhost:27017] class=com.mongodb.diagnostics.logging.SLF4JLogger file=SLF4JLogger.java method=info line=71 - 
> Opened connection [connectionId{localValue:1, serverValue:2}] to localhost:27017
[INFO] date=2021-05-25 16:02:24,097 application= host= thread=[cluster-ClusterId{value='60acd237e79d3b578ac183d9', description='null'}-localhost:27017] class=com.mongodb.diagnostics.logging.SLF4JLogger file=SLF4JLogger.java method=info line=71 - 
> Monitor thread successfully connected to server with description ServerDescription{address=localhost:27017, type=STANDALONE, state=CONNECTED, ok=true, version=ServerVersion{versionList=[4, 4, 1]}, minWireVersion=0, maxWireVersion=9, maxDocumentSize=16777216, logicalSessionTimeoutMinutes=30, roundTripTimeNanos=3115874}
[ERROR] date=2021-05-25 16:02:24,971 application= host= thread=[DemoApp-system-akka.actor.default-dispatcher-7] class=com.joveo.fna_api_utilities.core.JoveoServer file=JoveoServer.scala method=$anonfun$startApp$1 line=73 - 
> could not start application: 
[INFO] date=2021-05-25 16:03:51,444 application= host= thread=[main] class=com.mongodb.diagnostics.logging.SLF4JLogger file=SLF4JLogger.java method=info line=71 - 
> Cluster created with settings {hosts=[localhost:27017], mode=SINGLE, requiredClusterType=UNKNOWN, serverSelectionTimeout='30000 ms', maxWaitQueueSize=500}
[INFO] date=2021-05-25 16:03:51,563 application= host= thread=[cluster-ClusterId{value='60acd28fe79d3b579bc350e8', description='null'}-localhost:27017] class=com.mongodb.diagnostics.logging.SLF4JLogger file=SLF4JLogger.java method=info line=71 - 
> Opened connection [connectionId{localValue:1, serverValue:3}] to localhost:27017
[INFO] date=2021-05-25 16:03:51,582 application= host= thread=[cluster-ClusterId{value='60acd28fe79d3b579bc350e8', description='null'}-localhost:27017] class=com.mongodb.diagnostics.logging.SLF4JLogger file=SLF4JLogger.java method=info line=71 - 
> Monitor thread successfully connected to server with description ServerDescription{address=localhost:27017, type=STANDALONE, state=CONNECTED, ok=true, version=ServerVersion{versionList=[4, 4, 1]}, minWireVersion=0, maxWireVersion=9, maxDocumentSize=16777216, logicalSessionTimeoutMinutes=30, roundTripTimeNanos=14307597}
[INFO] date=2021-05-25 16:03:52,487 application= host= thread=[DemoApp-system-akka.actor.default-dispatcher-5] class=com.joveo.fna_api_utilities.core.JoveoServer file=JoveoServer.scala method=$anonfun$startApp$1 line=71 - 
> application is up and running at localhost:8080
[INFO] date=2021-05-25 16:04:02,406 application= host= thread=[Thread-8] class=com.mongodb.diagnostics.logging.SLF4JLogger file=SLF4JLogger.java method=info line=71 - 
> Opened connection [connectionId{localValue:2, serverValue:4}] to localhost:27017
[ERROR] date=2021-05-25 16:04:02,494 application= host= thread=[DemoApp-system-akka.actor.default-dispatcher-4] class=com.joveo.fna_api_utilities.core.JoveoLogging file=JoveoLogging.scala method=logRequest line=97 - 
> elapsedTime=10226 path=/api/v1/permission method=GET statusCode=401 requestBody= responseBody={"errorCode":"401","message":"permission doesn't exists","errorType":""}
[ERROR] date=2021-05-25 16:04:55,316 application= host= thread=[DemoApp-system-akka.actor.default-dispatcher-5] class=com.joveo.fna_api_utilities.core.JoveoLogging file=JoveoLogging.scala method=logRequest line=97 - 
> elapsedTime=63050 path=/api/v1/permission method=GET statusCode=401 requestBody= responseBody={"errorCode":"401","message":"permission doesn't exists","errorType":""}
[ERROR] date=2021-05-25 16:04:56,841 application= host= thread=[DemoApp-system-akka.actor.default-dispatcher-5] class=com.joveo.fna_api_utilities.core.JoveoLogging file=JoveoLogging.scala method=logRequest line=97 - 
> elapsedTime=64574 path=/api/v1/permission method=GET statusCode=401 requestBody= responseBody={"errorCode":"401","message":"permission doesn't exists","errorType":""}
[INFO] date=2021-05-25 16:08:16,813 application= host= thread=[main] class=com.mongodb.diagnostics.logging.SLF4JLogger file=SLF4JLogger.java method=info line=71 - 
> Cluster created with settings {hosts=[services-mongo.infra-dev.joveo.com:27000], mode=SINGLE, requiredClusterType=UNKNOWN, serverSelectionTimeout='30000 ms', maxWaitQueueSize=500}
[INFO] date=2021-05-25 16:08:17,764 application= host= thread=[DemoApp-system-akka.actor.default-dispatcher-4] class=com.joveo.fna_api_utilities.core.JoveoServer file=JoveoServer.scala method=$anonfun$startApp$1 line=71 - 
> application is up and running at localhost:8080
[INFO] date=2021-05-25 16:08:53,276 application= host= thread=[DemoApp-system-akka.actor.default-dispatcher-4] class=com.mongodb.diagnostics.logging.SLF4JLogger file=SLF4JLogger.java method=info line=71 - 
> No server chosen by com.mongodb.async.client.ClientSessionHelper$1@7e7c75c9 from cluster description ClusterDescription{type=UNKNOWN, connectionMode=SINGLE, serverDescriptions=[ServerDescription{address=services-mongo.infra-dev.joveo.com:27000, type=UNKNOWN, state=CONNECTING}]}. Waiting for 30000 ms before timing out
[ERROR] date=2021-05-25 16:09:12,579 application= host= thread=[DemoApp-system-akka.actor.default-dispatcher-4] class=com.joveo.fna_api_utilities.core.JoveoLogging file=JoveoLogging.scala method=logRequest line=97 - 
> elapsedTime=55054 path=/api/v1/permission method=GET statusCode=503 requestBody= responseBody={"errorCode":"timed_out","message":"The request took too long to process","errorType":"timeout_error"}
[INFO] date=2021-05-25 16:09:15,952 application= host= thread=[DemoApp-system-akka.actor.default-dispatcher-11] class=com.mongodb.diagnostics.logging.SLF4JLogger file=SLF4JLogger.java method=info line=71 - 
> No server chosen by com.mongodb.async.client.ClientSessionHelper$1@7cdcd876 from cluster description ClusterDescription{type=UNKNOWN, connectionMode=SINGLE, serverDescriptions=[ServerDescription{address=services-mongo.infra-dev.joveo.com:27000, type=UNKNOWN, state=CONNECTING}]}. Waiting for 30000 ms before timing out
[INFO] date=2021-05-25 16:09:23,283 application= host= thread=[cluster-60acd398e79d3b57c5fabbba] class=com.mongodb.diagnostics.logging.SLF4JLogger file=SLF4JLogger.java method=info line=71 - 
> No server chosen by ReadPreferenceServerSelector{readPreference=primary} from cluster description ClusterDescription{type=UNKNOWN, connectionMode=SINGLE, serverDescriptions=[ServerDescription{address=services-mongo.infra-dev.joveo.com:27000, type=UNKNOWN, state=CONNECTING}]}. Waiting for 30000 ms before timing out
[INFO] date=2021-05-25 16:09:32,109 application= host= thread=[cluster-ClusterId{value='60acd398e79d3b57c5fabbba', description='null'}-services-mongo.infra-dev.joveo.com:27000] class=com.mongodb.diagnostics.logging.SLF4JLogger file=SLF4JLogger.java method=info line=76 - 
> Exception in monitor thread while connecting to server services-mongo.infra-dev.joveo.com:27000
com.mongodb.MongoSocketOpenException: Exception opening socket
	at com.mongodb.internal.connection.AsynchronousSocketChannelStream$OpenCompletionHandler.failed(AsynchronousSocketChannelStream.java:272)
	at java.base/sun.nio.ch.Invoker.invokeUnchecked(Invoker.java:129)
	at java.base/sun.nio.ch.Invoker$2.run(Invoker.java:219)
	at java.base/sun.nio.ch.AsynchronousChannelGroupImpl$1.run(AsynchronousChannelGroupImpl.java:112)
	at java.base/java.util.concurrent.ThreadPoolExecutor.runWorker(ThreadPoolExecutor.java:1128)
	at java.base/java.util.concurrent.ThreadPoolExecutor$Worker.run(ThreadPoolExecutor.java:628)
	at java.base/java.lang.Thread.run(Thread.java:829)
Caused by: java.net.ConnectException: Operation timed out
	at java.base/sun.nio.ch.UnixAsynchronousSocketChannelImpl.checkConnect(Native Method)
	at java.base/sun.nio.ch.UnixAsynchronousSocketChannelImpl.finishConnect(UnixAsynchronousSocketChannelImpl.java:252)
	at java.base/sun.nio.ch.UnixAsynchronousSocketChannelImpl.finish(UnixAsynchronousSocketChannelImpl.java:198)
	at java.base/sun.nio.ch.UnixAsynchronousSocketChannelImpl.onEvent(UnixAsynchronousSocketChannelImpl.java:213)
	at java.base/sun.nio.ch.KQueuePort$EventHandlerTask.run(KQueuePort.java:312)
	... 1 common frames omitted
[ERROR] date=2021-05-25 16:09:35,914 application= host= thread=[DemoApp-system-akka.actor.default-dispatcher-11] class=com.joveo.fna_api_utilities.core.JoveoLogging file=JoveoLogging.scala method=logRequest line=97 - 
> elapsedTime=78392 path=/api/v1/permission method=GET statusCode=503 requestBody= responseBody={"errorCode":"timed_out","message":"The request took too long to process","errorType":"timeout_error"}
[INFO] date=2021-05-25 16:09:45,956 application= host= thread=[cluster-60acd398e79d3b57c5fabbba] class=com.mongodb.diagnostics.logging.SLF4JLogger file=SLF4JLogger.java method=info line=71 - 
> No server chosen by ReadPreferenceServerSelector{readPreference=primary} from cluster description ClusterDescription{type=UNKNOWN, connectionMode=SINGLE, serverDescriptions=[ServerDescription{address=services-mongo.infra-dev.joveo.com:27000, type=UNKNOWN, state=CONNECTING, exception={com.mongodb.MongoSocketOpenException: Exception opening socket}, caused by {java.net.ConnectException: Operation timed out}}]}. Waiting for 30000 ms before timing out
[ERROR] date=2021-05-25 16:09:53,333 application= host= thread=[DemoApp-system-akka.actor.default-dispatcher-8] class=com.joveo.fna_api_utilities.core.JoveoLogging file=JoveoLogging.scala method=logRequest line=97 - 
> elapsedTime=95811 path=/api/v1/permission method=GET statusCode=500 requestBody= responseBody={"errorCode":"internal_server_error","message":"Internal server error","errorType":"api_error"}
[ERROR] date=2021-05-25 16:10:15,964 application= host= thread=[DemoApp-system-akka.actor.default-dispatcher-8] class=com.joveo.fna_api_utilities.core.JoveoLogging file=JoveoLogging.scala method=logRequest line=97 - 
> elapsedTime=118442 path=/api/v1/permission method=GET statusCode=500 requestBody= responseBody={"errorCode":"internal_server_error","message":"Internal server error","errorType":"api_error"}
[INFO] date=2021-05-25 16:10:42,881 application= host= thread=[DemoApp-system-akka.actor.default-dispatcher-8] class=com.mongodb.diagnostics.logging.SLF4JLogger file=SLF4JLogger.java method=info line=71 - 
> No server chosen by com.mongodb.async.client.ClientSessionHelper$1@6f805258 from cluster description ClusterDescription{type=UNKNOWN, connectionMode=SINGLE, serverDescriptions=[ServerDescription{address=services-mongo.infra-dev.joveo.com:27000, type=UNKNOWN, state=CONNECTING, exception={com.mongodb.MongoSocketOpenException: Exception opening socket}, caused by {java.net.ConnectException: Operation timed out}}]}. Waiting for 30000 ms before timing out
[INFO] date=2021-05-25 16:10:53,953 application= host= thread=[cluster-ClusterId{value='60acd398e79d3b57c5fabbba', description='null'}-services-mongo.infra-dev.joveo.com:27000] class=com.mongodb.diagnostics.logging.SLF4JLogger file=SLF4JLogger.java method=info line=71 - 
> Opened connection [connectionId{localValue:3, serverValue:3403531}] to services-mongo.infra-dev.joveo.com:27000
[INFO] date=2021-05-25 16:10:55,146 application= host= thread=[cluster-ClusterId{value='60acd398e79d3b57c5fabbba', description='null'}-services-mongo.infra-dev.joveo.com:27000] class=com.mongodb.diagnostics.logging.SLF4JLogger file=SLF4JLogger.java method=info line=71 - 
> Monitor thread successfully connected to server with description ServerDescription{address=services-mongo.infra-dev.joveo.com:27000, type=REPLICA_SET_PRIMARY, state=CONNECTED, ok=true, version=ServerVersion{versionList=[4, 0, 18]}, minWireVersion=0, maxWireVersion=7, maxDocumentSize=16777216, logicalSessionTimeoutMinutes=30, roundTripTimeNanos=1189612123, setName='staging-mongo', canonicalAddress=172.16.10.25:27000, hosts=[172.16.10.25:27000], passives=[], arbiters=[], primary='172.16.10.25:27000', tagSet=TagSet{[]}, electionId=7fffffff0000000000000005, setVersion=1, lastWriteDate=Tue May 25 16:10:53 IST 2021, lastUpdateTimeNanos=176462909270032}
[ERROR] date=2021-05-25 16:11:02,864 application= host= thread=[DemoApp-system-akka.actor.default-dispatcher-8] class=com.joveo.fna_api_utilities.core.JoveoLogging file=JoveoLogging.scala method=logRequest line=97 - 
> elapsedTime=165342 path=/api/v1/permission method=GET statusCode=503 requestBody= responseBody={"errorCode":"timed_out","message":"The request took too long to process","errorType":"timeout_error"}
[INFO] date=2021-05-25 16:11:06,255 application= host= thread=[Thread-1] class=com.mongodb.diagnostics.logging.SLF4JLogger file=SLF4JLogger.java method=info line=71 - 
> Opened connection [connectionId{localValue:4, serverValue:3403533}] to services-mongo.infra-dev.joveo.com:27000
[INFO] date=2021-05-25 16:11:07,005 application= host= thread=[DemoApp-system-akka.actor.default-dispatcher-10] class=com.joveo.fna_api_utilities.core.JoveoLogging file=JoveoLogging.scala method=logRequest line=99 - 
> elapsedTime=169483 path=/api/v1/permission method=GET statusCode=200
[INFO] date=2021-05-25 16:11:36,284 application= host= thread=[main] class=com.mongodb.diagnostics.logging.SLF4JLogger file=SLF4JLogger.java method=info line=71 - 
> Cluster created with settings {hosts=[services-mongo.infra-dev.joveo.com:27000], mode=SINGLE, requiredClusterType=UNKNOWN, serverSelectionTimeout='30000 ms', maxWaitQueueSize=500}
[INFO] date=2021-05-25 16:11:37,303 application= host= thread=[DemoApp-system-akka.actor.default-dispatcher-6] class=com.joveo.fna_api_utilities.core.JoveoServer file=JoveoServer.scala method=$anonfun$startApp$1 line=71 - 
> application is up and running at localhost:8080
[INFO] date=2021-05-25 16:11:39,446 application= host= thread=[cluster-ClusterId{value='60acd46020ef3958cd985b0f', description='null'}-services-mongo.infra-dev.joveo.com:27000] class=com.mongodb.diagnostics.logging.SLF4JLogger file=SLF4JLogger.java method=info line=71 - 
> Opened connection [connectionId{localValue:1, serverValue:3403590}] to services-mongo.infra-dev.joveo.com:27000
[INFO] date=2021-05-25 16:11:40,966 application= host= thread=[cluster-ClusterId{value='60acd46020ef3958cd985b0f', description='null'}-services-mongo.infra-dev.joveo.com:27000] class=com.mongodb.diagnostics.logging.SLF4JLogger file=SLF4JLogger.java method=info line=71 - 
> Monitor thread successfully connected to server with description ServerDescription{address=services-mongo.infra-dev.joveo.com:27000, type=REPLICA_SET_PRIMARY, state=CONNECTED, ok=true, version=ServerVersion{versionList=[4, 0, 18]}, minWireVersion=0, maxWireVersion=7, maxDocumentSize=16777216, logicalSessionTimeoutMinutes=30, roundTripTimeNanos=1518248537, setName='staging-mongo', canonicalAddress=172.16.10.25:27000, hosts=[172.16.10.25:27000], passives=[], arbiters=[], primary='172.16.10.25:27000', tagSet=TagSet{[]}, electionId=7fffffff0000000000000005, setVersion=1, lastWriteDate=Tue May 25 16:11:43 IST 2021, lastUpdateTimeNanos=176508729175118}
[INFO] date=2021-05-25 16:12:01,490 application= host= thread=[Thread-13] class=com.mongodb.diagnostics.logging.SLF4JLogger file=SLF4JLogger.java method=info line=71 - 
> Opened connection [connectionId{localValue:2, serverValue:3403615}] to services-mongo.infra-dev.joveo.com:27000
[INFO] date=2021-05-25 16:12:02,575 application= host= thread=[DemoApp-system-akka.actor.default-dispatcher-5] class=com.joveo.fna_api_utilities.core.JoveoLogging file=JoveoLogging.scala method=logRequest line=99 - 
> elapsedTime=25506 path=/api/v1/permission method=GET statusCode=200
[INFO] date=2021-05-25 16:13:45,826 application= host= thread=[main] class=com.mongodb.diagnostics.logging.SLF4JLogger file=SLF4JLogger.java method=info line=71 - 
> Cluster created with settings {hosts=[services-mongo.infra-dev.joveo.com:27000], mode=SINGLE, requiredClusterType=UNKNOWN, serverSelectionTimeout='30000 ms', maxWaitQueueSize=500}
[INFO] date=2021-05-25 16:13:46,794 application= host= thread=[DemoApp-system-akka.actor.default-dispatcher-5] class=com.joveo.fna_api_utilities.core.JoveoServer file=JoveoServer.scala method=$anonfun$startApp$1 line=71 - 
> application is up and running at localhost:8080
[INFO] date=2021-05-25 16:13:49,977 application= host= thread=[cluster-ClusterId{value='60acd4e120ef3958de4c3cf7', description='null'}-services-mongo.infra-dev.joveo.com:27000] class=com.mongodb.diagnostics.logging.SLF4JLogger file=SLF4JLogger.java method=info line=71 - 
> Opened connection [connectionId{localValue:1, serverValue:3403738}] to services-mongo.infra-dev.joveo.com:27000
[INFO] date=2021-05-25 16:13:50,706 application= host= thread=[cluster-ClusterId{value='60acd4e120ef3958de4c3cf7', description='null'}-services-mongo.infra-dev.joveo.com:27000] class=com.mongodb.diagnostics.logging.SLF4JLogger file=SLF4JLogger.java method=info line=71 - 
> Monitor thread successfully connected to server with description ServerDescription{address=services-mongo.infra-dev.joveo.com:27000, type=REPLICA_SET_PRIMARY, state=CONNECTED, ok=true, version=ServerVersion{versionList=[4, 0, 18]}, minWireVersion=0, maxWireVersion=7, maxDocumentSize=16777216, logicalSessionTimeoutMinutes=30, roundTripTimeNanos=727359735, setName='staging-mongo', canonicalAddress=172.16.10.25:27000, hosts=[172.16.10.25:27000], passives=[], arbiters=[], primary='172.16.10.25:27000', tagSet=TagSet{[]}, electionId=7fffffff0000000000000005, setVersion=1, lastWriteDate=Tue May 25 16:13:53 IST 2021, lastUpdateTimeNanos=176638477862853}
[INFO] date=2021-05-25 16:14:10,579 application= host= thread=[Thread-13] class=com.mongodb.diagnostics.logging.SLF4JLogger file=SLF4JLogger.java method=info line=71 - 
> Opened connection [connectionId{localValue:2, serverValue:3403745}] to services-mongo.infra-dev.joveo.com:27000
[INFO] date=2021-05-25 16:14:11,343 application= host= thread=[DemoApp-system-akka.actor.default-dispatcher-5] class=com.joveo.fna_api_utilities.core.JoveoLogging file=JoveoLogging.scala method=logRequest line=99 - 
> elapsedTime=24820 path=/api/v1/permission method=GET statusCode=200
[INFO] date=2021-05-25 16:14:19,752 application= host= thread=[DemoApp-system-akka.actor.default-dispatcher-5] class=com.joveo.fna_api_utilities.core.JoveoLogging file=JoveoLogging.scala method=logRequest line=99 - 
> elapsedTime=33231 path=/api/v1/permission method=GET statusCode=200
[INFO] date=2021-05-27 12:34:32,746 application= host= thread=[main] class=com.mongodb.diagnostics.logging.SLF4JLogger file=SLF4JLogger.java method=info line=71 - 
> Cluster created with settings {hosts=[services-mongo.infra-dev.joveo.com:27000], mode=SINGLE, requiredClusterType=UNKNOWN, serverSelectionTimeout='30000 ms', maxWaitQueueSize=500}
[INFO] date=2021-05-27 12:34:33,942 application= host= thread=[DemoApp-system-akka.actor.default-dispatcher-5] class=com.joveo.fna_api_utilities.core.JoveoServer file=JoveoServer.scala method=$anonfun$startApp$1 line=71 - 
> application is up and running at localhost:8080
[INFO] date=2021-05-27 12:34:37,145 application= host= thread=[cluster-ClusterId{value='60af44809b1719771df79efa', description='null'}-services-mongo.infra-dev.joveo.com:27000] class=com.mongodb.diagnostics.logging.SLF4JLogger file=SLF4JLogger.java method=info line=71 - 
> Opened connection [connectionId{localValue:1, serverValue:3495389}] to services-mongo.infra-dev.joveo.com:27000
[INFO] date=2021-05-27 12:34:38,046 application= host= thread=[cluster-ClusterId{value='60af44809b1719771df79efa', description='null'}-services-mongo.infra-dev.joveo.com:27000] class=com.mongodb.diagnostics.logging.SLF4JLogger file=SLF4JLogger.java method=info line=71 - 
> Monitor thread successfully connected to server with description ServerDescription{address=services-mongo.infra-dev.joveo.com:27000, type=REPLICA_SET_PRIMARY, state=CONNECTED, ok=true, version=ServerVersion{versionList=[4, 0, 18]}, minWireVersion=0, maxWireVersion=7, maxDocumentSize=16777216, logicalSessionTimeoutMinutes=30, roundTripTimeNanos=896978906, setName='staging-mongo', canonicalAddress=172.16.10.25:27000, hosts=[172.16.10.25:27000], passives=[], arbiters=[], primary='172.16.10.25:27000', tagSet=TagSet{[]}, electionId=7fffffff0000000000000005, setVersion=1, lastWriteDate=Thu May 27 12:34:46 IST 2021, lastUpdateTimeNanos=251393833617953}
[ERROR] date=2021-05-27 12:34:45,568 application= host= thread=[DemoApp-system-akka.actor.default-dispatcher-5] class=com.joveo.fna_api_utilities.core.JoveoLogging file=JoveoLogging.scala method=logRequest line=97 - 
> elapsedTime=11903 path=/api/v1/role method=GET statusCode=500 requestBody= responseBody={"errorCode":"internal_server_error","message":"Internal server error","errorType":"api_error"}
[INFO] date=2021-05-27 12:44:39,140 application= host= thread=[cluster-ClusterId{value='60af44809b1719771df79efa', description='null'}-services-mongo.infra-dev.joveo.com:27000] class=com.mongodb.diagnostics.logging.SLF4JLogger file=SLF4JLogger.java method=info line=71 - 
> Opened connection [connectionId{localValue:2, serverValue:3495920}] to services-mongo.infra-dev.joveo.com:27000
[INFO] date=2021-05-27 12:44:52,830 application= host= thread=[DemoApp-system-akka.actor.default-dispatcher-4] class=kamon.util.logger.LazyLogger file=LazyLogger.scala method=info line=35 - 
> Inserted into DB
[ERROR] date=2021-05-27 12:44:52,837 application= host= thread=[DemoApp-system-akka.actor.default-dispatcher-4] class=com.joveo.fna_api_utilities.core.JoveoLogging file=JoveoLogging.scala method=logRequest line=97 - 
> elapsedTime=619173 path=/api/v1/role method=POST statusCode=500 requestBody={
  "displayName": "Editor",
  "description": "Allow all permissions",
  "createdBy": "preeti@joveo.com",
  "accountId": "ripple",
  "application": "mojo",
  "isDefaultRole": false,
  "permissions": [
    "permission_a",
    "permission_b"
  ]
} responseBody={"errorCode":"internal_server_error","message":"Internal server error","errorType":"api_error"}
[INFO] date=2021-05-27 12:45:04,976 application= host= thread=[DemoApp-system-akka.actor.default-dispatcher-4] class=kamon.util.logger.LazyLogger file=LazyLogger.scala method=info line=35 - 
> Inserted into DB
[ERROR] date=2021-05-27 12:45:04,979 application= host= thread=[DemoApp-system-akka.actor.default-dispatcher-4] class=com.joveo.fna_api_utilities.core.JoveoLogging file=JoveoLogging.scala method=logRequest line=97 - 
> elapsedTime=631316 path=/api/v1/role method=POST statusCode=500 requestBody={
  "displayName": "Editor",
  "description": "Allow all permissions",
  "createdBy": "preeti@joveo.com",
  "accountId": "ripple",
  "application": "mojo",
  "isDefaultRole": false,
  "permissions": [
    "permission_a",
    "permission_b"
  ]
} responseBody={"errorCode":"internal_server_error","message":"Internal server error","errorType":"api_error"}
[INFO] date=2021-05-27 12:49:31,860 application= host= thread=[main] class=com.mongodb.diagnostics.logging.SLF4JLogger file=SLF4JLogger.java method=info line=71 - 
> Cluster created with settings {hosts=[services-mongo.infra-dev.joveo.com:27000], mode=SINGLE, requiredClusterType=UNKNOWN, serverSelectionTimeout='30000 ms', maxWaitQueueSize=500}
[INFO] date=2021-05-27 12:49:33,097 application= host= thread=[DemoApp-system-akka.actor.default-dispatcher-7] class=com.joveo.fna_api_utilities.core.JoveoServer file=JoveoServer.scala method=$anonfun$startApp$1 line=71 - 
> application is up and running at localhost:8080
[INFO] date=2021-05-27 12:49:36,728 application= host= thread=[cluster-ClusterId{value='60af48039b17197760af718a', description='null'}-services-mongo.infra-dev.joveo.com:27000] class=com.mongodb.diagnostics.logging.SLF4JLogger file=SLF4JLogger.java method=info line=71 - 
> Opened connection [connectionId{localValue:1, serverValue:3496084}] to services-mongo.infra-dev.joveo.com:27000
[INFO] date=2021-05-27 12:49:37,744 application= host= thread=[cluster-ClusterId{value='60af48039b17197760af718a', description='null'}-services-mongo.infra-dev.joveo.com:27000] class=com.mongodb.diagnostics.logging.SLF4JLogger file=SLF4JLogger.java method=info line=71 - 
> Monitor thread successfully connected to server with description ServerDescription{address=services-mongo.infra-dev.joveo.com:27000, type=REPLICA_SET_PRIMARY, state=CONNECTED, ok=true, version=ServerVersion{versionList=[4, 0, 18]}, minWireVersion=0, maxWireVersion=7, maxDocumentSize=16777216, logicalSessionTimeoutMinutes=30, roundTripTimeNanos=1013739788, setName='staging-mongo', canonicalAddress=172.16.10.25:27000, hosts=[172.16.10.25:27000], passives=[], arbiters=[], primary='172.16.10.25:27000', tagSet=TagSet{[]}, electionId=7fffffff0000000000000005, setVersion=1, lastWriteDate=Thu May 27 12:49:43 IST 2021, lastUpdateTimeNanos=252293527758584}
[INFO] date=2021-05-27 12:49:50,951 application= host= thread=[DemoApp-system-akka.actor.default-dispatcher-7] class=kamon.util.logger.LazyLogger file=LazyLogger.scala method=info line=35 - 
> Inserted into DB
[ERROR] date=2021-05-27 12:49:51,084 application= host= thread=[DemoApp-system-akka.actor.default-dispatcher-7] class=com.joveo.fna_api_utilities.core.JoveoLogging file=JoveoLogging.scala method=logRequest line=97 - 
> elapsedTime=18308 path=/api/v1/role method=POST statusCode=500 requestBody={
  "displayName": "Editor",
  "description": "Allow all permissions",
  "createdBy": "preeti@joveo.com",
  "accountId": "ripple",
  "application": "mojo",
  "isDefaultRole": false,
  "permissions": [
    "permission_a",
    "permission_b"
  ]
} responseBody={"errorCode":"internal_server_error","message":"Internal server error","errorType":"api_error"}
[INFO] date=2021-05-27 12:52:44,453 application= host= thread=[main] class=com.mongodb.diagnostics.logging.SLF4JLogger file=SLF4JLogger.java method=info line=71 - 
> Cluster created with settings {hosts=[services-mongo.infra-dev.joveo.com:27000], mode=SINGLE, requiredClusterType=UNKNOWN, serverSelectionTimeout='30000 ms', maxWaitQueueSize=500}
[INFO] date=2021-05-27 12:52:45,804 application= host= thread=[DemoApp-system-akka.actor.default-dispatcher-7] class=com.joveo.fna_api_utilities.core.JoveoServer file=JoveoServer.scala method=$anonfun$startApp$1 line=71 - 
> application is up and running at localhost:8080
[INFO] date=2021-05-27 12:52:50,238 application= host= thread=[cluster-ClusterId{value='60af48c49b17197774bba75a', description='null'}-services-mongo.infra-dev.joveo.com:27000] class=com.mongodb.diagnostics.logging.SLF4JLogger file=SLF4JLogger.java method=info line=71 - 
> Opened connection [connectionId{localValue:1, serverValue:3496298}] to services-mongo.infra-dev.joveo.com:27000
[INFO] date=2021-05-27 12:52:51,083 application= host= thread=[cluster-ClusterId{value='60af48c49b17197774bba75a', description='null'}-services-mongo.infra-dev.joveo.com:27000] class=com.mongodb.diagnostics.logging.SLF4JLogger file=SLF4JLogger.java method=info line=71 - 
> Monitor thread successfully connected to server with description ServerDescription{address=services-mongo.infra-dev.joveo.com:27000, type=REPLICA_SET_PRIMARY, state=CONNECTED, ok=true, version=ServerVersion{versionList=[4, 0, 18]}, minWireVersion=0, maxWireVersion=7, maxDocumentSize=16777216, logicalSessionTimeoutMinutes=30, roundTripTimeNanos=841960278, setName='staging-mongo', canonicalAddress=172.16.10.25:27000, hosts=[172.16.10.25:27000], passives=[], arbiters=[], primary='172.16.10.25:27000', tagSet=TagSet{[]}, electionId=7fffffff0000000000000005, setVersion=1, lastWriteDate=Thu May 27 12:52:58 IST 2021, lastUpdateTimeNanos=252486860597839}
[INFO] date=2021-05-27 12:53:01,674 application= host= thread=[DemoApp-system-akka.actor.default-dispatcher-7] class=kamon.util.logger.LazyLogger file=LazyLogger.scala method=info line=35 - 
> Inserted into DB
[ERROR] date=2021-05-27 12:53:01,751 application= host= thread=[DemoApp-system-akka.actor.default-dispatcher-7] class=com.joveo.fna_api_utilities.core.JoveoLogging file=JoveoLogging.scala method=logRequest line=97 - 
> elapsedTime=16277 path=/api/v1/role method=POST statusCode=500 requestBody={
  "displayName": "Editor",
  "description": "Allow all permissions",
  "createdBy": "preeti@joveo.com",
  "accountId": "ripple",
  "application": "mojo",
  "isDefaultRole": false,
  "permissions": [
    "permission_a",
    "permission_b"
  ]
} responseBody={"errorCode":"internal_server_error","message":"Internal server error","errorType":"api_error"}
[INFO] date=2021-05-27 12:58:20,092 application= host= thread=[main] class=com.mongodb.diagnostics.logging.SLF4JLogger file=SLF4JLogger.java method=info line=71 - 
> Cluster created with settings {hosts=[services-mongo.infra-dev.joveo.com:27000], mode=SINGLE, requiredClusterType=UNKNOWN, serverSelectionTimeout='30000 ms', maxWaitQueueSize=500}
[INFO] date=2021-05-27 12:58:21,228 application= host= thread=[DemoApp-system-akka.actor.default-dispatcher-6] class=com.joveo.fna_api_utilities.core.JoveoServer file=JoveoServer.scala method=$anonfun$startApp$1 line=71 - 
> application is up and running at localhost:8080
[INFO] date=2021-05-27 12:58:24,231 application= host= thread=[cluster-ClusterId{value='60af4a149b171977993e5511', description='null'}-services-mongo.infra-dev.joveo.com:27000] class=com.mongodb.diagnostics.logging.SLF4JLogger file=SLF4JLogger.java method=info line=71 - 
> Opened connection [connectionId{localValue:1, serverValue:3496510}] to services-mongo.infra-dev.joveo.com:27000
[INFO] date=2021-05-27 12:58:26,006 application= host= thread=[cluster-ClusterId{value='60af4a149b171977993e5511', description='null'}-services-mongo.infra-dev.joveo.com:27000] class=com.mongodb.diagnostics.logging.SLF4JLogger file=SLF4JLogger.java method=info line=71 - 
> Monitor thread successfully connected to server with description ServerDescription{address=services-mongo.infra-dev.joveo.com:27000, type=REPLICA_SET_PRIMARY, state=CONNECTED, ok=true, version=ServerVersion{versionList=[4, 0, 18]}, minWireVersion=0, maxWireVersion=7, maxDocumentSize=16777216, logicalSessionTimeoutMinutes=30, roundTripTimeNanos=1772012236, setName='staging-mongo', canonicalAddress=172.16.10.25:27000, hosts=[172.16.10.25:27000], passives=[], arbiters=[], primary='172.16.10.25:27000', tagSet=TagSet{[]}, electionId=7fffffff0000000000000005, setVersion=1, lastWriteDate=Thu May 27 12:58:28 IST 2021, lastUpdateTimeNanos=252821786158736}
[INFO] date=2021-05-27 12:58:40,926 application= host= thread=[DemoApp-system-akka.actor.default-dispatcher-6] class=kamon.util.logger.LazyLogger file=LazyLogger.scala method=info line=35 - 
> Inserted into DB
[INFO] date=2021-05-27 12:58:51,693 application= host= thread=[Thread-13] class=com.mongodb.diagnostics.logging.SLF4JLogger file=SLF4JLogger.java method=info line=71 - 
> Opened connection [connectionId{localValue:2, serverValue:3496517}] to services-mongo.infra-dev.joveo.com:27000
[INFO] date=2021-05-27 12:58:55,866 application= host= thread=[DemoApp-system-akka.actor.default-dispatcher-6] class=com.joveo.fna_api_utilities.core.JoveoLogging file=JoveoLogging.scala method=logRequest line=99 - 
> elapsedTime=34930 path=/api/v1/role method=POST statusCode=200
[INFO] date=2021-05-27 13:01:04,421 application= host= thread=[DemoApp-system-akka.actor.default-dispatcher-10] class=kamon.util.logger.LazyLogger file=LazyLogger.scala method=info line=35 - 
> Inserted into DB
[INFO] date=2021-05-27 13:01:06,181 application= host= thread=[DemoApp-system-akka.actor.default-dispatcher-10] class=com.joveo.fna_api_utilities.core.JoveoLogging file=JoveoLogging.scala method=logRequest line=99 - 
> elapsedTime=165247 path=/api/v1/role method=POST statusCode=200
[INFO] date=2021-05-27 13:03:06,181 application= host= thread=[DemoApp-system-akka.actor.default-dispatcher-6] class=kamon.util.logger.LazyLogger file=LazyLogger.scala method=info line=35 - 
> Inserted into DB
[INFO] date=2021-05-27 13:03:07,235 application= host= thread=[DemoApp-system-akka.actor.default-dispatcher-15] class=com.joveo.fna_api_utilities.core.JoveoLogging file=JoveoLogging.scala method=logRequest line=99 - 
> elapsedTime=286301 path=/api/v1/role method=POST statusCode=200
[INFO] date=2021-05-27 13:04:27,321 application= host= thread=[DemoApp-system-akka.actor.default-dispatcher-11] class=kamon.util.logger.LazyLogger file=LazyLogger.scala method=info line=35 - 
> Inserted into DB
[INFO] date=2021-05-27 13:04:28,339 application= host= thread=[DemoApp-system-akka.actor.default-dispatcher-19] class=com.joveo.fna_api_utilities.core.JoveoLogging file=JoveoLogging.scala method=logRequest line=99 - 
> elapsedTime=367405 path=/api/v1/role method=POST statusCode=200
[INFO] date=2021-05-27 13:04:57,870 application= host= thread=[DemoApp-system-akka.actor.default-dispatcher-11] class=kamon.util.logger.LazyLogger file=LazyLogger.scala method=info line=35 - 
> Inserted into DB
[ERROR] date=2021-05-27 13:04:59,712 application= host= thread=[DemoApp-system-akka.actor.default-dispatcher-11] class=com.joveo.fna_api_utilities.core.JoveoLogging file=JoveoLogging.scala method=logRequest line=97 - 
> elapsedTime=398774 path=/api/v1/role method=POST statusCode=400 requestBody={
  "displayName": "Editor",
  "description": "Allow edit permissions",
  "createdBy": "preeti@joveo.com",
  "accountId": "ripple",
  "application": "mojoPro",
  "isDefaultRole": false,
  "permissions": [
    "permission_a",
    "permission_b"
  ]
} responseBody={"errorCode":"401","message":"Permission Already Exists","errorType":"Resource Already Exists"}
[INFO] date=2021-05-27 13:12:47,780 application= host= thread=[main] class=com.mongodb.diagnostics.logging.SLF4JLogger file=SLF4JLogger.java method=info line=71 - 
> Cluster created with settings {hosts=[services-mongo.infra-dev.joveo.com:27000], mode=SINGLE, requiredClusterType=UNKNOWN, serverSelectionTimeout='30000 ms', maxWaitQueueSize=500}
[INFO] date=2021-05-27 13:12:48,993 application= host= thread=[DemoApp-system-akka.actor.default-dispatcher-7] class=com.joveo.fna_api_utilities.core.JoveoServer file=JoveoServer.scala method=$anonfun$startApp$1 line=71 - 
> application is up and running at localhost:8080
[INFO] date=2021-05-27 13:12:52,351 application= host= thread=[cluster-ClusterId{value='60af4d779b171977de3d1628', description='null'}-services-mongo.infra-dev.joveo.com:27000] class=com.mongodb.diagnostics.logging.SLF4JLogger file=SLF4JLogger.java method=info line=71 - 
> Opened connection [connectionId{localValue:1, serverValue:3497215}] to services-mongo.infra-dev.joveo.com:27000
[INFO] date=2021-05-27 13:12:53,284 application= host= thread=[cluster-ClusterId{value='60af4d779b171977de3d1628', description='null'}-services-mongo.infra-dev.joveo.com:27000] class=com.mongodb.diagnostics.logging.SLF4JLogger file=SLF4JLogger.java method=info line=71 - 
> Monitor thread successfully connected to server with description ServerDescription{address=services-mongo.infra-dev.joveo.com:27000, type=REPLICA_SET_PRIMARY, state=CONNECTED, ok=true, version=ServerVersion{versionList=[4, 0, 18]}, minWireVersion=0, maxWireVersion=7, maxDocumentSize=16777216, logicalSessionTimeoutMinutes=30, roundTripTimeNanos=930668404, setName='staging-mongo', canonicalAddress=172.16.10.25:27000, hosts=[172.16.10.25:27000], passives=[], arbiters=[], primary='172.16.10.25:27000', tagSet=TagSet{[]}, electionId=7fffffff0000000000000005, setVersion=1, lastWriteDate=Thu May 27 13:12:58 IST 2021, lastUpdateTimeNanos=253689041992645}
[INFO] date=2021-05-27 13:13:10,238 application= host= thread=[DemoApp-system-akka.actor.default-dispatcher-7] class=kamon.util.logger.LazyLogger file=LazyLogger.scala method=info line=35 - 
> Inserted into DB
[INFO] date=2021-05-27 13:13:16,563 application= host= thread=[Thread-13] class=com.mongodb.diagnostics.logging.SLF4JLogger file=SLF4JLogger.java method=info line=71 - 
> Opened connection [connectionId{localValue:2, serverValue:3497221}] to services-mongo.infra-dev.joveo.com:27000
[ERROR] date=2021-05-27 13:13:18,262 application= host= thread=[DemoApp-system-akka.actor.default-dispatcher-7] class=com.joveo.fna_api_utilities.core.JoveoLogging file=JoveoLogging.scala method=logRequest line=97 - 
> elapsedTime=29570 path=/api/v1/role method=POST statusCode=400 requestBody={
  "displayName": "Editor",
  "description": "Allow edit permissions",
  "createdBy": "preeti@joveo.com",
  "accountId": "ripple",
  "application": "mojoPro",
  "isDefaultRole": false,
  "permissions": [
    "permission_a",
    "permission_b"
  ]
} responseBody={"errorCode":"401","message":"Role Already Exists","errorType":"Resource Already Exists"}
[INFO] date=2021-05-27 13:14:06,793 application= host= thread=[DemoApp-system-akka.actor.default-dispatcher-6] class=kamon.util.logger.LazyLogger file=LazyLogger.scala method=info line=35 - 
> Inserted into DB
[INFO] date=2021-05-27 13:14:14,143 application= host= thread=[DemoApp-system-akka.actor.default-dispatcher-7] class=com.joveo.fna_api_utilities.core.JoveoLogging file=JoveoLogging.scala method=logRequest line=99 - 
> elapsedTime=85453 path=/api/v1/role method=POST statusCode=200
[INFO] date=2021-05-27 13:15:33,789 application= host= thread=[DemoApp-system-akka.actor.default-dispatcher-16] class=com.joveo.fna_api_utilities.core.JoveoLogging file=JoveoLogging.scala method=logRequest line=99 - 
> elapsedTime=165099 path=/api/v1/role method=GET statusCode=200
[INFO] date=2021-05-27 13:44:48,439 application= host= thread=[main] class=com.mongodb.diagnostics.logging.SLF4JLogger file=SLF4JLogger.java method=info line=71 - 
> Cluster created with settings {hosts=[localhost:27017], mode=SINGLE, requiredClusterType=UNKNOWN, serverSelectionTimeout='30000 ms', maxWaitQueueSize=500}
[INFO] date=2021-05-27 13:44:48,562 application= host= thread=[cluster-ClusterId{value='60af54f89b17197860a3985f', description='null'}-localhost:27017] class=com.mongodb.diagnostics.logging.SLF4JLogger file=SLF4JLogger.java method=info line=71 - 
> Opened connection [connectionId{localValue:1, serverValue:18}] to localhost:27017
[INFO] date=2021-05-27 13:44:48,569 application= host= thread=[cluster-ClusterId{value='60af54f89b17197860a3985f', description='null'}-localhost:27017] class=com.mongodb.diagnostics.logging.SLF4JLogger file=SLF4JLogger.java method=info line=71 - 
> Monitor thread successfully connected to server with description ServerDescription{address=localhost:27017, type=STANDALONE, state=CONNECTED, ok=true, version=ServerVersion{versionList=[4, 4, 1]}, minWireVersion=0, maxWireVersion=9, maxDocumentSize=16777216, logicalSessionTimeoutMinutes=30, roundTripTimeNanos=3035925}
[INFO] date=2021-05-27 13:44:49,897 application= host= thread=[DemoApp-system-akka.actor.default-dispatcher-6] class=com.joveo.fna_api_utilities.core.JoveoServer file=JoveoServer.scala method=$anonfun$startApp$1 line=71 - 
> application is up and running at localhost:8080
[INFO] date=2021-05-27 13:44:57,031 application= host= thread=[Thread-8] class=com.mongodb.diagnostics.logging.SLF4JLogger file=SLF4JLogger.java method=info line=71 - 
> Opened connection [connectionId{localValue:2, serverValue:19}] to localhost:27017
[ERROR] date=2021-05-27 13:44:57,132 application= host= thread=[DemoApp-system-akka.actor.default-dispatcher-6] class=com.joveo.fna_api_utilities.core.JoveoLogging file=JoveoLogging.scala method=logRequest line=97 - 
> elapsedTime=7635 path=/api/v1/role method=GET statusCode=401 requestBody={
  "displayName": "Editor",
  "description": "Allow edit permissions",
  "createdBy": "preeti@joveo.com",
  "accountId": "ripple",
  "application": "mojoPro",
  "isDefaultRole": false,
  "permissions": [
    "permission_a",
    "permission_b"
  ]
} responseBody={"errorCode":"401","message":"role doesn't exists","errorType":""}
[INFO] date=2021-05-27 13:45:04,206 application= host= thread=[DemoApp-system-akka.actor.default-dispatcher-7] class=kamon.util.logger.LazyLogger file=LazyLogger.scala method=info line=35 - 
> Inserted into DB
[INFO] date=2021-05-27 13:45:04,322 application= host= thread=[DemoApp-system-akka.actor.default-dispatcher-7] class=com.joveo.fna_api_utilities.core.JoveoLogging file=JoveoLogging.scala method=logRequest line=99 - 
> elapsedTime=14827 path=/api/v1/role method=POST statusCode=200
