[INFO] date=2021-05-22 01:35:19,724 application= host= thread=[DemoApp-system-akka.actor.default-dispatcher-4] class=com.joveo.fna_api_utilities.core.JoveoServer file=JoveoServer.scala method=$anonfun$startApp$1 line=71 - 
> application is up and running at localhost:8080
[ERROR] date=2021-05-22 01:36:06,951 application= host= thread=[DemoApp-system-akka.actor.default-dispatcher-4] class=com.joveo.fna_api_utilities.core.JoveoLogging file=JoveoLogging.scala method=logRequest line=97 - 
> elapsedTime=47718 path=/ method=GET statusCode=404 requestBody= responseBody={"errorCode":"invalid_endpoint","message":"The requested resource could not be found","errorType":"resource_unavailable_error"}
[ERROR] date=2021-05-22 01:36:07,009 application= host= thread=[DemoApp-system-akka.actor.default-dispatcher-5] class=com.joveo.fna_api_utilities.core.JoveoLogging file=JoveoLogging.scala method=logRequest line=97 - 
> elapsedTime=47778 path=/favicon.ico method=GET statusCode=404 requestBody= responseBody={"errorCode":"invalid_endpoint","message":"The requested resource could not be found","errorType":"resource_unavailable_error"}
[ERROR] date=2021-05-22 01:36:15,504 application= host= thread=[DemoApp-system-akka.actor.default-dispatcher-4] class=com.joveo.fna_api_utilities.core.JoveoLogging file=JoveoLogging.scala method=logRequest line=97 - 
> elapsedTime=56273 path=/api/client method=GET statusCode=404 requestBody= responseBody={"errorCode":"invalid_endpoint","message":"The requested resource could not be found","errorType":"resource_unavailable_error"}
[ERROR] date=2021-05-22 01:36:15,538 application= host= thread=[DemoApp-system-akka.actor.default-dispatcher-5] class=com.joveo.fna_api_utilities.core.JoveoLogging file=JoveoLogging.scala method=logRequest line=97 - 
> elapsedTime=56306 path=/favicon.ico method=GET statusCode=404 requestBody= responseBody={"errorCode":"invalid_endpoint","message":"The requested resource could not be found","errorType":"resource_unavailable_error"}
[ERROR] date=2021-05-22 01:36:17,714 application= host= thread=[DemoApp-system-akka.actor.default-dispatcher-5] class=com.joveo.fna_api_utilities.core.JoveoLogging file=JoveoLogging.scala method=logRequest line=97 - 
> elapsedTime=58483 path=/api/v1/client method=GET statusCode=401 requestBody= responseBody={"errorCode":"invalid_request","message":"Invalid value for: header MojoAccessToken","errorType":"invalid_request_error"}
[ERROR] date=2021-05-22 01:36:17,786 application= host= thread=[DemoApp-system-akka.actor.default-dispatcher-8] class=com.joveo.fna_api_utilities.core.JoveoLogging file=JoveoLogging.scala method=logRequest line=97 - 
> elapsedTime=58555 path=/favicon.ico method=GET statusCode=404 requestBody= responseBody={"errorCode":"invalid_endpoint","message":"The requested resource could not be found","errorType":"resource_unavailable_error"}
[INFO] date=2021-05-22 01:40:19,783 application= host= thread=[DemoApp-system-akka.actor.default-dispatcher-4] class=Application$ file=Application.scala method=$anonfun$getAllEndpoint$4 line=29 - 
> Get all clients
[INFO] date=2021-05-22 01:40:19,790 application= host= thread=[DemoApp-system-akka.actor.default-dispatcher-4] class=com.joveo.fna_api_utilities.core.JoveoLogging file=JoveoLogging.scala method=logRequest line=99 - 
> elapsedTime=300559 path=/api/v1/client method=GET statusCode=200
[ERROR] date=2021-05-22 01:40:40,316 application= host= thread=[DemoApp-system-akka.actor.default-dispatcher-5] class=com.joveo.fna_api_utilities.core.JoveoLogging file=JoveoLogging.scala method=logRequest line=97 - 
> elapsedTime=321085 path=/swagger method=GET statusCode=308 requestBody= responseBody=The request, and all future requests should be repeated using <a href="/swagger/index.html?url=/swagger/docs.yaml">this URI</a>.
[INFO] date=2021-05-22 01:40:40,391 application= host= thread=[DemoApp-system-akka.actor.default-dispatcher-5] class=com.joveo.fna_api_utilities.core.JoveoLogging file=JoveoLogging.scala method=logRequest line=99 - 
> elapsedTime=321160 path=/swagger/index.html method=GET statusCode=200
[INFO] date=2021-05-22 01:40:40,436 application= host= thread=[DemoApp-system-akka.actor.default-dispatcher-11] class=com.joveo.fna_api_utilities.core.JoveoLogging file=JoveoLogging.scala method=logRequest line=99 - 
> elapsedTime=321205 path=/swagger/swagger-ui.css method=GET statusCode=200
[INFO] date=2021-05-22 01:40:40,441 application= host= thread=[DemoApp-system-akka.actor.default-dispatcher-5] class=com.joveo.fna_api_utilities.core.JoveoLogging file=JoveoLogging.scala method=logRequest line=99 - 
> elapsedTime=321209 path=/swagger/swagger-ui-bundle.js method=GET statusCode=200
[INFO] date=2021-05-22 01:40:40,444 application= host= thread=[DemoApp-system-akka.actor.default-dispatcher-5] class=com.joveo.fna_api_utilities.core.JoveoLogging file=JoveoLogging.scala method=logRequest line=99 - 
> elapsedTime=321213 path=/swagger/swagger-ui-standalone-preset.js method=GET statusCode=200
[INFO] date=2021-05-22 01:40:40,669 application= host= thread=[DemoApp-system-akka.actor.default-dispatcher-5] class=com.joveo.fna_api_utilities.core.JoveoLogging file=JoveoLogging.scala method=logRequest line=99 - 
> elapsedTime=321438 path=/swagger/docs.yaml method=GET statusCode=200
[INFO] date=2021-05-22 01:40:40,690 application= host= thread=[DemoApp-system-akka.actor.default-dispatcher-5] class=com.joveo.fna_api_utilities.core.JoveoLogging file=JoveoLogging.scala method=logRequest line=99 - 
> elapsedTime=321458 path=/swagger/favicon-32x32.png method=GET statusCode=200
[INFO] date=2021-05-22 01:40:40,691 application= host= thread=[DemoApp-system-akka.actor.default-dispatcher-4] class=com.joveo.fna_api_utilities.core.JoveoLogging file=JoveoLogging.scala method=logRequest line=99 - 
> elapsedTime=321460 path=/swagger/favicon-16x16.png method=GET statusCode=200
[INFO] date=2021-05-22 01:44:07,473 application= host= thread=[DemoApp-system-akka.actor.default-dispatcher-5] class=com.joveo.fna_api_utilities.core.JoveoServer file=JoveoServer.scala method=$anonfun$startApp$1 line=71 - 
> application is up and running at localhost:8080
[INFO] date=2021-05-22 01:44:16,822 application= host= thread=[DemoApp-system-akka.actor.default-dispatcher-5] class=com.joveo.fna_api_utilities.core.JoveoLogging file=JoveoLogging.scala method=logRequest line=99 - 
> elapsedTime=9765 path=/swagger/index.html method=GET statusCode=200
[INFO] date=2021-05-22 01:44:16,948 application= host= thread=[DemoApp-system-akka.actor.default-dispatcher-4] class=com.joveo.fna_api_utilities.core.JoveoLogging file=JoveoLogging.scala method=logRequest line=99 - 
> elapsedTime=9892 path=/swagger/docs.yaml method=GET statusCode=200
[INFO] date=2021-05-24 10:39:52,687 application= host= thread=[main] class=com.mongodb.diagnostics.logging.SLF4JLogger file=SLF4JLogger.java method=info line=71 - 
> Cluster created with settings {hosts=[services-mongo.infra-dev.joveo.com:27000], mode=SINGLE, requiredClusterType=UNKNOWN, serverSelectionTimeout='30000 ms', maxWaitQueueSize=500}
[INFO] date=2021-05-24 10:39:53,832 application= host= thread=[DemoApp-system-akka.actor.default-dispatcher-5] class=com.joveo.fna_api_utilities.core.JoveoServer file=JoveoServer.scala method=$anonfun$startApp$1 line=71 - 
> application is up and running at localhost:8080
[INFO] date=2021-05-24 10:39:57,927 application= host= thread=[cluster-ClusterId{value='60ab35204d3f9b654b5ce2c5', description='null'}-services-mongo.infra-dev.joveo.com:27000] class=com.mongodb.diagnostics.logging.SLF4JLogger file=SLF4JLogger.java method=info line=71 - 
> Opened connection [connectionId{localValue:1, serverValue:3343818}] to services-mongo.infra-dev.joveo.com:27000
[INFO] date=2021-05-24 10:39:58,529 application= host= thread=[cluster-ClusterId{value='60ab35204d3f9b654b5ce2c5', description='null'}-services-mongo.infra-dev.joveo.com:27000] class=com.mongodb.diagnostics.logging.SLF4JLogger file=SLF4JLogger.java method=info line=71 - 
> Monitor thread successfully connected to server with description ServerDescription{address=services-mongo.infra-dev.joveo.com:27000, type=REPLICA_SET_PRIMARY, state=CONNECTED, ok=true, version=ServerVersion{versionList=[4, 0, 18]}, minWireVersion=0, maxWireVersion=7, maxDocumentSize=16777216, logicalSessionTimeoutMinutes=30, roundTripTimeNanos=598693261, setName='staging-mongo', canonicalAddress=172.16.10.25:27000, hosts=[172.16.10.25:27000], passives=[], arbiters=[], primary='172.16.10.25:27000', tagSet=TagSet{[]}, electionId=7fffffff0000000000000005, setVersion=1, lastWriteDate=Mon May 24 10:40:00 IST 2021, lastUpdateTimeNanos=208147649700579}
[INFO] date=2021-05-24 10:42:22,269 application= host= thread=[main] class=com.mongodb.diagnostics.logging.SLF4JLogger file=SLF4JLogger.java method=info line=71 - 
> Cluster created with settings {hosts=[services-mongo.infra-dev.joveo.com:27000], mode=SINGLE, requiredClusterType=UNKNOWN, serverSelectionTimeout='30000 ms', maxWaitQueueSize=500}
[INFO] date=2021-05-24 10:42:23,113 application= host= thread=[DemoApp-system-akka.actor.default-dispatcher-4] class=com.joveo.fna_api_utilities.core.JoveoServer file=JoveoServer.scala method=$anonfun$startApp$1 line=71 - 
> application is up and running at localhost:8080
[INFO] date=2021-05-24 10:42:25,530 application= host= thread=[cluster-ClusterId{value='60ab35b6e2ea99664ba1d3d5', description='null'}-services-mongo.infra-dev.joveo.com:27000] class=com.mongodb.diagnostics.logging.SLF4JLogger file=SLF4JLogger.java method=info line=71 - 
> Opened connection [connectionId{localValue:1, serverValue:3343889}] to services-mongo.infra-dev.joveo.com:27000
[INFO] date=2021-05-24 10:42:26,129 application= host= thread=[cluster-ClusterId{value='60ab35b6e2ea99664ba1d3d5', description='null'}-services-mongo.infra-dev.joveo.com:27000] class=com.mongodb.diagnostics.logging.SLF4JLogger file=SLF4JLogger.java method=info line=71 - 
> Monitor thread successfully connected to server with description ServerDescription{address=services-mongo.infra-dev.joveo.com:27000, type=REPLICA_SET_PRIMARY, state=CONNECTED, ok=true, version=ServerVersion{versionList=[4, 0, 18]}, minWireVersion=0, maxWireVersion=7, maxDocumentSize=16777216, logicalSessionTimeoutMinutes=30, roundTripTimeNanos=596834230, setName='staging-mongo', canonicalAddress=172.16.10.25:27000, hosts=[172.16.10.25:27000], passives=[], arbiters=[], primary='172.16.10.25:27000', tagSet=TagSet{[]}, electionId=7fffffff0000000000000005, setVersion=1, lastWriteDate=Mon May 24 10:42:30 IST 2021, lastUpdateTimeNanos=208295250071916}
[ERROR] date=2021-05-24 10:43:06,572 application= host= thread=[DemoApp-system-akka.actor.default-dispatcher-4] class=com.joveo.fna_api_utilities.core.JoveoLogging file=JoveoLogging.scala method=logRequest line=97 - 
> elapsedTime=43669 path=/api/v1/permission method=GET statusCode=500 requestBody= responseBody={"errorCode":"internal_server_error","message":"Internal server error","errorType":"api_error"}
[INFO] date=2021-05-24 10:43:11,222 application= host= thread=[Thread-5] class=com.mongodb.diagnostics.logging.SLF4JLogger file=SLF4JLogger.java method=info line=71 - 
> Opened connection [connectionId{localValue:2, serverValue:3343911}] to services-mongo.infra-dev.joveo.com:27000
[INFO] date=2021-05-24 10:44:04,035 application= host= thread=[main] class=com.mongodb.diagnostics.logging.SLF4JLogger file=SLF4JLogger.java method=info line=71 - 
> Cluster created with settings {hosts=[services-mongo.infra-dev.joveo.com:27000], mode=SINGLE, requiredClusterType=UNKNOWN, serverSelectionTimeout='30000 ms', maxWaitQueueSize=500}
[INFO] date=2021-05-24 10:44:05,152 application= host= thread=[DemoApp-system-akka.actor.default-dispatcher-4] class=com.joveo.fna_api_utilities.core.JoveoServer file=JoveoServer.scala method=$anonfun$startApp$1 line=71 - 
> application is up and running at localhost:8080
[INFO] date=2021-05-24 10:44:07,040 application= host= thread=[cluster-ClusterId{value='60ab361ce2ea996651b51864', description='null'}-services-mongo.infra-dev.joveo.com:27000] class=com.mongodb.diagnostics.logging.SLF4JLogger file=SLF4JLogger.java method=info line=71 - 
> Opened connection [connectionId{localValue:1, serverValue:3343933}] to services-mongo.infra-dev.joveo.com:27000
[INFO] date=2021-05-24 10:44:07,648 application= host= thread=[cluster-ClusterId{value='60ab361ce2ea996651b51864', description='null'}-services-mongo.infra-dev.joveo.com:27000] class=com.mongodb.diagnostics.logging.SLF4JLogger file=SLF4JLogger.java method=info line=71 - 
> Monitor thread successfully connected to server with description ServerDescription{address=services-mongo.infra-dev.joveo.com:27000, type=REPLICA_SET_PRIMARY, state=CONNECTED, ok=true, version=ServerVersion{versionList=[4, 0, 18]}, minWireVersion=0, maxWireVersion=7, maxDocumentSize=16777216, logicalSessionTimeoutMinutes=30, roundTripTimeNanos=598685680, setName='staging-mongo', canonicalAddress=172.16.10.25:27000, hosts=[172.16.10.25:27000], passives=[], arbiters=[], primary='172.16.10.25:27000', tagSet=TagSet{[]}, electionId=7fffffff0000000000000005, setVersion=1, lastWriteDate=Mon May 24 10:44:10 IST 2021, lastUpdateTimeNanos=208396761749077}
[ERROR] date=2021-05-24 10:55:49,213 application= host= thread=[DemoApp-system-akka.actor.default-dispatcher-4] class=com.joveo.fna_api_utilities.core.JoveoLogging file=JoveoLogging.scala method=logRequest line=97 - 
> elapsedTime=704355 path=/api/v1/permission method=GET statusCode=503 requestBody= responseBody={"errorCode":"timed_out","message":"The request took too long to process","errorType":"timeout_error"}
[ERROR] date=2021-05-24 10:55:49,292 application= host= thread=[DemoApp-system-akka.actor.default-dispatcher-5] class=com.joveo.fna_api_utilities.core.JoveoLogging file=JoveoLogging.scala method=logRequest line=97 - 
> elapsedTime=704437 path=/api/v1/permission method=GET statusCode=500 requestBody= responseBody={"errorCode":"internal_server_error","message":"Internal server error","errorType":"api_error"}
[INFO] date=2021-05-24 10:55:54,362 application= host= thread=[Thread-2] class=com.mongodb.diagnostics.logging.SLF4JLogger file=SLF4JLogger.java method=info line=71 - 
> Opened connection [connectionId{localValue:2, serverValue:3344194}] to services-mongo.infra-dev.joveo.com:27000
[INFO] date=2021-05-24 12:08:16,017 application= host= thread=[cluster-ClusterId{value='60ab361ce2ea996651b51864', description='null'}-services-mongo.infra-dev.joveo.com:27000] class=com.mongodb.diagnostics.logging.SLF4JLogger file=SLF4JLogger.java method=info line=76 - 
> Exception in monitor thread while connecting to server services-mongo.infra-dev.joveo.com:27000
com.mongodb.MongoSocketOpenException: Exception opening socket
	at com.mongodb.internal.connection.AsynchronousSocketChannelStream$OpenCompletionHandler.failed(AsynchronousSocketChannelStream.java:272)
	at java.base/sun.nio.ch.Invoker.invokeUnchecked(Invoker.java:129)
	at java.base/sun.nio.ch.UnixAsynchronousSocketChannelImpl.finishConnect(UnixAsynchronousSocketChannelImpl.java:283)
	at java.base/sun.nio.ch.UnixAsynchronousSocketChannelImpl.finish(UnixAsynchronousSocketChannelImpl.java:198)
	at java.base/sun.nio.ch.UnixAsynchronousSocketChannelImpl.onEvent(UnixAsynchronousSocketChannelImpl.java:213)
	at java.base/sun.nio.ch.KQueuePort$EventHandlerTask.run(KQueuePort.java:312)
	at java.base/sun.nio.ch.AsynchronousChannelGroupImpl$1.run(AsynchronousChannelGroupImpl.java:112)
	at java.base/java.util.concurrent.ThreadPoolExecutor.runWorker(ThreadPoolExecutor.java:1128)
	at java.base/java.util.concurrent.ThreadPoolExecutor$Worker.run(ThreadPoolExecutor.java:628)
	at java.base/java.lang.Thread.run(Thread.java:829)
Caused by: java.net.ConnectException: Operation timed out
	at java.base/sun.nio.ch.UnixAsynchronousSocketChannelImpl.checkConnect(Native Method)
	at java.base/sun.nio.ch.UnixAsynchronousSocketChannelImpl.finishConnect(UnixAsynchronousSocketChannelImpl.java:252)
	... 7 common frames omitted
[INFO] date=2021-05-24 12:08:28,750 application= host= thread=[cluster-ClusterId{value='60ab361ce2ea996651b51864', description='null'}-services-mongo.infra-dev.joveo.com:27000] class=com.mongodb.diagnostics.logging.SLF4JLogger file=SLF4JLogger.java method=info line=71 - 
> Opened connection [connectionId{localValue:4, serverValue:3346199}] to services-mongo.infra-dev.joveo.com:27000
[INFO] date=2021-05-24 12:08:29,354 application= host= thread=[cluster-ClusterId{value='60ab361ce2ea996651b51864', description='null'}-services-mongo.infra-dev.joveo.com:27000] class=com.mongodb.diagnostics.logging.SLF4JLogger file=SLF4JLogger.java method=info line=71 - 
> Monitor thread successfully connected to server with description ServerDescription{address=services-mongo.infra-dev.joveo.com:27000, type=REPLICA_SET_PRIMARY, state=CONNECTED, ok=true, version=ServerVersion{versionList=[4, 0, 18]}, minWireVersion=0, maxWireVersion=7, maxDocumentSize=16777216, logicalSessionTimeoutMinutes=30, roundTripTimeNanos=602790374, setName='staging-mongo', canonicalAddress=172.16.10.25:27000, hosts=[172.16.10.25:27000], passives=[], arbiters=[], primary='172.16.10.25:27000', tagSet=TagSet{[]}, electionId=7fffffff0000000000000005, setVersion=1, lastWriteDate=Mon May 24 12:08:30 IST 2021, lastUpdateTimeNanos=213373886048575}
[ERROR] date=2021-05-24 12:23:37,208 application= host= thread=[DemoApp-system-akka.actor.default-dispatcher-16] class=com.joveo.fna_api_utilities.core.JoveoLogging file=JoveoLogging.scala method=logRequest line=97 - 
> elapsedTime=5972352 path=/api/v1/permission method=GET statusCode=503 requestBody= responseBody={"errorCode":"timed_out","message":"The request took too long to process","errorType":"timeout_error"}
[INFO] date=2021-05-24 12:23:37,207 application= host= thread=[DemoApp-system-akka.actor.default-dispatcher-9] class=com.mongodb.diagnostics.logging.SLF4JLogger file=SLF4JLogger.java method=info line=71 - 
> Closed connection [connectionId{localValue:2, serverValue:3344194}] to services-mongo.infra-dev.joveo.com:27000 because there was a socket exception raised on another connection from this pool.
[ERROR] date=2021-05-24 12:23:37,224 application= host= thread=[DemoApp-system-akka.actor.default-dispatcher-9] class=com.joveo.fna_api_utilities.core.JoveoLogging file=JoveoLogging.scala method=logRequest line=97 - 
> elapsedTime=5972369 path=/api/v1/permission method=GET statusCode=500 requestBody= responseBody={"errorCode":"internal_server_error","message":"Internal server error","errorType":"api_error"}
[INFO] date=2021-05-24 12:23:57,846 application= host= thread=[main] class=com.mongodb.diagnostics.logging.SLF4JLogger file=SLF4JLogger.java method=info line=71 - 
> Cluster created with settings {hosts=[services-mongo.infra-dev.joveo.com:27000], mode=SINGLE, requiredClusterType=UNKNOWN, serverSelectionTimeout='30000 ms', maxWaitQueueSize=500}
[INFO] date=2021-05-24 12:23:58,812 application= host= thread=[DemoApp-system-akka.actor.default-dispatcher-6] class=com.joveo.fna_api_utilities.core.JoveoServer file=JoveoServer.scala method=$anonfun$startApp$1 line=71 - 
> application is up and running at localhost:8080
[INFO] date=2021-05-24 12:24:00,544 application= host= thread=[cluster-ClusterId{value='60ab4d854dec7968dbc16d6e', description='null'}-services-mongo.infra-dev.joveo.com:27000] class=com.mongodb.diagnostics.logging.SLF4JLogger file=SLF4JLogger.java method=info line=71 - 
> Opened connection [connectionId{localValue:1, serverValue:3347096}] to services-mongo.infra-dev.joveo.com:27000
[INFO] date=2021-05-24 12:24:01,154 application= host= thread=[cluster-ClusterId{value='60ab4d854dec7968dbc16d6e', description='null'}-services-mongo.infra-dev.joveo.com:27000] class=com.mongodb.diagnostics.logging.SLF4JLogger file=SLF4JLogger.java method=info line=71 - 
> Monitor thread successfully connected to server with description ServerDescription{address=services-mongo.infra-dev.joveo.com:27000, type=REPLICA_SET_PRIMARY, state=CONNECTED, ok=true, version=ServerVersion{versionList=[4, 0, 18]}, minWireVersion=0, maxWireVersion=7, maxDocumentSize=16777216, logicalSessionTimeoutMinutes=30, roundTripTimeNanos=599491323, setName='staging-mongo', canonicalAddress=172.16.10.25:27000, hosts=[172.16.10.25:27000], passives=[], arbiters=[], primary='172.16.10.25:27000', tagSet=TagSet{[]}, electionId=7fffffff0000000000000005, setVersion=1, lastWriteDate=Mon May 24 12:24:00 IST 2021, lastUpdateTimeNanos=214305665292528}
[INFO] date=2021-05-24 12:24:24,508 application= host= thread=[Thread-3] class=com.mongodb.diagnostics.logging.SLF4JLogger file=SLF4JLogger.java method=info line=71 - 
> Opened connection [connectionId{localValue:2, serverValue:3347107}] to services-mongo.infra-dev.joveo.com:27000
[INFO] date=2021-05-24 12:24:25,140 application= host= thread=[DemoApp-system-akka.actor.default-dispatcher-6] class=com.joveo.fna_api_utilities.core.JoveoLogging file=JoveoLogging.scala method=logRequest line=99 - 
> elapsedTime=26585 path=/api/v1/permission method=GET statusCode=200
[INFO] date=2021-05-24 12:50:12,810 application= host= thread=[cluster-ClusterId{value='60ab4d854dec7968dbc16d6e', description='null'}-services-mongo.infra-dev.joveo.com:27000] class=com.mongodb.diagnostics.logging.SLF4JLogger file=SLF4JLogger.java method=info line=76 - 
> Exception in monitor thread while connecting to server services-mongo.infra-dev.joveo.com:27000
com.mongodb.MongoSocketOpenException: Exception opening socket
	at com.mongodb.internal.connection.AsynchronousSocketChannelStream$OpenCompletionHandler.failed(AsynchronousSocketChannelStream.java:272)
	at java.base/sun.nio.ch.Invoker.invokeUnchecked(Invoker.java:129)
	at java.base/sun.nio.ch.Invoker$2.run(Invoker.java:219)
	at java.base/sun.nio.ch.AsynchronousChannelGroupImpl$1.run(AsynchronousChannelGroupImpl.java:112)
	at java.base/java.util.concurrent.ThreadPoolExecutor.runWorker(ThreadPoolExecutor.java:1128)
	at java.base/java.util.concurrent.ThreadPoolExecutor$Worker.run(ThreadPoolExecutor.java:628)
	at java.base/java.lang.Thread.run(Thread.java:829)
Caused by: java.net.ConnectException: Operation timed out
	at java.base/sun.nio.ch.UnixAsynchronousSocketChannelImpl.checkConnect(Native Method)
	at java.base/sun.nio.ch.UnixAsynchronousSocketChannelImpl.finishConnect(UnixAsynchronousSocketChannelImpl.java:252)
	at java.base/sun.nio.ch.UnixAsynchronousSocketChannelImpl.finish(UnixAsynchronousSocketChannelImpl.java:198)
	at java.base/sun.nio.ch.UnixAsynchronousSocketChannelImpl.onEvent(UnixAsynchronousSocketChannelImpl.java:213)
	at java.base/sun.nio.ch.KQueuePort$EventHandlerTask.run(KQueuePort.java:312)
	... 1 common frames omitted
[INFO] date=2021-05-24 12:51:51,032 application= host= thread=[cluster-ClusterId{value='60ab4d854dec7968dbc16d6e', description='null'}-services-mongo.infra-dev.joveo.com:27000] class=com.mongodb.diagnostics.logging.SLF4JLogger file=SLF4JLogger.java method=info line=71 - 
> Opened connection [connectionId{localValue:5, serverValue:3347765}] to services-mongo.infra-dev.joveo.com:27000
[INFO] date=2021-05-24 12:51:51,628 application= host= thread=[cluster-ClusterId{value='60ab4d854dec7968dbc16d6e', description='null'}-services-mongo.infra-dev.joveo.com:27000] class=com.mongodb.diagnostics.logging.SLF4JLogger file=SLF4JLogger.java method=info line=71 - 
> Monitor thread successfully connected to server with description ServerDescription{address=services-mongo.infra-dev.joveo.com:27000, type=REPLICA_SET_PRIMARY, state=CONNECTED, ok=true, version=ServerVersion{versionList=[4, 0, 18]}, minWireVersion=0, maxWireVersion=7, maxDocumentSize=16777216, logicalSessionTimeoutMinutes=30, roundTripTimeNanos=594392991, setName='staging-mongo', canonicalAddress=172.16.10.25:27000, hosts=[172.16.10.25:27000], passives=[], arbiters=[], primary='172.16.10.25:27000', tagSet=TagSet{[]}, electionId=7fffffff0000000000000005, setVersion=1, lastWriteDate=Mon May 24 12:51:51 IST 2021, lastUpdateTimeNanos=214550353879639}
[INFO] date=2021-05-24 16:39:29,263 application= host= thread=[cluster-ClusterId{value='60ab4d854dec7968dbc16d6e', description='null'}-services-mongo.infra-dev.joveo.com:27000] class=com.mongodb.diagnostics.logging.SLF4JLogger file=SLF4JLogger.java method=info line=76 - 
> Exception in monitor thread while connecting to server services-mongo.infra-dev.joveo.com:27000
com.mongodb.MongoSocketReadTimeoutException: Timeout while receiving message
	at com.mongodb.internal.connection.AsynchronousSocketChannelStream$BasicCompletionHandler.failed(AsynchronousSocketChannelStream.java:250)
	at com.mongodb.internal.connection.AsynchronousSocketChannelStream$BasicCompletionHandler.failed(AsynchronousSocketChannelStream.java:220)
	at java.base/sun.nio.ch.Invoker.invokeUnchecked(Invoker.java:129)
	at java.base/sun.nio.ch.Invoker$2.run(Invoker.java:219)
	at java.base/sun.nio.ch.AsynchronousChannelGroupImpl$1.run(AsynchronousChannelGroupImpl.java:112)
	at java.base/java.util.concurrent.ThreadPoolExecutor.runWorker(ThreadPoolExecutor.java:1128)
	at java.base/java.util.concurrent.ThreadPoolExecutor$Worker.run(ThreadPoolExecutor.java:628)
	at java.base/java.lang.Thread.run(Thread.java:829)
Caused by: java.nio.channels.InterruptedByTimeoutException: null
	at java.base/sun.nio.ch.UnixAsynchronousSocketChannelImpl$1.run(UnixAsynchronousSocketChannelImpl.java:465)
	at java.base/java.util.concurrent.Executors$RunnableAdapter.call(Executors.java:515)
	at java.base/java.util.concurrent.FutureTask.run$$$capture(FutureTask.java:264)
	at java.base/java.util.concurrent.FutureTask.run(FutureTask.java)
	at java.base/java.util.concurrent.ScheduledThreadPoolExecutor$ScheduledFutureTask.run(ScheduledThreadPoolExecutor.java:304)
	... 3 common frames omitted
[INFO] date=2021-05-24 16:39:43,538 application= host= thread=[cluster-ClusterId{value='60ab4d854dec7968dbc16d6e', description='null'}-services-mongo.infra-dev.joveo.com:27000] class=com.mongodb.diagnostics.logging.SLF4JLogger file=SLF4JLogger.java method=info line=71 - 
> Opened connection [connectionId{localValue:7, serverValue:3357509}] to services-mongo.infra-dev.joveo.com:27000
[INFO] date=2021-05-24 16:39:44,411 application= host= thread=[cluster-ClusterId{value='60ab4d854dec7968dbc16d6e', description='null'}-services-mongo.infra-dev.joveo.com:27000] class=com.mongodb.diagnostics.logging.SLF4JLogger file=SLF4JLogger.java method=info line=71 - 
> Monitor thread successfully connected to server with description ServerDescription{address=services-mongo.infra-dev.joveo.com:27000, type=REPLICA_SET_PRIMARY, state=CONNECTED, ok=true, version=ServerVersion{versionList=[4, 0, 18]}, minWireVersion=0, maxWireVersion=7, maxDocumentSize=16777216, logicalSessionTimeoutMinutes=30, roundTripTimeNanos=871127110, setName='staging-mongo', canonicalAddress=172.16.10.25:27000, hosts=[172.16.10.25:27000], passives=[], arbiters=[], primary='172.16.10.25:27000', tagSet=TagSet{[]}, electionId=7fffffff0000000000000005, setVersion=1, lastWriteDate=Mon May 24 16:39:50 IST 2021, lastUpdateTimeNanos=228222962704572}
[INFO] date=2021-05-24 17:10:15,277 application= host= thread=[cluster-ClusterId{value='60ab4d854dec7968dbc16d6e', description='null'}-services-mongo.infra-dev.joveo.com:27000] class=com.mongodb.diagnostics.logging.SLF4JLogger file=SLF4JLogger.java method=info line=71 - 
> Opened connection [connectionId{localValue:8, serverValue:3358264}] to services-mongo.infra-dev.joveo.com:27000
[INFO] date=2021-05-24 17:11:06,583 application= host= thread=[cluster-ClusterId{value='60ab4d854dec7968dbc16d6e', description='null'}-services-mongo.infra-dev.joveo.com:27000] class=com.mongodb.diagnostics.logging.SLF4JLogger file=SLF4JLogger.java method=info line=71 - 
> Opened connection [connectionId{localValue:9, serverValue:3358285}] to services-mongo.infra-dev.joveo.com:27000
[INFO] date=2021-05-24 17:13:16,476 application= host= thread=[cluster-ClusterId{value='60ab4d854dec7968dbc16d6e', description='null'}-services-mongo.infra-dev.joveo.com:27000] class=com.mongodb.diagnostics.logging.SLF4JLogger file=SLF4JLogger.java method=info line=71 - 
> Opened connection [connectionId{localValue:10, serverValue:3358326}] to services-mongo.infra-dev.joveo.com:27000
[INFO] date=2021-05-24 17:17:16,722 application= host= thread=[cluster-ClusterId{value='60ab4d854dec7968dbc16d6e', description='null'}-services-mongo.infra-dev.joveo.com:27000] class=com.mongodb.diagnostics.logging.SLF4JLogger file=SLF4JLogger.java method=info line=76 - 
> Exception in monitor thread while connecting to server services-mongo.infra-dev.joveo.com:27000
com.mongodb.MongoSocketException: services-mongo.infra-dev.joveo.com: nodename nor servname provided, or not known
	at com.mongodb.ServerAddress.getSocketAddress(ServerAddress.java:188)
	at com.mongodb.internal.connection.AsynchronousSocketChannelStream.openAsync(AsynchronousSocketChannelStream.java:86)
	at com.mongodb.internal.connection.AsynchronousSocketChannelStream.open(AsynchronousSocketChannelStream.java:67)
	at com.mongodb.internal.connection.InternalStreamConnection.open(InternalStreamConnection.java:126)
	at com.mongodb.internal.connection.DefaultServerMonitor$ServerMonitorRunnable.run(DefaultServerMonitor.java:131)
	at java.base/java.lang.Thread.run(Thread.java:829)
Caused by: java.net.UnknownHostException: services-mongo.infra-dev.joveo.com: nodename nor servname provided, or not known
	at java.base/java.net.Inet6AddressImpl.lookupAllHostAddr(Native Method)
	at java.base/java.net.InetAddress$PlatformNameService.lookupAllHostAddr(InetAddress.java:929)
	at java.base/java.net.InetAddress.getAddressesFromNameService(InetAddress.java:1515)
	at java.base/java.net.InetAddress$NameServiceAddresses.get(InetAddress.java:848)
	at java.base/java.net.InetAddress.getAllByName0(InetAddress.java:1505)
	at java.base/java.net.InetAddress.getAllByName(InetAddress.java:1364)
	at java.base/java.net.InetAddress.getAllByName(InetAddress.java:1298)
	at java.base/java.net.InetAddress.getByName(InetAddress.java:1248)
	at com.mongodb.ServerAddress.getSocketAddress(ServerAddress.java:186)
	... 5 common frames omitted
[INFO] date=2021-05-24 17:18:24,177 application= host= thread=[cluster-ClusterId{value='60ab4d854dec7968dbc16d6e', description='null'}-services-mongo.infra-dev.joveo.com:27000] class=com.mongodb.diagnostics.logging.SLF4JLogger file=SLF4JLogger.java method=info line=71 - 
> Opened connection [connectionId{localValue:12, serverValue:3358452}] to services-mongo.infra-dev.joveo.com:27000
[INFO] date=2021-05-24 17:18:25,058 application= host= thread=[cluster-ClusterId{value='60ab4d854dec7968dbc16d6e', description='null'}-services-mongo.infra-dev.joveo.com:27000] class=com.mongodb.diagnostics.logging.SLF4JLogger file=SLF4JLogger.java method=info line=71 - 
> Monitor thread successfully connected to server with description ServerDescription{address=services-mongo.infra-dev.joveo.com:27000, type=REPLICA_SET_PRIMARY, state=CONNECTED, ok=true, version=ServerVersion{versionList=[4, 0, 18]}, minWireVersion=0, maxWireVersion=7, maxDocumentSize=16777216, logicalSessionTimeoutMinutes=30, roundTripTimeNanos=880283924, setName='staging-mongo', canonicalAddress=172.16.10.25:27000, hosts=[172.16.10.25:27000], passives=[], arbiters=[], primary='172.16.10.25:27000', tagSet=TagSet{[]}, electionId=7fffffff0000000000000005, setVersion=1, lastWriteDate=Mon May 24 17:18:30 IST 2021, lastUpdateTimeNanos=230543591002682}
[INFO] date=2021-05-24 17:19:44,078 application= host= thread=[cluster-ClusterId{value='60ab4d854dec7968dbc16d6e', description='null'}-services-mongo.infra-dev.joveo.com:27000] class=com.mongodb.diagnostics.logging.SLF4JLogger file=SLF4JLogger.java method=info line=76 - 
> Exception in monitor thread while connecting to server services-mongo.infra-dev.joveo.com:27000
com.mongodb.MongoSocketException: services-mongo.infra-dev.joveo.com: nodename nor servname provided, or not known
	at com.mongodb.ServerAddress.getSocketAddress(ServerAddress.java:188)
	at com.mongodb.internal.connection.AsynchronousSocketChannelStream.openAsync(AsynchronousSocketChannelStream.java:86)
	at com.mongodb.internal.connection.AsynchronousSocketChannelStream.open(AsynchronousSocketChannelStream.java:67)
	at com.mongodb.internal.connection.InternalStreamConnection.open(InternalStreamConnection.java:126)
	at com.mongodb.internal.connection.DefaultServerMonitor$ServerMonitorRunnable.run(DefaultServerMonitor.java:131)
	at java.base/java.lang.Thread.run(Thread.java:829)
Caused by: java.net.UnknownHostException: services-mongo.infra-dev.joveo.com: nodename nor servname provided, or not known
	at java.base/java.net.Inet6AddressImpl.lookupAllHostAddr(Native Method)
	at java.base/java.net.InetAddress$PlatformNameService.lookupAllHostAddr(InetAddress.java:929)
	at java.base/java.net.InetAddress.getAddressesFromNameService(InetAddress.java:1515)
	at java.base/java.net.InetAddress$NameServiceAddresses.get(InetAddress.java:848)
	at java.base/java.net.InetAddress.getAllByName0(InetAddress.java:1505)
	at java.base/java.net.InetAddress.getAllByName(InetAddress.java:1364)
	at java.base/java.net.InetAddress.getAllByName(InetAddress.java:1298)
	at java.base/java.net.InetAddress.getByName(InetAddress.java:1248)
	at com.mongodb.ServerAddress.getSocketAddress(ServerAddress.java:186)
	... 5 common frames omitted
[INFO] date=2021-05-24 17:20:36,988 application= host= thread=[cluster-ClusterId{value='60ab4d854dec7968dbc16d6e', description='null'}-services-mongo.infra-dev.joveo.com:27000] class=com.mongodb.diagnostics.logging.SLF4JLogger file=SLF4JLogger.java method=info line=71 - 
> Opened connection [connectionId{localValue:15, serverValue:3358507}] to services-mongo.infra-dev.joveo.com:27000
[INFO] date=2021-05-24 17:20:40,595 application= host= thread=[cluster-ClusterId{value='60ab4d854dec7968dbc16d6e', description='null'}-services-mongo.infra-dev.joveo.com:27000] class=com.mongodb.diagnostics.logging.SLF4JLogger file=SLF4JLogger.java method=info line=71 - 
> Monitor thread successfully connected to server with description ServerDescription{address=services-mongo.infra-dev.joveo.com:27000, type=REPLICA_SET_PRIMARY, state=CONNECTED, ok=true, version=ServerVersion{versionList=[4, 0, 18]}, minWireVersion=0, maxWireVersion=7, maxDocumentSize=16777216, logicalSessionTimeoutMinutes=30, roundTripTimeNanos=3605901244, setName='staging-mongo', canonicalAddress=172.16.10.25:27000, hosts=[172.16.10.25:27000], passives=[], arbiters=[], primary='172.16.10.25:27000', tagSet=TagSet{[]}, electionId=7fffffff0000000000000005, setVersion=1, lastWriteDate=Mon May 24 17:20:40 IST 2021, lastUpdateTimeNanos=230679127205038}
[INFO] date=2021-05-24 17:21:47,000 application= host= thread=[cluster-ClusterId{value='60ab4d854dec7968dbc16d6e', description='null'}-services-mongo.infra-dev.joveo.com:27000] class=com.mongodb.diagnostics.logging.SLF4JLogger file=SLF4JLogger.java method=info line=71 - 
> Opened connection [connectionId{localValue:16, serverValue:3358528}] to services-mongo.infra-dev.joveo.com:27000
[INFO] date=2021-05-24 17:23:31,844 application= host= thread=[cluster-ClusterId{value='60ab4d854dec7968dbc16d6e', description='null'}-services-mongo.infra-dev.joveo.com:27000] class=com.mongodb.diagnostics.logging.SLF4JLogger file=SLF4JLogger.java method=info line=71 - 
> Opened connection [connectionId{localValue:17, serverValue:3358567}] to services-mongo.infra-dev.joveo.com:27000
[INFO] date=2021-05-24 17:41:19,565 application= host= thread=[main] class=com.mongodb.diagnostics.logging.SLF4JLogger file=SLF4JLogger.java method=info line=71 - 
> Cluster created with settings {hosts=[services-mongo.infra-dev.joveo.com:27000], mode=SINGLE, requiredClusterType=UNKNOWN, serverSelectionTimeout='30000 ms', maxWaitQueueSize=500}
[INFO] date=2021-05-24 17:41:20,483 application= host= thread=[DemoApp-system-akka.actor.default-dispatcher-7] class=com.joveo.fna_api_utilities.core.JoveoServer file=JoveoServer.scala method=$anonfun$startApp$1 line=71 - 
> application is up and running at localhost:8080
[INFO] date=2021-05-24 17:42:34,803 application= host= thread=[cluster-ClusterId{value='60ab97e797d11b6e9fef9cae', description='null'}-services-mongo.infra-dev.joveo.com:27000] class=com.mongodb.diagnostics.logging.SLF4JLogger file=SLF4JLogger.java method=info line=76 - 
> Exception in monitor thread while connecting to server services-mongo.infra-dev.joveo.com:27000
com.mongodb.MongoSocketOpenException: Exception opening socket
	at com.mongodb.internal.connection.AsynchronousSocketChannelStream$OpenCompletionHandler.failed(AsynchronousSocketChannelStream.java:272)
	at java.base/sun.nio.ch.Invoker.invokeUnchecked(Invoker.java:129)
	at java.base/sun.nio.ch.Invoker$2.run(Invoker.java:219)
	at java.base/sun.nio.ch.AsynchronousChannelGroupImpl$1.run(AsynchronousChannelGroupImpl.java:112)
	at java.base/java.util.concurrent.ThreadPoolExecutor.runWorker(ThreadPoolExecutor.java:1128)
	at java.base/java.util.concurrent.ThreadPoolExecutor$Worker.run(ThreadPoolExecutor.java:628)
	at java.base/java.lang.Thread.run(Thread.java:829)
Caused by: java.net.ConnectException: Operation timed out
	at java.base/sun.nio.ch.UnixAsynchronousSocketChannelImpl.checkConnect(Native Method)
	at java.base/sun.nio.ch.UnixAsynchronousSocketChannelImpl.finishConnect(UnixAsynchronousSocketChannelImpl.java:252)
	at java.base/sun.nio.ch.UnixAsynchronousSocketChannelImpl.finish(UnixAsynchronousSocketChannelImpl.java:198)
	at java.base/sun.nio.ch.UnixAsynchronousSocketChannelImpl.onEvent(UnixAsynchronousSocketChannelImpl.java:213)
	at java.base/sun.nio.ch.KQueuePort$EventHandlerTask.run(KQueuePort.java:312)
	... 1 common frames omitted
[INFO] date=2021-05-24 22:40:08,701 application= host= thread=[main] class=com.mongodb.diagnostics.logging.SLF4JLogger file=SLF4JLogger.java method=info line=71 - 
> Cluster created with settings {hosts=[services-mongo.infra-dev.joveo.com:27000], mode=SINGLE, requiredClusterType=UNKNOWN, serverSelectionTimeout='30000 ms', maxWaitQueueSize=500}
[INFO] date=2021-05-24 22:40:09,683 application= host= thread=[DemoApp-system-akka.actor.default-dispatcher-6] class=com.joveo.fna_api_utilities.core.JoveoServer file=JoveoServer.scala method=$anonfun$startApp$1 line=71 - 
> application is up and running at localhost:8080
[INFO] date=2021-05-24 22:41:23,952 application= host= thread=[cluster-ClusterId{value='60abddf0f4dddb704703b0fb', description='null'}-services-mongo.infra-dev.joveo.com:27000] class=com.mongodb.diagnostics.logging.SLF4JLogger file=SLF4JLogger.java method=info line=76 - 
> Exception in monitor thread while connecting to server services-mongo.infra-dev.joveo.com:27000
com.mongodb.MongoSocketOpenException: Exception opening socket
	at com.mongodb.internal.connection.AsynchronousSocketChannelStream$OpenCompletionHandler.failed(AsynchronousSocketChannelStream.java:272)
	at java.base/sun.nio.ch.Invoker.invokeUnchecked(Invoker.java:129)
	at java.base/sun.nio.ch.Invoker$2.run(Invoker.java:219)
	at java.base/sun.nio.ch.AsynchronousChannelGroupImpl$1.run(AsynchronousChannelGroupImpl.java:112)
	at java.base/java.util.concurrent.ThreadPoolExecutor.runWorker(ThreadPoolExecutor.java:1128)
	at java.base/java.util.concurrent.ThreadPoolExecutor$Worker.run(ThreadPoolExecutor.java:628)
	at java.base/java.lang.Thread.run(Thread.java:829)
Caused by: java.net.ConnectException: Operation timed out
	at java.base/sun.nio.ch.UnixAsynchronousSocketChannelImpl.checkConnect(Native Method)
	at java.base/sun.nio.ch.UnixAsynchronousSocketChannelImpl.finishConnect(UnixAsynchronousSocketChannelImpl.java:252)
	at java.base/sun.nio.ch.UnixAsynchronousSocketChannelImpl.finish(UnixAsynchronousSocketChannelImpl.java:198)
	at java.base/sun.nio.ch.UnixAsynchronousSocketChannelImpl.onEvent(UnixAsynchronousSocketChannelImpl.java:213)
	at java.base/sun.nio.ch.KQueuePort$EventHandlerTask.run(KQueuePort.java:312)
	... 1 common frames omitted
[INFO] date=2021-05-24 22:43:02,440 application= host= thread=[cluster-ClusterId{value='60abddf0f4dddb704703b0fb', description='null'}-services-mongo.infra-dev.joveo.com:27000] class=com.mongodb.diagnostics.logging.SLF4JLogger file=SLF4JLogger.java method=info line=71 - 
> Opened connection [connectionId{localValue:3, serverValue:3368211}] to services-mongo.infra-dev.joveo.com:27000
[INFO] date=2021-05-24 22:43:03,050 application= host= thread=[cluster-ClusterId{value='60abddf0f4dddb704703b0fb', description='null'}-services-mongo.infra-dev.joveo.com:27000] class=com.mongodb.diagnostics.logging.SLF4JLogger file=SLF4JLogger.java method=info line=71 - 
> Monitor thread successfully connected to server with description ServerDescription{address=services-mongo.infra-dev.joveo.com:27000, type=REPLICA_SET_PRIMARY, state=CONNECTED, ok=true, version=ServerVersion{versionList=[4, 0, 18]}, minWireVersion=0, maxWireVersion=7, maxDocumentSize=16777216, logicalSessionTimeoutMinutes=30, roundTripTimeNanos=608735073, setName='staging-mongo', canonicalAddress=172.16.10.25:27000, hosts=[172.16.10.25:27000], passives=[], arbiters=[], primary='172.16.10.25:27000', tagSet=TagSet{[]}, electionId=7fffffff0000000000000005, setVersion=1, lastWriteDate=Mon May 24 22:43:11 IST 2021, lastUpdateTimeNanos=238821455653485}
[INFO] date=2021-05-24 22:48:30,780 application= host= thread=[cluster-ClusterId{value='60abddf0f4dddb704703b0fb', description='null'}-services-mongo.infra-dev.joveo.com:27000] class=com.mongodb.diagnostics.logging.SLF4JLogger file=SLF4JLogger.java method=info line=76 - 
> Exception in monitor thread while connecting to server services-mongo.infra-dev.joveo.com:27000
com.mongodb.MongoSocketOpenException: Exception opening socket
	at com.mongodb.internal.connection.AsynchronousSocketChannelStream$OpenCompletionHandler.failed(AsynchronousSocketChannelStream.java:272)
	at java.base/sun.nio.ch.Invoker.invokeUnchecked(Invoker.java:129)
	at java.base/sun.nio.ch.UnixAsynchronousSocketChannelImpl.finishConnect(UnixAsynchronousSocketChannelImpl.java:283)
	at java.base/sun.nio.ch.UnixAsynchronousSocketChannelImpl.finish(UnixAsynchronousSocketChannelImpl.java:198)
	at java.base/sun.nio.ch.UnixAsynchronousSocketChannelImpl.onEvent(UnixAsynchronousSocketChannelImpl.java:213)
	at java.base/sun.nio.ch.KQueuePort$EventHandlerTask.run(KQueuePort.java:312)
	at java.base/sun.nio.ch.AsynchronousChannelGroupImpl$1.run(AsynchronousChannelGroupImpl.java:112)
	at java.base/java.util.concurrent.ThreadPoolExecutor.runWorker(ThreadPoolExecutor.java:1128)
	at java.base/java.util.concurrent.ThreadPoolExecutor$Worker.run(ThreadPoolExecutor.java:628)
	at java.base/java.lang.Thread.run(Thread.java:829)
Caused by: java.net.ConnectException: Operation timed out
	at java.base/sun.nio.ch.UnixAsynchronousSocketChannelImpl.checkConnect(Native Method)
	at java.base/sun.nio.ch.UnixAsynchronousSocketChannelImpl.finishConnect(UnixAsynchronousSocketChannelImpl.java:252)
	... 7 common frames omitted
[INFO] date=2021-05-25 09:52:08,136 application= host= thread=[cluster-ClusterId{value='60abddf0f4dddb704703b0fb', description='null'}-services-mongo.infra-dev.joveo.com:27000] class=com.mongodb.diagnostics.logging.SLF4JLogger file=SLF4JLogger.java method=info line=71 - 
> Opened connection [connectionId{localValue:63, serverValue:3385182}] to services-mongo.infra-dev.joveo.com:27000
[INFO] date=2021-05-25 09:52:08,720 application= host= thread=[cluster-ClusterId{value='60abddf0f4dddb704703b0fb', description='null'}-services-mongo.infra-dev.joveo.com:27000] class=com.mongodb.diagnostics.logging.SLF4JLogger file=SLF4JLogger.java method=info line=71 - 
> Monitor thread successfully connected to server with description ServerDescription{address=services-mongo.infra-dev.joveo.com:27000, type=REPLICA_SET_PRIMARY, state=CONNECTED, ok=true, version=ServerVersion{versionList=[4, 0, 18]}, minWireVersion=0, maxWireVersion=7, maxDocumentSize=16777216, logicalSessionTimeoutMinutes=30, roundTripTimeNanos=569216833, setName='staging-mongo', canonicalAddress=172.16.10.25:27000, hosts=[172.16.10.25:27000], passives=[], arbiters=[], primary='172.16.10.25:27000', tagSet=TagSet{[]}, electionId=7fffffff0000000000000005, setVersion=1, lastWriteDate=Tue May 25 09:52:12 IST 2021, lastUpdateTimeNanos=243915370103146}
[INFO] date=2021-05-25 09:56:14,471 application= host= thread=[main] class=com.mongodb.diagnostics.logging.SLF4JLogger file=SLF4JLogger.java method=info line=71 - 
> Cluster created with settings {hosts=[services-mongo.infra-dev.joveo.com:27000], mode=SINGLE, requiredClusterType=UNKNOWN, serverSelectionTimeout='30000 ms', maxWaitQueueSize=500}
[INFO] date=2021-05-25 09:56:15,601 application= host= thread=[DemoApp-system-akka.actor.default-dispatcher-8] class=com.joveo.fna_api_utilities.core.JoveoServer file=JoveoServer.scala method=$anonfun$startApp$1 line=71 - 
> application is up and running at localhost:8080
[INFO] date=2021-05-25 09:56:17,400 application= host= thread=[cluster-ClusterId{value='60ac7c66e3d41976c94a1c90', description='null'}-services-mongo.infra-dev.joveo.com:27000] class=com.mongodb.diagnostics.logging.SLF4JLogger file=SLF4JLogger.java method=info line=71 - 
> Opened connection [connectionId{localValue:1, serverValue:3385322}] to services-mongo.infra-dev.joveo.com:27000
[INFO] date=2021-05-25 09:56:17,990 application= host= thread=[cluster-ClusterId{value='60ac7c66e3d41976c94a1c90', description='null'}-services-mongo.infra-dev.joveo.com:27000] class=com.mongodb.diagnostics.logging.SLF4JLogger file=SLF4JLogger.java method=info line=71 - 
> Monitor thread successfully connected to server with description ServerDescription{address=services-mongo.infra-dev.joveo.com:27000, type=REPLICA_SET_PRIMARY, state=CONNECTED, ok=true, version=ServerVersion{versionList=[4, 0, 18]}, minWireVersion=0, maxWireVersion=7, maxDocumentSize=16777216, logicalSessionTimeoutMinutes=30, roundTripTimeNanos=586484325, setName='staging-mongo', canonicalAddress=172.16.10.25:27000, hosts=[172.16.10.25:27000], passives=[], arbiters=[], primary='172.16.10.25:27000', tagSet=TagSet{[]}, electionId=7fffffff0000000000000005, setVersion=1, lastWriteDate=Tue May 25 09:56:22 IST 2021, lastUpdateTimeNanos=244164647484060}
[ERROR] date=2021-05-25 09:58:04,804 application= host= thread=[DemoApp-system-akka.actor.default-dispatcher-7] class=com.joveo.fna_api_utilities.core.JoveoLogging file=JoveoLogging.scala method=logRequest line=97 - 
> elapsedTime=109483 path=/api/v1/permission method=GET statusCode=400 requestBody= responseBody={"errorCode":"invalid_request","message":"Invalid value for: query parameter permissionName","errorType":"invalid_request_error"}
[INFO] date=2021-05-25 09:58:55,104 application= host= thread=[main] class=com.mongodb.diagnostics.logging.SLF4JLogger file=SLF4JLogger.java method=info line=71 - 
> Cluster created with settings {hosts=[services-mongo.infra-dev.joveo.com:27000], mode=SINGLE, requiredClusterType=UNKNOWN, serverSelectionTimeout='30000 ms', maxWaitQueueSize=500}
[INFO] date=2021-05-25 09:58:56,211 application= host= thread=[DemoApp-system-akka.actor.default-dispatcher-5] class=com.joveo.fna_api_utilities.core.JoveoServer file=JoveoServer.scala method=$anonfun$startApp$1 line=71 - 
> application is up and running at localhost:8080
[INFO] date=2021-05-25 09:58:58,079 application= host= thread=[cluster-ClusterId{value='60ac7d07e3d41976d9672c17', description='null'}-services-mongo.infra-dev.joveo.com:27000] class=com.mongodb.diagnostics.logging.SLF4JLogger file=SLF4JLogger.java method=info line=71 - 
> Opened connection [connectionId{localValue:1, serverValue:3385396}] to services-mongo.infra-dev.joveo.com:27000
[INFO] date=2021-05-25 09:58:58,635 application= host= thread=[cluster-ClusterId{value='60ac7d07e3d41976d9672c17', description='null'}-services-mongo.infra-dev.joveo.com:27000] class=com.mongodb.diagnostics.logging.SLF4JLogger file=SLF4JLogger.java method=info line=71 - 
> Monitor thread successfully connected to server with description ServerDescription{address=services-mongo.infra-dev.joveo.com:27000, type=REPLICA_SET_PRIMARY, state=CONNECTED, ok=true, version=ServerVersion{versionList=[4, 0, 18]}, minWireVersion=0, maxWireVersion=7, maxDocumentSize=16777216, logicalSessionTimeoutMinutes=30, roundTripTimeNanos=545779169, setName='staging-mongo', canonicalAddress=172.16.10.25:27000, hosts=[172.16.10.25:27000], passives=[], arbiters=[], primary='172.16.10.25:27000', tagSet=TagSet{[]}, electionId=7fffffff0000000000000005, setVersion=1, lastWriteDate=Tue May 25 09:59:02 IST 2021, lastUpdateTimeNanos=244325289462078}
[ERROR] date=2021-05-25 09:59:10,285 application= host= thread=[DemoApp-system-akka.actor.default-dispatcher-5] class=com.joveo.fna_api_utilities.core.JoveoLogging file=JoveoLogging.scala method=logRequest line=97 - 
> elapsedTime=14336 path=/api/v1/permission method=GET statusCode=400 requestBody= responseBody={"errorCode":"invalid_request","message":"Invalid value for: query parameter permissionName","errorType":"invalid_request_error"}
[INFO] date=2021-05-25 09:59:47,022 application= host= thread=[Thread-4] class=com.mongodb.diagnostics.logging.SLF4JLogger file=SLF4JLogger.java method=info line=71 - 
> Opened connection [connectionId{localValue:2, serverValue:3385417}] to services-mongo.infra-dev.joveo.com:27000
[INFO] date=2021-05-25 09:59:47,630 application= host= thread=[DemoApp-system-akka.actor.default-dispatcher-4] class=com.joveo.fna_api_utilities.core.JoveoLogging file=JoveoLogging.scala method=logRequest line=99 - 
> elapsedTime=51683 path=/api/v1/permission method=GET statusCode=200
[ERROR] date=2021-05-25 10:09:45,996 application= host= thread=[DemoApp-system-akka.actor.default-dispatcher-17] class=com.joveo.fna_api_utilities.core.JoveoLogging file=JoveoLogging.scala method=logRequest line=97 - 
> elapsedTime=650049 path=/api/v1/permission method=POST statusCode=400 requestBody={
    "permissionName" : "dummy permission",
    "description" : "dummy permission ",
    "isAllowed" : true 
} responseBody={"errorCode":"invalid_request","message":"Invalid value for: body (No usable value for permissionId\nDid not find value which can be converted into java.lang.String)","errorType":"invalid_request_error"}
[ERROR] date=2021-05-25 10:10:06,708 application= host= thread=[DemoApp-system-akka.actor.default-dispatcher-17] class=com.joveo.fna_api_utilities.core.JoveoLogging file=JoveoLogging.scala method=logRequest line=97 - 
> elapsedTime=670761 path=/api/v1/permission method=POST statusCode=400 requestBody={
    "permissionName" : "dummy permission",
    "description" : "dummy permission ",
    "createdBy" : "Kush Singh",
    "isAllowed" : true 
} responseBody={"errorCode":"invalid_request","message":"Invalid value for: body (No usable value for permissionId\nDid not find value which can be converted into java.lang.String)","errorType":"invalid_request_error"}
[INFO] date=2021-05-25 10:11:25,782 application= host= thread=[DemoApp-system-akka.actor.default-dispatcher-21] class=kamon.util.logger.LazyLogger file=LazyLogger.scala method=info line=35 - 
> Inserted into DB
[INFO] date=2021-05-25 10:11:30,937 application= host= thread=[Thread-2] class=com.mongodb.diagnostics.logging.SLF4JLogger file=SLF4JLogger.java method=info line=71 - 
> Opened connection [connectionId{localValue:3, serverValue:3385840}] to services-mongo.infra-dev.joveo.com:27000
[INFO] date=2021-05-25 10:11:31,525 application= host= thread=[DemoApp-system-akka.actor.default-dispatcher-19] class=com.joveo.fna_api_utilities.core.JoveoLogging file=JoveoLogging.scala method=logRequest line=99 - 
> elapsedTime=755578 path=/api/v1/permission method=POST statusCode=200
[INFO] date=2021-05-25 10:15:21,059 application= host= thread=[DemoApp-system-akka.actor.default-dispatcher-17] class=kamon.util.logger.LazyLogger file=LazyLogger.scala method=info line=35 - 
> Inserted into DB
[INFO] date=2021-05-25 10:15:21,608 application= host= thread=[DemoApp-system-akka.actor.default-dispatcher-17] class=com.joveo.fna_api_utilities.core.JoveoLogging file=JoveoLogging.scala method=logRequest line=99 - 
> elapsedTime=985661 path=/api/v1/permission method=POST statusCode=200
[INFO] date=2021-05-25 10:21:22,673 application= host= thread=[main] class=com.mongodb.diagnostics.logging.SLF4JLogger file=SLF4JLogger.java method=info line=71 - 
> Cluster created with settings {hosts=[mongodb:27017], mode=SINGLE, requiredClusterType=UNKNOWN, serverSelectionTimeout='30000 ms', maxWaitQueueSize=500}
[INFO] date=2021-05-25 10:21:23,800 application= host= thread=[DemoApp-system-akka.actor.default-dispatcher-6] class=com.joveo.fna_api_utilities.core.JoveoServer file=JoveoServer.scala method=$anonfun$startApp$1 line=71 - 
> application is up and running at localhost:8080
[INFO] date=2021-05-25 10:22:38,105 application= host= thread=[cluster-ClusterId{value='60ac824ae3d41977310f1510', description='null'}-mongodb:27017] class=com.mongodb.diagnostics.logging.SLF4JLogger file=SLF4JLogger.java method=info line=76 - 
> Exception in monitor thread while connecting to server mongodb:27017
com.mongodb.MongoSocketOpenException: Exception opening socket
	at com.mongodb.internal.connection.AsynchronousSocketChannelStream$OpenCompletionHandler.failed(AsynchronousSocketChannelStream.java:272)
	at java.base/sun.nio.ch.Invoker.invokeUnchecked(Invoker.java:129)
	at java.base/sun.nio.ch.Invoker$2.run(Invoker.java:219)
	at java.base/sun.nio.ch.AsynchronousChannelGroupImpl$1.run(AsynchronousChannelGroupImpl.java:112)
	at java.base/java.util.concurrent.ThreadPoolExecutor.runWorker(ThreadPoolExecutor.java:1128)
	at java.base/java.util.concurrent.ThreadPoolExecutor$Worker.run(ThreadPoolExecutor.java:628)
	at java.base/java.lang.Thread.run(Thread.java:829)
Caused by: java.net.ConnectException: Operation timed out
	at java.base/sun.nio.ch.UnixAsynchronousSocketChannelImpl.checkConnect(Native Method)
	at java.base/sun.nio.ch.UnixAsynchronousSocketChannelImpl.finishConnect(UnixAsynchronousSocketChannelImpl.java:252)
	at java.base/sun.nio.ch.UnixAsynchronousSocketChannelImpl.finish(UnixAsynchronousSocketChannelImpl.java:198)
	at java.base/sun.nio.ch.UnixAsynchronousSocketChannelImpl.onEvent(UnixAsynchronousSocketChannelImpl.java:213)
	at java.base/sun.nio.ch.KQueuePort$EventHandlerTask.run(KQueuePort.java:312)
	... 1 common frames omitted
[INFO] date=2021-05-25 11:05:08,736 application= host= thread=[main] class=com.mongodb.diagnostics.logging.SLF4JLogger file=SLF4JLogger.java method=info line=71 - 
> Cluster created with settings {hosts=[mongodb:27017], mode=SINGLE, requiredClusterType=UNKNOWN, serverSelectionTimeout='30000 ms', maxWaitQueueSize=500}
[INFO] date=2021-05-25 11:05:09,867 application= host= thread=[DemoApp-system-akka.actor.default-dispatcher-5] class=com.joveo.fna_api_utilities.core.JoveoServer file=JoveoServer.scala method=$anonfun$startApp$1 line=71 - 
> application is up and running at localhost:8080
[INFO] date=2021-05-25 11:06:24,249 application= host= thread=[cluster-ClusterId{value='60ac8c8ce3d41977b0e26fb2', description='null'}-mongodb:27017] class=com.mongodb.diagnostics.logging.SLF4JLogger file=SLF4JLogger.java method=info line=76 - 
> Exception in monitor thread while connecting to server mongodb:27017
com.mongodb.MongoSocketOpenException: Exception opening socket
	at com.mongodb.internal.connection.AsynchronousSocketChannelStream$OpenCompletionHandler.failed(AsynchronousSocketChannelStream.java:272)
	at java.base/sun.nio.ch.Invoker.invokeUnchecked(Invoker.java:129)
	at java.base/sun.nio.ch.Invoker$2.run(Invoker.java:219)
	at java.base/sun.nio.ch.AsynchronousChannelGroupImpl$1.run(AsynchronousChannelGroupImpl.java:112)
	at java.base/java.util.concurrent.ThreadPoolExecutor.runWorker(ThreadPoolExecutor.java:1128)
	at java.base/java.util.concurrent.ThreadPoolExecutor$Worker.run(ThreadPoolExecutor.java:628)
	at java.base/java.lang.Thread.run(Thread.java:829)
Caused by: java.net.ConnectException: Operation timed out
	at java.base/sun.nio.ch.UnixAsynchronousSocketChannelImpl.checkConnect(Native Method)
	at java.base/sun.nio.ch.UnixAsynchronousSocketChannelImpl.finishConnect(UnixAsynchronousSocketChannelImpl.java:252)
	at java.base/sun.nio.ch.UnixAsynchronousSocketChannelImpl.finish(UnixAsynchronousSocketChannelImpl.java:198)
	at java.base/sun.nio.ch.UnixAsynchronousSocketChannelImpl.onEvent(UnixAsynchronousSocketChannelImpl.java:213)
	at java.base/sun.nio.ch.KQueuePort$EventHandlerTask.run(KQueuePort.java:312)
	... 1 common frames omitted
[INFO] date=2021-05-25 11:17:53,576 application= host= thread=[main] class=com.mongodb.diagnostics.logging.SLF4JLogger file=SLF4JLogger.java method=info line=71 - 
> Cluster created with settings {hosts=[localhost:27017], mode=SINGLE, requiredClusterType=UNKNOWN, serverSelectionTimeout='30000 ms', maxWaitQueueSize=500}
[INFO] date=2021-05-25 11:17:53,692 application= host= thread=[cluster-ClusterId{value='60ac8f89e3d41977d243a007', description='null'}-localhost:27017] class=com.mongodb.diagnostics.logging.SLF4JLogger file=SLF4JLogger.java method=info line=71 - 
> Opened connection [connectionId{localValue:1, serverValue:7}] to localhost:27017
[INFO] date=2021-05-25 11:17:53,698 application= host= thread=[cluster-ClusterId{value='60ac8f89e3d41977d243a007', description='null'}-localhost:27017] class=com.mongodb.diagnostics.logging.SLF4JLogger file=SLF4JLogger.java method=info line=71 - 
> Monitor thread successfully connected to server with description ServerDescription{address=localhost:27017, type=STANDALONE, state=CONNECTED, ok=true, version=ServerVersion{versionList=[4, 4, 3]}, minWireVersion=0, maxWireVersion=9, maxDocumentSize=16777216, logicalSessionTimeoutMinutes=30, roundTripTimeNanos=2982816}
[INFO] date=2021-05-25 11:17:54,780 application= host= thread=[DemoApp-system-akka.actor.default-dispatcher-4] class=com.joveo.fna_api_utilities.core.JoveoServer file=JoveoServer.scala method=$anonfun$startApp$1 line=71 - 
> application is up and running at localhost:8080
[INFO] date=2021-05-25 11:18:17,012 application= host= thread=[DemoApp-system-akka.actor.default-dispatcher-4] class=kamon.util.logger.LazyLogger file=LazyLogger.scala method=info line=35 - 
> Inserted into DB
[INFO] date=2021-05-25 11:18:21,429 application= host= thread=[Thread-8] class=com.mongodb.diagnostics.logging.SLF4JLogger file=SLF4JLogger.java method=info line=71 - 
> Opened connection [connectionId{localValue:2, serverValue:8}] to localhost:27017
[INFO] date=2021-05-25 11:18:21,438 application= host= thread=[Thread-12] class=com.mongodb.diagnostics.logging.SLF4JLogger file=SLF4JLogger.java method=info line=71 - 
> Opened connection [connectionId{localValue:3, serverValue:9}] to localhost:27017
[INFO] date=2021-05-25 11:18:22,110 application= host= thread=[DemoApp-system-akka.actor.default-dispatcher-4] class=com.joveo.fna_api_utilities.core.JoveoLogging file=JoveoLogging.scala method=logRequest line=99 - 
> elapsedTime=27611 path=/api/v1/permission method=POST statusCode=200
[INFO] date=2021-05-25 11:59:33,574 application= host= thread=[DemoApp-system-akka.actor.default-dispatcher-18] class=kamon.util.logger.LazyLogger file=LazyLogger.scala method=info line=35 - 
> Inserted into DB
[ERROR] date=2021-05-25 11:59:54,654 application= host= thread=[DemoApp-system-akka.actor.default-dispatcher-4] class=com.joveo.fna_api_utilities.core.JoveoLogging file=JoveoLogging.scala method=logRequest line=97 - 
> elapsedTime=2520156 path=/api/v1/permission method=POST statusCode=503 requestBody={
    "permissionId" : "",
    "permissionName" : "dummy permission",
    "description" : "dummy permission ",
    "createdBy" : "Kush Singh",
    "isAllowed" : true 
} responseBody={"errorCode":"timed_out","message":"The request took too long to process","errorType":"timeout_error"}
[INFO] date=2021-05-25 11:59:54,658 application= host= thread=[DemoApp-system-akka.actor.default-dispatcher-18] class=com.joveo.fna_api_utilities.core.JoveoLogging file=JoveoLogging.scala method=logRequest line=99 - 
> elapsedTime=2520160 path=/api/v1/permission method=POST statusCode=200
[INFO] date=2021-05-25 12:00:09,772 application= host= thread=[main] class=com.mongodb.diagnostics.logging.SLF4JLogger file=SLF4JLogger.java method=info line=71 - 
> Cluster created with settings {hosts=[localhost:27017], mode=SINGLE, requiredClusterType=UNKNOWN, serverSelectionTimeout='30000 ms', maxWaitQueueSize=500}
[INFO] date=2021-05-25 12:00:09,882 application= host= thread=[cluster-ClusterId{value='60ac9971e3d419782c2caf7b', description='null'}-localhost:27017] class=com.mongodb.diagnostics.logging.SLF4JLogger file=SLF4JLogger.java method=info line=71 - 
> Opened connection [connectionId{localValue:1, serverValue:12}] to localhost:27017
[INFO] date=2021-05-25 12:00:09,888 application= host= thread=[cluster-ClusterId{value='60ac9971e3d419782c2caf7b', description='null'}-localhost:27017] class=com.mongodb.diagnostics.logging.SLF4JLogger file=SLF4JLogger.java method=info line=71 - 
> Monitor thread successfully connected to server with description ServerDescription{address=localhost:27017, type=STANDALONE, state=CONNECTED, ok=true, version=ServerVersion{versionList=[4, 4, 3]}, minWireVersion=0, maxWireVersion=9, maxDocumentSize=16777216, logicalSessionTimeoutMinutes=30, roundTripTimeNanos=2983823}
[INFO] date=2021-05-25 12:00:10,852 application= host= thread=[DemoApp-system-akka.actor.default-dispatcher-7] class=com.joveo.fna_api_utilities.core.JoveoServer file=JoveoServer.scala method=$anonfun$startApp$1 line=71 - 
> application is up and running at localhost:8080
[INFO] date=2021-05-25 12:00:32,473 application= host= thread=[DemoApp-system-akka.actor.default-dispatcher-7] class=kamon.util.logger.LazyLogger file=LazyLogger.scala method=info line=35 - 
> Inserted into DB
[ERROR] date=2021-05-25 12:08:37,849 application= host= thread=[DemoApp-system-akka.actor.default-dispatcher-6] class=com.joveo.fna_api_utilities.core.JoveoLogging file=JoveoLogging.scala method=logRequest line=97 - 
> elapsedTime=507267 path=/api/v1/permission method=POST statusCode=503 requestBody={
    "permissionId" : "",
    "permissionName" : "dummy permission",
    "description" : "dummy permission ",
    "createdBy" : "Kush Singh",
    "isAllowed" : true 
} responseBody={"errorCode":"timed_out","message":"The request took too long to process","errorType":"timeout_error"}
[INFO] date=2021-05-25 12:09:02,855 application= host= thread=[Thread-10] class=com.mongodb.diagnostics.logging.SLF4JLogger file=SLF4JLogger.java method=info line=71 - 
> Opened connection [connectionId{localValue:2, serverValue:13}] to localhost:27017
[INFO] date=2021-05-25 12:09:02,859 application= host= thread=[Thread-9] class=com.mongodb.diagnostics.logging.SLF4JLogger file=SLF4JLogger.java method=info line=71 - 
> Opened connection [connectionId{localValue:3, serverValue:14}] to localhost:27017
[INFO] date=2021-05-25 12:09:07,587 application= host= thread=[DemoApp-system-akka.actor.default-dispatcher-7] class=com.joveo.fna_api_utilities.core.JoveoLogging file=JoveoLogging.scala method=logRequest line=99 - 
> elapsedTime=537007 path=/api/v1/permission method=POST statusCode=200
[INFO] date=2021-05-25 12:59:10,904 application= host= thread=[main] class=com.mongodb.diagnostics.logging.SLF4JLogger file=SLF4JLogger.java method=info line=71 - 
> Cluster created with settings {hosts=[localhost:27017], mode=SINGLE, requiredClusterType=UNKNOWN, serverSelectionTimeout='30000 ms', maxWaitQueueSize=500}
[INFO] date=2021-05-25 12:59:11,036 application= host= thread=[cluster-ClusterId{value='60aca746e3d4197891d65de5', description='null'}-localhost:27017] class=com.mongodb.diagnostics.logging.SLF4JLogger file=SLF4JLogger.java method=info line=71 - 
> Opened connection [connectionId{localValue:1, serverValue:15}] to localhost:27017
[INFO] date=2021-05-25 12:59:11,041 application= host= thread=[cluster-ClusterId{value='60aca746e3d4197891d65de5', description='null'}-localhost:27017] class=com.mongodb.diagnostics.logging.SLF4JLogger file=SLF4JLogger.java method=info line=71 - 
> Monitor thread successfully connected to server with description ServerDescription{address=localhost:27017, type=STANDALONE, state=CONNECTED, ok=true, version=ServerVersion{versionList=[4, 4, 3]}, minWireVersion=0, maxWireVersion=9, maxDocumentSize=16777216, logicalSessionTimeoutMinutes=30, roundTripTimeNanos=2502554}
[INFO] date=2021-05-25 12:59:12,094 application= host= thread=[DemoApp-system-akka.actor.default-dispatcher-6] class=com.joveo.fna_api_utilities.core.JoveoServer file=JoveoServer.scala method=$anonfun$startApp$1 line=71 - 
> application is up and running at localhost:8080
[INFO] date=2021-05-25 13:11:08,541 application= host= thread=[DemoApp-system-akka.actor.default-dispatcher-7] class=kamon.util.logger.LazyLogger file=LazyLogger.scala method=info line=35 - 
> Inserted into DB
[INFO] date=2021-05-25 13:11:11,693 application= host= thread=[Thread-8] class=com.mongodb.diagnostics.logging.SLF4JLogger file=SLF4JLogger.java method=info line=71 - 
> Opened connection [connectionId{localValue:2, serverValue:16}] to localhost:27017
[ERROR] date=2021-05-25 13:11:12,649 application= host= thread=[DemoApp-system-akka.actor.default-dispatcher-7] class=com.joveo.fna_api_utilities.core.JoveoLogging file=JoveoLogging.scala method=logRequest line=97 - 
> elapsedTime=720815 path=/api/v1/permission method=POST statusCode=400 requestBody={
    "permissionId" : "",
    "permissionName" : "dummy permission",
    "description" : "dummy permission ",
    "createdBy" : "Kush Singh",
    "isAllowed" : true 
} responseBody={"errorCode":"","message":"","errorType":""}
[INFO] date=2021-05-25 13:20:09,058 application= host= thread=[main] class=com.mongodb.diagnostics.logging.SLF4JLogger file=SLF4JLogger.java method=info line=71 - 
> Cluster created with settings {hosts=[localhost:27017], mode=SINGLE, requiredClusterType=UNKNOWN, serverSelectionTimeout='30000 ms', maxWaitQueueSize=500}
[INFO] date=2021-05-25 13:20:09,162 application= host= thread=[cluster-ClusterId{value='60acac31e3d41978da0b2645', description='null'}-localhost:27017] class=com.mongodb.diagnostics.logging.SLF4JLogger file=SLF4JLogger.java method=info line=71 - 
> Opened connection [connectionId{localValue:1, serverValue:17}] to localhost:27017
[INFO] date=2021-05-25 13:20:09,167 application= host= thread=[cluster-ClusterId{value='60acac31e3d41978da0b2645', description='null'}-localhost:27017] class=com.mongodb.diagnostics.logging.SLF4JLogger file=SLF4JLogger.java method=info line=71 - 
> Monitor thread successfully connected to server with description ServerDescription{address=localhost:27017, type=STANDALONE, state=CONNECTED, ok=true, version=ServerVersion{versionList=[4, 4, 3]}, minWireVersion=0, maxWireVersion=9, maxDocumentSize=16777216, logicalSessionTimeoutMinutes=30, roundTripTimeNanos=2479958}
[INFO] date=2021-05-25 13:20:10,168 application= host= thread=[DemoApp-system-akka.actor.default-dispatcher-5] class=com.joveo.fna_api_utilities.core.JoveoServer file=JoveoServer.scala method=$anonfun$startApp$1 line=71 - 
> application is up and running at localhost:8080
[INFO] date=2021-05-25 13:21:28,118 application= host= thread=[DemoApp-system-akka.actor.default-dispatcher-6] class=kamon.util.logger.LazyLogger file=LazyLogger.scala method=info line=35 - 
> Inserted into DB
[INFO] date=2021-05-25 13:21:33,309 application= host= thread=[Thread-12] class=com.mongodb.diagnostics.logging.SLF4JLogger file=SLF4JLogger.java method=info line=71 - 
> Opened connection [connectionId{localValue:2, serverValue:20}] to localhost:27017
[INFO] date=2021-05-25 13:21:33,369 application= host= thread=[DemoApp-system-akka.actor.default-dispatcher-6] class=com.joveo.fna_api_utilities.core.JoveoLogging file=JoveoLogging.scala method=logRequest line=99 - 
> elapsedTime=83439 path=/api/v1/permission method=POST statusCode=200
[INFO] date=2021-05-25 13:46:08,613 application= host= thread=[ScalaTest-run] class=com.mongodb.diagnostics.logging.SLF4JLogger file=SLF4JLogger.java method=info line=71 - 
> Cluster created with settings {hosts=[localhost:27017], mode=SINGLE, requiredClusterType=UNKNOWN, serverSelectionTimeout='30000 ms', maxWaitQueueSize=500}
[INFO] date=2021-05-25 13:46:08,720 application= host= thread=[cluster-ClusterId{value='60acb248e3d41979332b0b3d', description='null'}-localhost:27017] class=com.mongodb.diagnostics.logging.SLF4JLogger file=SLF4JLogger.java method=info line=71 - 
> Opened connection [connectionId{localValue:1, serverValue:21}] to localhost:27017
[INFO] date=2021-05-25 13:46:08,724 application= host= thread=[cluster-ClusterId{value='60acb248e3d41979332b0b3d', description='null'}-localhost:27017] class=com.mongodb.diagnostics.logging.SLF4JLogger file=SLF4JLogger.java method=info line=71 - 
> Monitor thread successfully connected to server with description ServerDescription{address=localhost:27017, type=STANDALONE, state=CONNECTED, ok=true, version=ServerVersion{versionList=[4, 4, 3]}, minWireVersion=0, maxWireVersion=9, maxDocumentSize=16777216, logicalSessionTimeoutMinutes=30, roundTripTimeNanos=2298795}
[ERROR] date=2021-05-25 14:19:09,959 application= host= thread=[DemoApp-system-akka.actor.default-dispatcher-18] class=com.joveo.fna_api_utilities.core.JoveoLogging file=JoveoLogging.scala method=logRequest line=97 - 
> elapsedTime=3540031 path=/api/v1/permission method=GET statusCode=401 requestBody={
    "permissionId" : "",
    "permissionName" : "dummy permission",
    "description" : "dummy permission ",
    "createdBy" : "",
    "isAllowed" : true 
} responseBody={"errorCode":"401","message":"permission doesn't exists","errorType":""}
[INFO] date=2021-05-25 15:38:34,129 application= host= thread=[main] class=com.mongodb.diagnostics.logging.SLF4JLogger file=SLF4JLogger.java method=info line=71 - 
> Cluster created with settings {hosts=[localhost:27017], mode=SINGLE, requiredClusterType=UNKNOWN, serverSelectionTimeout='30000 ms', maxWaitQueueSize=500}
[INFO] date=2021-05-25 15:38:34,244 application= host= thread=[cluster-ClusterId{value='60accca2e3d4197b5ee3faa5', description='null'}-localhost:27017] class=com.mongodb.diagnostics.logging.SLF4JLogger file=SLF4JLogger.java method=info line=71 - 
> Opened connection [connectionId{localValue:1, serverValue:22}] to localhost:27017
[INFO] date=2021-05-25 15:38:34,250 application= host= thread=[cluster-ClusterId{value='60accca2e3d4197b5ee3faa5', description='null'}-localhost:27017] class=com.mongodb.diagnostics.logging.SLF4JLogger file=SLF4JLogger.java method=info line=71 - 
> Monitor thread successfully connected to server with description ServerDescription{address=localhost:27017, type=STANDALONE, state=CONNECTED, ok=true, version=ServerVersion{versionList=[4, 4, 3]}, minWireVersion=0, maxWireVersion=9, maxDocumentSize=16777216, logicalSessionTimeoutMinutes=30, roundTripTimeNanos=2911681}
[INFO] date=2021-05-25 15:38:35,167 application= host= thread=[DemoApp-system-akka.actor.default-dispatcher-7] class=com.joveo.fna_api_utilities.core.JoveoServer file=JoveoServer.scala method=$anonfun$startApp$1 line=71 - 
> application is up and running at localhost:8080
[ERROR] date=2021-05-25 15:40:19,138 application= host= thread=[DemoApp-system-akka.actor.default-dispatcher-6] class=com.joveo.fna_api_utilities.core.JoveoLogging file=JoveoLogging.scala method=logRequest line=97 - 
> elapsedTime=104203 path=/api/v1/permission method=POST statusCode=404 requestBody={
    "permissionId" : "",
    "permissionName" : "dummy permission",
    "description" : "dummy permission ",
    "createdBy" : "",
    "isAllowed" : true 
} responseBody={"errorCode":"invalid_endpoint","message":"The requested resource could not be found","errorType":"resource_unavailable_error"}
[INFO] date=2021-05-25 15:41:05,908 application= host= thread=[main] class=com.mongodb.diagnostics.logging.SLF4JLogger file=SLF4JLogger.java method=info line=71 - 
> Cluster created with settings {hosts=[localhost:27017], mode=SINGLE, requiredClusterType=UNKNOWN, serverSelectionTimeout='30000 ms', maxWaitQueueSize=500}
[INFO] date=2021-05-25 15:41:06,017 application= host= thread=[cluster-ClusterId{value='60accd39e3d4197b978acbd2', description='null'}-localhost:27017] class=com.mongodb.diagnostics.logging.SLF4JLogger file=SLF4JLogger.java method=info line=71 - 
> Opened connection [connectionId{localValue:1, serverValue:23}] to localhost:27017
[INFO] date=2021-05-25 15:41:06,022 application= host= thread=[cluster-ClusterId{value='60accd39e3d4197b978acbd2', description='null'}-localhost:27017] class=com.mongodb.diagnostics.logging.SLF4JLogger file=SLF4JLogger.java method=info line=71 - 
> Monitor thread successfully connected to server with description ServerDescription{address=localhost:27017, type=STANDALONE, state=CONNECTED, ok=true, version=ServerVersion{versionList=[4, 4, 3]}, minWireVersion=0, maxWireVersion=9, maxDocumentSize=16777216, logicalSessionTimeoutMinutes=30, roundTripTimeNanos=2367948}
[INFO] date=2021-05-25 15:41:06,979 application= host= thread=[DemoApp-system-akka.actor.default-dispatcher-4] class=com.joveo.fna_api_utilities.core.JoveoServer file=JoveoServer.scala method=$anonfun$startApp$1 line=71 - 
> application is up and running at localhost:8080
[ERROR] date=2021-05-25 15:44:18,169 application= host= thread=[DemoApp-system-akka.actor.default-dispatcher-5] class=com.joveo.fna_api_utilities.core.JoveoLogging file=JoveoLogging.scala method=logRequest line=97 - 
> elapsedTime=191463 path=/api/v1/permission method=POST statusCode=404 requestBody={
    "permissionId" : "",
    "permissionName" : "dummy permission",
    "description" : "dummy permission ",
    "createdBy" : "",
    "isAllowed" : true 
} responseBody={"errorCode":"invalid_endpoint","message":"The requested resource could not be found","errorType":"resource_unavailable_error"}
[INFO] date=2021-05-25 15:45:31,652 application= host= thread=[main] class=com.mongodb.diagnostics.logging.SLF4JLogger file=SLF4JLogger.java method=info line=71 - 
> Cluster created with settings {hosts=[localhost:27017], mode=SINGLE, requiredClusterType=UNKNOWN, serverSelectionTimeout='30000 ms', maxWaitQueueSize=500}
[INFO] date=2021-05-25 15:45:31,755 application= host= thread=[cluster-ClusterId{value='60acce43e3d4197baf9383f6', description='null'}-localhost:27017] class=com.mongodb.diagnostics.logging.SLF4JLogger file=SLF4JLogger.java method=info line=71 - 
> Opened connection [connectionId{localValue:1, serverValue:24}] to localhost:27017
[INFO] date=2021-05-25 15:45:31,759 application= host= thread=[cluster-ClusterId{value='60acce43e3d4197baf9383f6', description='null'}-localhost:27017] class=com.mongodb.diagnostics.logging.SLF4JLogger file=SLF4JLogger.java method=info line=71 - 
> Monitor thread successfully connected to server with description ServerDescription{address=localhost:27017, type=STANDALONE, state=CONNECTED, ok=true, version=ServerVersion{versionList=[4, 4, 3]}, minWireVersion=0, maxWireVersion=9, maxDocumentSize=16777216, logicalSessionTimeoutMinutes=30, roundTripTimeNanos=2110081}
[INFO] date=2021-05-25 15:45:32,708 application= host= thread=[DemoApp-system-akka.actor.default-dispatcher-10] class=com.joveo.fna_api_utilities.core.JoveoServer file=JoveoServer.scala method=$anonfun$startApp$1 line=71 - 
> application is up and running at localhost:8080
[INFO] date=2021-05-25 15:46:11,349 application= host= thread=[DemoApp-system-akka.actor.default-dispatcher-10] class=kamon.util.logger.LazyLogger file=LazyLogger.scala method=info line=35 - 
> Inserted into DB
[INFO] date=2021-05-25 15:46:13,460 application= host= thread=[Thread-10] class=com.mongodb.diagnostics.logging.SLF4JLogger file=SLF4JLogger.java method=info line=71 - 
> Opened connection [connectionId{localValue:2, serverValue:25}] to localhost:27017
[ERROR] date=2021-05-25 15:46:14,985 application= host= thread=[DemoApp-system-akka.actor.default-dispatcher-12] class=com.joveo.fna_api_utilities.core.JoveoLogging file=JoveoLogging.scala method=logRequest line=97 - 
> elapsedTime=42516 path=/api/v1/permission method=POST statusCode=400 requestBody={
    "permissionId" : "",
    "permissionName" : "dummy permission",
    "description" : "dummy permission ",
    "createdBy" : "",
    "isAllowed" : true 
} responseBody={"errorCode":"401","message":"Permission Already Exists","errorType":"Resource Already Exists"}
[INFO] date=2021-05-25 15:47:52,255 application= host= thread=[DemoApp-system-akka.actor.default-dispatcher-19] class=com.joveo.fna_api_utilities.core.JoveoLogging file=JoveoLogging.scala method=logRequest line=99 - 
> elapsedTime=139787 path=/api/v1/permission method=GET statusCode=200
[INFO] date=2021-05-26 20:41:25,450 application= host= thread=[main] class=com.mongodb.diagnostics.logging.SLF4JLogger file=SLF4JLogger.java method=info line=71 - 
> Cluster created with settings {hosts=[localhost:27017], mode=SINGLE, requiredClusterType=UNKNOWN, serverSelectionTimeout='30000 ms', maxWaitQueueSize=500}
[INFO] date=2021-05-26 20:41:25,778 application= host= thread=[cluster-ClusterId{value='60ae651d042c9998b804af5d', description='null'}-localhost:27017] class=com.mongodb.diagnostics.logging.SLF4JLogger file=SLF4JLogger.java method=info line=71 - 
> Opened connection [connectionId{localValue:1, serverValue:28}] to localhost:27017
[INFO] date=2021-05-26 20:41:25,791 application= host= thread=[cluster-ClusterId{value='60ae651d042c9998b804af5d', description='null'}-localhost:27017] class=com.mongodb.diagnostics.logging.SLF4JLogger file=SLF4JLogger.java method=info line=71 - 
> Monitor thread successfully connected to server with description ServerDescription{address=localhost:27017, type=STANDALONE, state=CONNECTED, ok=true, version=ServerVersion{versionList=[4, 4, 3]}, minWireVersion=0, maxWireVersion=9, maxDocumentSize=16777216, logicalSessionTimeoutMinutes=30, roundTripTimeNanos=2582029}
[INFO] date=2021-05-26 20:41:26,602 application= host= thread=[DemoApp-system-akka.actor.default-dispatcher-6] class=com.joveo.fna_api_utilities.core.JoveoServer file=JoveoServer.scala method=$anonfun$startApp$1 line=71 - 
> application is up and running at localhost:8080
[INFO] date=2021-05-27 02:15:10,524 application= host= thread=[main] class=com.mongodb.diagnostics.logging.SLF4JLogger file=SLF4JLogger.java method=info line=71 - 
> Cluster created with settings {hosts=[localhost:27017], mode=SINGLE, requiredClusterType=UNKNOWN, serverSelectionTimeout='30000 ms', maxWaitQueueSize=500}
[INFO] date=2021-05-27 02:15:10,665 application= host= thread=[cluster-ClusterId{value='60aeb3566ba6fba117713451', description='null'}-localhost:27017] class=com.mongodb.diagnostics.logging.SLF4JLogger file=SLF4JLogger.java method=info line=71 - 
> Opened connection [connectionId{localValue:1, serverValue:34}] to localhost:27017
[INFO] date=2021-05-27 02:16:05,295 application= host= thread=[main] class=com.mongodb.diagnostics.logging.SLF4JLogger file=SLF4JLogger.java method=info line=71 - 
> Cluster created with settings {hosts=[localhost:27017], mode=SINGLE, requiredClusterType=UNKNOWN, serverSelectionTimeout='30000 ms', maxWaitQueueSize=500}
[INFO] date=2021-05-27 02:16:05,429 application= host= thread=[cluster-ClusterId{value='60aeb38d6ba6fba1220feca4', description='null'}-localhost:27017] class=com.mongodb.diagnostics.logging.SLF4JLogger file=SLF4JLogger.java method=info line=71 - 
> Opened connection [connectionId{localValue:1, serverValue:35}] to localhost:27017
[INFO] date=2021-05-27 02:46:20,983 application= host= thread=[main] class=com.mongodb.diagnostics.logging.SLF4JLogger file=SLF4JLogger.java method=info line=71 - 
> Cluster created with settings {hosts=[localhost:27017], mode=SINGLE, requiredClusterType=UNKNOWN, serverSelectionTimeout='30000 ms', maxWaitQueueSize=500}
[INFO] date=2021-05-27 02:46:21,111 application= host= thread=[cluster-ClusterId{value='60aebaa449285ba15d1af051', description='null'}-localhost:27017] class=com.mongodb.diagnostics.logging.SLF4JLogger file=SLF4JLogger.java method=info line=71 - 
> Opened connection [connectionId{localValue:1, serverValue:36}] to localhost:27017
[INFO] date=2021-05-27 02:47:36,542 application= host= thread=[main] class=com.mongodb.diagnostics.logging.SLF4JLogger file=SLF4JLogger.java method=info line=71 - 
> Cluster created with settings {hosts=[localhost:27017], mode=SINGLE, requiredClusterType=UNKNOWN, serverSelectionTimeout='30000 ms', maxWaitQueueSize=500}
[INFO] date=2021-05-27 02:49:41,817 application= host= thread=[cluster-ClusterId{value='60aebaf049285ba1812806f6', description='null'}-localhost:27017] class=com.mongodb.diagnostics.logging.SLF4JLogger file=SLF4JLogger.java method=info line=71 - 
> Opened connection [connectionId{localValue:1, serverValue:37}] to localhost:27017
[INFO] date=2021-05-27 02:49:41,824 application= host= thread=[cluster-ClusterId{value='60aebaf049285ba1812806f6', description='null'}-localhost:27017] class=com.mongodb.diagnostics.logging.SLF4JLogger file=SLF4JLogger.java method=info line=71 - 
> Monitor thread successfully connected to server with description ServerDescription{address=localhost:27017, type=STANDALONE, state=CONNECTED, ok=true, version=ServerVersion{versionList=[4, 4, 3]}, minWireVersion=0, maxWireVersion=9, maxDocumentSize=16777216, logicalSessionTimeoutMinutes=30, roundTripTimeNanos=3071730}
[INFO] date=2021-05-27 02:52:44,862 application= host= thread=[main] class=com.mongodb.diagnostics.logging.SLF4JLogger file=SLF4JLogger.java method=info line=71 - 
> Cluster created with settings {hosts=[localhost:27017], mode=SINGLE, requiredClusterType=UNKNOWN, serverSelectionTimeout='30000 ms', maxWaitQueueSize=500}
[INFO] date=2021-05-27 02:55:11,060 application= host= thread=[main] class=com.mongodb.diagnostics.logging.SLF4JLogger file=SLF4JLogger.java method=info line=71 - 
> Cluster created with settings {hosts=[localhost:27017], mode=SINGLE, requiredClusterType=UNKNOWN, serverSelectionTimeout='30000 ms', maxWaitQueueSize=500}
[INFO] date=2021-05-27 02:55:11,173 application= host= thread=[main] class=com.mongodb.diagnostics.logging.SLF4JLogger file=SLF4JLogger.java method=info line=71 - 
> No server chosen by com.mongodb.async.client.ClientSessionHelper$1@3fc9dfc5 from cluster description ClusterDescription{type=UNKNOWN, connectionMode=SINGLE, serverDescriptions=[ServerDescription{address=localhost:27017, type=UNKNOWN, state=CONNECTING}]}. Waiting for 30000 ms before timing out
[INFO] date=2021-05-27 02:55:11,188 application= host= thread=[cluster-ClusterId{value='60aebcb749285ba1a07af992', description='null'}-localhost:27017] class=com.mongodb.diagnostics.logging.SLF4JLogger file=SLF4JLogger.java method=info line=71 - 
> Opened connection [connectionId{localValue:1, serverValue:39}] to localhost:27017
[INFO] date=2021-05-27 02:55:11,194 application= host= thread=[cluster-ClusterId{value='60aebcb749285ba1a07af992', description='null'}-localhost:27017] class=com.mongodb.diagnostics.logging.SLF4JLogger file=SLF4JLogger.java method=info line=71 - 
> Monitor thread successfully connected to server with description ServerDescription{address=localhost:27017, type=STANDALONE, state=CONNECTED, ok=true, version=ServerVersion{versionList=[4, 4, 3]}, minWireVersion=0, maxWireVersion=9, maxDocumentSize=16777216, logicalSessionTimeoutMinutes=30, roundTripTimeNanos=2817922}
[INFO] date=2021-05-27 02:55:11,223 application= host= thread=[Thread-7] class=com.mongodb.diagnostics.logging.SLF4JLogger file=SLF4JLogger.java method=info line=71 - 
> Opened connection [connectionId{localValue:2, serverValue:40}] to localhost:27017
[INFO] date=2021-05-27 03:00:17,441 application= host= thread=[main] class=com.mongodb.diagnostics.logging.SLF4JLogger file=SLF4JLogger.java method=info line=71 - 
> Cluster created with settings {hosts=[localhost:27017], mode=SINGLE, requiredClusterType=UNKNOWN, serverSelectionTimeout='30000 ms', maxWaitQueueSize=500}
[INFO] date=2021-05-27 03:00:17,525 application= host= thread=[main] class=com.mongodb.diagnostics.logging.SLF4JLogger file=SLF4JLogger.java method=info line=71 - 
> No server chosen by com.mongodb.async.client.ClientSessionHelper$1@2c3dec30 from cluster description ClusterDescription{type=UNKNOWN, connectionMode=SINGLE, serverDescriptions=[ServerDescription{address=localhost:27017, type=UNKNOWN, state=CONNECTING}]}. Waiting for 30000 ms before timing out
[INFO] date=2021-05-27 03:00:17,548 application= host= thread=[cluster-ClusterId{value='60aebde949285ba1b3cace83', description='null'}-localhost:27017] class=com.mongodb.diagnostics.logging.SLF4JLogger file=SLF4JLogger.java method=info line=71 - 
> Opened connection [connectionId{localValue:1, serverValue:41}] to localhost:27017
[INFO] date=2021-05-27 03:00:17,554 application= host= thread=[cluster-ClusterId{value='60aebde949285ba1b3cace83', description='null'}-localhost:27017] class=com.mongodb.diagnostics.logging.SLF4JLogger file=SLF4JLogger.java method=info line=71 - 
> Monitor thread successfully connected to server with description ServerDescription{address=localhost:27017, type=STANDALONE, state=CONNECTED, ok=true, version=ServerVersion{versionList=[4, 4, 3]}, minWireVersion=0, maxWireVersion=9, maxDocumentSize=16777216, logicalSessionTimeoutMinutes=30, roundTripTimeNanos=2007948}
[INFO] date=2021-05-27 03:00:17,566 application= host= thread=[Thread-7] class=com.mongodb.diagnostics.logging.SLF4JLogger file=SLF4JLogger.java method=info line=71 - 
> Opened connection [connectionId{localValue:2, serverValue:42}] to localhost:27017
